<!doctype html public "-//w3c//dtd html 4.0 transitional//en">
<html><head>
<title>Static Call Graph - [.\Output\General_Output.axf]</title></head>
<body><HR>
<H1>Static Call Graph for image .\Output\General_Output.axf</H1><HR>
<BR><P>#&#060CALLGRAPH&#062# ARM Linker, 5060960: Last Updated: Fri Dec 29 08:44:51 2023
<BR><P>
<H3>Maximum Stack Usage =        480 bytes + Unknown(Functions without stacksize, Cycles, Untraceable Function Pointers)</H3><H3>
Call chain for Maximum Stack Depth:</H3>
RfidMng_Task &rArr; RfidSendDataProc &rArr; RfidMngSendFrame &rArr; RFID_SendData &rArr; RFTxSendPacket &rArr; SetRFChipIdle &rArr; RFID_HarewreInit &rArr; RfidConfig &rArr; RfidWriteReg &rArr; RfidSpiWrite &rArr; SpiMcuWrite &rArr; WaitGPIOReset
<P>
<H3>
Functions with no stack information
</H3><UL>
 <LI><a href="#[32c]">__user_initial_stackheap</a>
 <LI><a href="#[149]">OS_CPU_SR_Save</a>
 <LI><a href="#[14b]">OS_CPU_SR_Restore</a>
 <LI><a href="#[160]">OSStartHighRdy</a>
 <LI><a href="#[166]">OSCtxSw</a>
 <LI><a href="#[15e]">OSIntCtxSw</a>
 <LI><a href="#[b1]">PendSV_Handler</a>
</UL>
</UL>
<P>
<H3>
Mutually Recursive functions
</H3> <LI><a href="#[ea]">AES_IRQHandler</a>&nbsp;&nbsp;&nbsp;&rArr;&nbsp;&nbsp;&nbsp;<a href="#[ea]">AES_IRQHandler</a><BR>
</UL>
<P>
<H3>
Function Pointers
</H3><UL>
 <LI><a href="#[c5]">ADC1_IRQHandler</a> from adc.o(.text) referenced from startup_stm32l1xx_hd.o(RESET)
 <LI><a href="#[ea]">AES_IRQHandler</a> from startup_stm32l1xx_hd.o(.text) referenced from startup_stm32l1xx_hd.o(RESET)
 <LI><a href="#[f8]">APPMng_Task</a> from main.o(.text) referenced from main.o(.text)
 <LI><a href="#[23]">ActionInfoSynchroCodeDwlProc</a> from rfidupdate.o(.text) referenced 2 times from rfidupdate.o(.data)
 <LI><a href="#[22]">ActionInfoSynchroCodeWriteProc</a> from rfidupdate.o(.text) referenced 2 times from rfidupdate.o(.data)
 <LI><a href="#[21]">ActionInfoSynchroTransEndProc</a> from rfidupdate.o(.text) referenced 2 times from rfidupdate.o(.data)
 <LI><a href="#[25]">ActionInfoSynchroVersionDwlProc</a> from rfidupdate.o(.text) referenced 2 times from rfidupdate.o(.data)
 <LI><a href="#[24]">ActionInfoSynchroVersionWriteProc</a> from rfidupdate.o(.text) referenced 2 times from rfidupdate.o(.data)
 <LI><a href="#[f7]">BatteryMngTask</a> from battery.o(.text) referenced from main.o(.text)
 <LI><a href="#[ad]">BusFault_Handler</a> from stm32l1xx_it.o(.text) referenced from startup_stm32l1xx_hd.o(RESET)
 <LI><a href="#[eb]">COMP_ACQ_IRQHandler</a> from startup_stm32l1xx_hd.o(.text) referenced from startup_stm32l1xx_hd.o(RESET)
 <LI><a href="#[c9]">COMP_IRQHandler</a> from startup_stm32l1xx_hd.o(.text) referenced from startup_stm32l1xx_hd.o(RESET)
 <LI><a href="#[c8]">DAC_IRQHandler</a> from startup_stm32l1xx_hd.o(.text) referenced from startup_stm32l1xx_hd.o(RESET)
 <LI><a href="#[be]">DMA1_Channel1_IRQHandler</a> from startup_stm32l1xx_hd.o(.text) referenced from startup_stm32l1xx_hd.o(RESET)
 <LI><a href="#[bf]">DMA1_Channel2_IRQHandler</a> from startup_stm32l1xx_hd.o(.text) referenced from startup_stm32l1xx_hd.o(RESET)
 <LI><a href="#[c0]">DMA1_Channel3_IRQHandler</a> from startup_stm32l1xx_hd.o(.text) referenced from startup_stm32l1xx_hd.o(RESET)
 <LI><a href="#[c1]">DMA1_Channel4_IRQHandler</a> from startup_stm32l1xx_hd.o(.text) referenced from startup_stm32l1xx_hd.o(RESET)
 <LI><a href="#[c2]">DMA1_Channel5_IRQHandler</a> from startup_stm32l1xx_hd.o(.text) referenced from startup_stm32l1xx_hd.o(RESET)
 <LI><a href="#[c3]">DMA1_Channel6_IRQHandler</a> from startup_stm32l1xx_hd.o(.text) referenced from startup_stm32l1xx_hd.o(RESET)
 <LI><a href="#[c4]">DMA1_Channel7_IRQHandler</a> from startup_stm32l1xx_hd.o(.text) referenced from startup_stm32l1xx_hd.o(RESET)
 <LI><a href="#[e5]">DMA2_Channel1_IRQHandler</a> from startup_stm32l1xx_hd.o(.text) referenced from startup_stm32l1xx_hd.o(RESET)
 <LI><a href="#[e6]">DMA2_Channel2_IRQHandler</a> from startup_stm32l1xx_hd.o(.text) referenced from startup_stm32l1xx_hd.o(RESET)
 <LI><a href="#[e7]">DMA2_Channel3_IRQHandler</a> from startup_stm32l1xx_hd.o(.text) referenced from startup_stm32l1xx_hd.o(RESET)
 <LI><a href="#[e8]">DMA2_Channel4_IRQHandler</a> from startup_stm32l1xx_hd.o(.text) referenced from startup_stm32l1xx_hd.o(RESET)
 <LI><a href="#[e9]">DMA2_Channel5_IRQHandler</a> from startup_stm32l1xx_hd.o(.text) referenced from startup_stm32l1xx_hd.o(RESET)
 <LI><a href="#[b0]">DebugMon_Handler</a> from stm32l1xx_it.o(.text) referenced from startup_stm32l1xx_hd.o(RESET)
 <LI><a href="#[b9]">EXTI0_IRQHandler</a> from startup_stm32l1xx_hd.o(.text) referenced from startup_stm32l1xx_hd.o(RESET)
 <LI><a href="#[db]">EXTI15_10_IRQHandler</a> from startup_stm32l1xx_hd.o(.text) referenced from startup_stm32l1xx_hd.o(RESET)
 <LI><a href="#[ba]">EXTI1_IRQHandler</a> from startup_stm32l1xx_hd.o(.text) referenced from startup_stm32l1xx_hd.o(RESET)
 <LI><a href="#[bb]">EXTI2_IRQHandler</a> from startup_stm32l1xx_hd.o(.text) referenced from startup_stm32l1xx_hd.o(RESET)
 <LI><a href="#[bc]">EXTI3_IRQHandler</a> from startup_stm32l1xx_hd.o(.text) referenced from startup_stm32l1xx_hd.o(RESET)
 <LI><a href="#[bd]">EXTI4_IRQHandler</a> from startup_stm32l1xx_hd.o(.text) referenced from startup_stm32l1xx_hd.o(RESET)
 <LI><a href="#[ca]">EXTI9_5_IRQHandler</a> from rfid_cc1101.o(.text) referenced from startup_stm32l1xx_hd.o(RESET)
 <LI><a href="#[b7]">FLASH_IRQHandler</a> from startup_stm32l1xx_hd.o(.text) referenced from startup_stm32l1xx_hd.o(RESET)
 <LI><a href="#[ab]">HardFault_Handler</a> from stm32l1xx_it.o(.text) referenced from startup_stm32l1xx_hd.o(RESET)
 <LI><a href="#[d3]">I2C1_ER_IRQHandler</a> from startup_stm32l1xx_hd.o(.text) referenced from startup_stm32l1xx_hd.o(RESET)
 <LI><a href="#[d2]">I2C1_EV_IRQHandler</a> from startup_stm32l1xx_hd.o(.text) referenced from startup_stm32l1xx_hd.o(RESET)
 <LI><a href="#[d5]">I2C2_ER_IRQHandler</a> from startup_stm32l1xx_hd.o(.text) referenced from startup_stm32l1xx_hd.o(RESET)
 <LI><a href="#[d4]">I2C2_EV_IRQHandler</a> from startup_stm32l1xx_hd.o(.text) referenced from startup_stm32l1xx_hd.o(RESET)
 <LI><a href="#[f1]">IWDG_Task</a> from iwdg.o(.text) referenced from interface.o(.text)
 <LI><a href="#[e]">InterfaceModeActionInfoSyn</a> from interface.o(.text) referenced 2 times from interface.o(.data)
 <LI><a href="#[b]">InterfaceModeIdleProc</a> from interface.o(.text) referenced 2 times from interface.o(.data)
 <LI><a href="#[a]">InterfaceModeInchargeDisplayProc</a> from interface.o(.text) referenced 2 times from interface.o(.data)
 <LI><a href="#[c]">InterfaceModeInintProc</a> from interface.o(.text) referenced 2 times from interface.o(.data)
 <LI><a href="#[7]">InterfaceModeScGrpControlProc</a> from interface.o(.text) referenced 2 times from interface.o(.data)
 <LI><a href="#[6]">InterfaceModeScNeighborControlProc</a> from interface.o(.text) referenced 2 times from interface.o(.data)
 <LI><a href="#[5]">InterfaceModeScSelfControlProc</a> from interface.o(.text) referenced 2 times from interface.o(.data)
 <LI><a href="#[4]">InterfaceModeScSetProc</a> from interface.o(.text) referenced 2 times from interface.o(.data)
 <LI><a href="#[3]">InterfaceModeScUncertifiedProc</a> from interface.o(.text) referenced 2 times from interface.o(.data)
 <LI><a href="#[d]">InterfaceModeSelfRecvTransPrgProc</a> from interface.o(.text) referenced 6 times from interface.o(.data)
 <LI><a href="#[8]">InterfaceModeSelfSetProc</a> from interface.o(.text) referenced 2 times from interface.o(.data)
 <LI><a href="#[9]">InterfaceModeShutdownProc</a> from interface.o(.text) referenced 2 times from interface.o(.data)
 <LI><a href="#[f]">InterfaceModeWLUnConnectProc</a> from interface.o(.text) referenced 2 times from interface.o(.data)
 <LI><a href="#[f5]">Interface_task</a> from interface.o(.text) referenced from main.o(.text)
 <LI><a href="#[f3]">IrMng_Task</a> from irmng.o(.text) referenced from main.o(.text)
 <LI><a href="#[cb]">LCD_IRQHandler</a> from startup_stm32l1xx_hd.o(.text) referenced from startup_stm32l1xx_hd.o(RESET)
 <LI><a href="#[92]">LogicActionInfoSynchroReq</a> from logic.o(.text) referenced 2 times from logic.o(.data)
 <LI><a href="#[57]">LogicGETIRSendParamProc</a> from logic.o(.text) referenced 2 times from logic.o(.data)
 <LI><a href="#[91]">LogicGetActionInfoCrc</a> from logic.o(.text) referenced 2 times from logic.o(.data)
 <LI><a href="#[53]">LogicGetBatterInchargeTimerProc</a> from logic.o(.text) referenced 2 times from logic.o(.data)
 <LI><a href="#[52]">LogicGetBatterVoltageBackupProc</a> from logic.o(.text) referenced 2 times from logic.o(.data)
 <LI><a href="#[50]">LogicGetBatteryAcrBackupProc</a> from logic.o(.text) referenced 2 times from logic.o(.data)
 <LI><a href="#[51]">LogicGetBatteryColDataBackupProc</a> from logic.o(.text) referenced 2 times from logic.o(.data)
 <LI><a href="#[8c]">LogicGetBatteryCoulomDataProc</a> from logic.o(.text) referenced 2 times from logic.o(.data)
 <LI><a href="#[8b]">LogicGetBatteryCoulomStatusProc</a> from logic.o(.text) referenced 2 times from logic.o(.data)
 <LI><a href="#[8a]">LogicGetBatteryStatusProc</a> from logic.o(.text) referenced 2 times from logic.o(.data)
 <LI><a href="#[5c]">LogicGetBatteryVoltage1Proc</a> from logic.o(.text) referenced 2 times from logic.o(.data)
 <LI><a href="#[5d]">LogicGetBatteryVoltage2Proc</a> from logic.o(.text) referenced 2 times from logic.o(.data)
 <LI><a href="#[84]">LogicGetButtonDownAckProc</a> from logic.o(.text) referenced 2 times from logic.o(.data)
 <LI><a href="#[83]">LogicGetButtonDownProc</a> from logic.o(.text) referenced 2 times from logic.o(.data)
 <LI><a href="#[86]">LogicGetButtonLongDownProc</a> from logic.o(.text) referenced 2 times from logic.o(.data)
 <LI><a href="#[85]">LogicGetButtonStatusProc</a> from logic.o(.text) referenced 2 times from logic.o(.data)
 <LI><a href="#[87]">LogicGetButtonUpProc</a> from logic.o(.text) referenced 2 times from logic.o(.data)
 <LI><a href="#[7a]">LogicGetColibrateScNumbProc</a> from logic.o(.text) referenced 2 times from logic.o(.data)
 <LI><a href="#[78]">LogicGetColibrateScTypeProc</a> from logic.o(.text) referenced 2 times from logic.o(.data)
 <LI><a href="#[8f]">LogicGetColibrateSuccessScNumbProc</a> from logic.o(.text) referenced 2 times from logic.o(.data)
 <LI><a href="#[5f]">LogicGetCtrlModeProc</a> from logic.o(.text) referenced 2 times from logic.o(.data)
 <LI><a href="#[7b]">LogicGetCtrlScNumbProc</a> from logic.o(.text) referenced 2 times from logic.o(.data)
 <LI><a href="#[58]">LogicGetFastColiearateEnableProc</a> from logic.o(.text) referenced 2 times from logic.o(.data)
 <LI><a href="#[7f]">LogicGetGrpAckActionNameProc</a> from logic.o(.text) referenced 2 times from logic.o(.data)
 <LI><a href="#[7e]">LogicGetGrpDirectionProc</a> from logic.o(.text) referenced 2 times from logic.o(.data)
 <LI><a href="#[80]">LogicGetGrpNearScNumbProc</a> from logic.o(.text) referenced 2 times from logic.o(.data)
 <LI><a href="#[81]">LogicGetGrpRemoteScNumbProc</a> from logic.o(.text) referenced 2 times from logic.o(.data)
 <LI><a href="#[4b]">LogicGetInterCtrlTimerProc</a> from logic.o(.text) referenced 2 times from logic.o(.data)
 <LI><a href="#[42]">LogicGetIrSendTimeoutProc</a> from logic.o(.text) referenced 2 times from logic.o(.data)
 <LI><a href="#[43]">LogicGetIrSendTimesProc</a> from logic.o(.text) referenced 2 times from logic.o(.data)
 <LI><a href="#[4c]">LogicGetNoteShowTimerProc</a> from logic.o(.text) referenced 2 times from logic.o(.data)
 <LI><a href="#[47]">LogicGetOledProtectBrightnessProc</a> from logic.o(.text) referenced 2 times from logic.o(.data)
 <LI><a href="#[48]">LogicGetOledProtectedTimerProc</a> from logic.o(.text) referenced 2 times from logic.o(.data)
 <LI><a href="#[46]">LogicGetOledScrLightProc</a> from logic.o(.text) referenced 2 times from logic.o(.data)
 <LI><a href="#[49]">LogicGetOledShutdownTimerProc</a> from logic.o(.text) referenced 2 times from logic.o(.data)
 <LI><a href="#[3f]">LogicGetPrgSecProc</a> from logic.o(.text) referenced 2 times from logic.o(.data)
 <LI><a href="#[7c]">LogicGetRfidFrameTypeProc</a> from logic.o(.text) referenced 2 times from logic.o(.data)
 <LI><a href="#[41]">LogicGetRfidSelfNumbProc</a> from logic.o(.text) referenced 2 times from logic.o(.data)
 <LI><a href="#[44]">LogicGetRfidSendTimeoutProc</a> from logic.o(.text) referenced 2 times from logic.o(.data)
 <LI><a href="#[45]">LogicGetRfidSendTimesProc</a> from logic.o(.text) referenced 2 times from logic.o(.data)
 <LI><a href="#[8d]">LogicGetRfidSignStatusProc</a> from logic.o(.text) referenced 2 times from logic.o(.data)
 <LI><a href="#[82]">LogicGetRunStatusProc</a> from logic.o(.text) referenced 2 times from logic.o(.data)
 <LI><a href="#[7d]">LogicGetScActionNameProc</a> from logic.o(.text) referenced 2 times from logic.o(.data)
 <LI><a href="#[88]">LogicGetScActionTypeProc</a> from logic.o(.text) referenced 2 times from logic.o(.data)
 <LI><a href="#[4d]">LogicGetScCtrlDislayTimerProc</a> from logic.o(.text) referenced 2 times from logic.o(.data)
 <LI><a href="#[89]">LogicGetScGejiaNumberProc</a> from logic.o(.text) referenced 2 times from logic.o(.data)
 <LI><a href="#[79]">LogicGetScNumbDirectProc</a> from logic.o(.text) referenced 2 times from logic.o(.data)
 <LI><a href="#[4f]">LogicGetShutDownFlagProc</a> from logic.o(.text) referenced 2 times from logic.o(.data)
 <LI><a href="#[5b]">LogicGetWLVersionProc</a> from logic.o(.text) referenced 2 times from logic.o(.data)
 <LI><a href="#[60]">LogicGetWlTestParamProc</a> from logic.o(.text) referenced 2 times from logic.o(.data)
 <LI><a href="#[54]">LogicGetYkqAppStationProc</a> from logic.o(.text) referenced 2 times from logic.o(.data)
 <LI><a href="#[4e]">LogicGetYkqIdBackupProc</a> from logic.o(.text) referenced 2 times from logic.o(.data)
 <LI><a href="#[40]">LogicGetYkqNumbProc</a> from logic.o(.text) referenced 2 times from logic.o(.data)
 <LI><a href="#[56]">LogicIRSendParamProc</a> from logic.o(.text) referenced 2 times from logic.o(.data)
 <LI><a href="#[55]">LogicResumeDefaultParamProc</a> from logic.o(.text) referenced 2 times from logic.o(.data)
 <LI><a href="#[90]">LogicSetActionInfoCrc</a> from logic.o(.text) referenced 2 times from logic.o(.data)
 <LI><a href="#[3a]">LogicSetBatterInchargeTimerProc</a> from logic.o(.text) referenced 2 times from logic.o(.data)
 <LI><a href="#[39]">LogicSetBatterVoltageBackupProc</a> from logic.o(.text) referenced 2 times from logic.o(.data)
 <LI><a href="#[37]">LogicSetBatteryAcrBackupProc</a> from logic.o(.text) referenced 2 times from logic.o(.data)
 <LI><a href="#[38]">LogicSetBatteryColDataBackupProc</a> from logic.o(.text) referenced 2 times from logic.o(.data)
 <LI><a href="#[76]">LogicSetBatteryCoulomDataProc</a> from logic.o(.text) referenced 2 times from logic.o(.data)
 <LI><a href="#[75]">LogicSetBatteryCoulomStatusProc</a> from logic.o(.text) referenced 2 times from logic.o(.data)
 <LI><a href="#[74]">LogicSetBatteryStatusProc</a> from logic.o(.text) referenced 2 times from logic.o(.data)
 <LI><a href="#[6e]">LogicSetButtonDownAckProc</a> from logic.o(.text) referenced 2 times from logic.o(.data)
 <LI><a href="#[6d]">LogicSetButtonDownProc</a> from logic.o(.text) referenced 2 times from logic.o(.data)
 <LI><a href="#[70]">LogicSetButtonLongDownProc</a> from logic.o(.text) referenced 2 times from logic.o(.data)
 <LI><a href="#[6f]">LogicSetButtonStatusProc</a> from logic.o(.text) referenced 2 times from logic.o(.data)
 <LI><a href="#[71]">LogicSetButtonUpProc</a> from logic.o(.text) referenced 2 times from logic.o(.data)
 <LI><a href="#[31]">LogicSetColibarateTimeoutProc</a> from logic.o(.text) referenced 2 times from logic.o(.data)
 <LI><a href="#[64]">LogicSetColibrateScNumbProc</a> from logic.o(.text) referenced 2 times from logic.o(.data)
 <LI><a href="#[62]">LogicSetColibrateScTypeProc</a> from logic.o(.text) referenced 2 times from logic.o(.data)
 <LI><a href="#[8e]">LogicSetColibrateSuccessScNumbProc</a> from logic.o(.text) referenced 2 times from logic.o(.data)
 <LI><a href="#[5e]">LogicSetCtrlModeProc</a> from logic.o(.text) referenced 2 times from logic.o(.data)
 <LI><a href="#[65]">LogicSetCtrlScNumbProc</a> from logic.o(.text) referenced 2 times from logic.o(.data)
 <LI><a href="#[59]">LogicSetFastColiearateEnableProc</a> from logic.o(.text) referenced 2 times from logic.o(.data)
 <LI><a href="#[69]">LogicSetGrpAckActionNameProc</a> from logic.o(.text) referenced 2 times from logic.o(.data)
 <LI><a href="#[68]">LogicSetGrpDirectionProc</a> from logic.o(.text) referenced 2 times from logic.o(.data)
 <LI><a href="#[6a]">LogicSetGrpNearScNumbProc</a> from logic.o(.text) referenced 2 times from logic.o(.data)
 <LI><a href="#[6b]">LogicSetGrpRemoteScNumbProc</a> from logic.o(.text) referenced 2 times from logic.o(.data)
 <LI><a href="#[93]">LogicSetHeartProc</a> from logic.o(.text) referenced 2 times from logic.o(.data)
 <LI><a href="#[32]">LogicSetInterCtrlTimerProc</a> from logic.o(.text) referenced 2 times from logic.o(.data)
 <LI><a href="#[29]">LogicSetIrSendTimeoutProc</a> from logic.o(.text) referenced 2 times from logic.o(.data)
 <LI><a href="#[2a]">LogicSetIrSendTimesProc</a> from logic.o(.text) referenced 2 times from logic.o(.data)
 <LI><a href="#[94]">LogicSetNearCtrlReq</a> from logic.o(.text) referenced 2 times from logic.o(.data)
 <LI><a href="#[33]">LogicSetNoteShowTimerProc</a> from logic.o(.text) referenced 2 times from logic.o(.data)
 <LI><a href="#[2e]">LogicSetOledProtectBrightnessProc</a> from logic.o(.text) referenced 2 times from logic.o(.data)
 <LI><a href="#[2f]">LogicSetOledProtectedTimerProc</a> from logic.o(.text) referenced 2 times from logic.o(.data)
 <LI><a href="#[2d]">LogicSetOledScrLightProc</a> from logic.o(.text) referenced 2 times from logic.o(.data)
 <LI><a href="#[30]">LogicSetOledShutdownTimerProc</a> from logic.o(.text) referenced 2 times from logic.o(.data)
 <LI><a href="#[26]">LogicSetPrgSecProc</a> from logic.o(.text) referenced 2 times from logic.o(.data)
 <LI><a href="#[66]">LogicSetRfidFrameTypeProc</a> from logic.o(.text) referenced 2 times from logic.o(.data)
 <LI><a href="#[28]">LogicSetRfidSelfNumbProc</a> from logic.o(.text) referenced 2 times from logic.o(.data)
 <LI><a href="#[2b]">LogicSetRfidSendTimeoutProc</a> from logic.o(.text) referenced 2 times from logic.o(.data)
 <LI><a href="#[2c]">LogicSetRfidSendTimesProc</a> from logic.o(.text) referenced 2 times from logic.o(.data)
 <LI><a href="#[77]">LogicSetRfidSignStatusProc</a> from logic.o(.text) referenced 2 times from logic.o(.data)
 <LI><a href="#[6c]">LogicSetRunStatusProc</a> from logic.o(.text) referenced 2 times from logic.o(.data)
 <LI><a href="#[67]">LogicSetScActionNameProc</a> from logic.o(.text) referenced 2 times from logic.o(.data)
 <LI><a href="#[72]">LogicSetScActionTypeProc</a> from logic.o(.text) referenced 2 times from logic.o(.data)
 <LI><a href="#[34]">LogicSetScCtrlDislayTimerProc</a> from logic.o(.text) referenced 2 times from logic.o(.data)
 <LI><a href="#[73]">LogicSetScGejiaNumberProc</a> from logic.o(.text) referenced 2 times from logic.o(.data)
 <LI><a href="#[63]">LogicSetScNumbDirectProc</a> from logic.o(.text) referenced 2 times from logic.o(.data)
 <LI><a href="#[36]">LogicSetShutDownFlagProc</a> from logic.o(.text) referenced 2 times from logic.o(.data)
 <LI><a href="#[5a]">LogicSetWLVersionProc</a> from logic.o(.text) referenced 2 times from logic.o(.data)
 <LI><a href="#[35]">LogicSetYkqIdBackupProc</a> from logic.o(.text) referenced 2 times from logic.o(.data)
 <LI><a href="#[27]">LogicSetYkqNumbProc</a> from logic.o(.text) referenced 2 times from logic.o(.data)
 <LI><a href="#[96]">LogicStatusIdleProc</a> from logic.o(.text) referenced 2 times from logic.o(.data)
 <LI><a href="#[a0]">LogicStatusInintProc</a> from logic.o(.text) referenced 2 times from logic.o(.data)
 <LI><a href="#[99]">LogicStatusIrColibFailProc</a> from logic.o(.text) referenced 2 times from logic.o(.data)
 <LI><a href="#[97]">LogicStatusIrColibStartProc</a> from logic.o(.text) referenced 2 times from logic.o(.data)
 <LI><a href="#[98]">LogicStatusIrColibSuccessdProc</a> from logic.o(.text) referenced 2 times from logic.o(.data)
 <LI><a href="#[a6]">LogicStatusRfidCXBRecvPrgProc</a> from logic.o(.text) referenced 2 times from logic.o(.data)
 <LI><a href="#[a7]">LogicStatusRfidCXBRecvWLPrgProc</a> from logic.o(.text) referenced 2 times from logic.o(.data)
 <LI><a href="#[9c]">LogicStatusRfidColibFailProc</a> from logic.o(.text) referenced 2 times from logic.o(.data)
 <LI><a href="#[9a]">LogicStatusRfidColibStartProc</a> from logic.o(.text) referenced 2 times from logic.o(.data)
 <LI><a href="#[9b]">LogicStatusRfidColibSuccessdProc</a> from logic.o(.text) referenced 2 times from logic.o(.data)
 <LI><a href="#[a3]">LogicStatusRfidRecvPrgProc</a> from logic.o(.text) referenced 2 times from logic.o(.data)
 <LI><a href="#[a8]">LogicStatusRfidRecvWLPrgProc</a> from logic.o(.text) referenced 2 times from logic.o(.data)
 <LI><a href="#[a1]">LogicStatusRfidTransPrg0Proc</a> from logic.o(.text) referenced 2 times from logic.o(.data)
 <LI><a href="#[a2]">LogicStatusRfidTransPrgProc</a> from logic.o(.text) referenced 2 times from logic.o(.data)
 <LI><a href="#[a4]">LogicStatusRfidTransWLPrgProc</a> from logic.o(.text) referenced 2 times from logic.o(.data)
 <LI><a href="#[9e]">LogicStatusRfidUnColibrateProc</a> from logic.o(.text) referenced 2 times from logic.o(.data)
 <LI><a href="#[9d]">LogicStatusScSelfCtrlProc</a> from logic.o(.text) referenced 2 times from logic.o(.data)
 <LI><a href="#[9f]">LogicStatusShutupProc</a> from logic.o(.text) referenced 2 times from logic.o(.data)
 <LI><a href="#[a5]">LogicStatusUsartTransWLPrgProc</a> from logic.o(.text) referenced 2 times from logic.o(.data)
 <LI><a href="#[3c]">LogicUpdateCxbPrgProc</a> from logic.o(.text) referenced 2 times from logic.o(.data)
 <LI><a href="#[3e]">LogicUpdateCxbWLPrgProc</a> from logic.o(.text) referenced 2 times from logic.o(.data)
 <LI><a href="#[3d]">LogicUpdateWLPrgProc</a> from logic.o(.text) referenced 2 times from logic.o(.data)
 <LI><a href="#[3b]">LogicUpdateYkqPrgProc</a> from logic.o(.text) referenced 2 times from logic.o(.data)
 <LI><a href="#[61]">LogicWlTestParamProc</a> from logic.o(.text) referenced 2 times from logic.o(.data)
 <LI><a href="#[95]">LogicWlTestSendProc</a> from logic.o(.text) referenced 2 times from logic.o(.data)
 <LI><a href="#[f2]">Logic_task</a> from logic.o(.text) referenced from main.o(.text)
 <LI><a href="#[4a]">LogicgGetColibarateTimeoutProc</a> from logic.o(.text) referenced 2 times from logic.o(.data)
 <LI><a href="#[ac]">MemManage_Handler</a> from stm32l1xx_it.o(.text) referenced from startup_stm32l1xx_hd.o(RESET)
 <LI><a href="#[aa]">NMI_Handler</a> from stm32l1xx_it.o(.text) referenced from startup_stm32l1xx_hd.o(RESET)
 <LI><a href="#[ee]">OSTaskSwHook</a> from os_cpu_c.o(.text) referenced from os_cpu_a.o(.text)
 <LI><a href="#[14e]">OS_TaskIdle</a> from os_core.o(.text) referenced from os_core.o(.text)
 <LI><a href="#[b4]">PVD_IRQHandler</a> from startup_stm32l1xx_hd.o(.text) referenced from startup_stm32l1xx_hd.o(RESET)
 <LI><a href="#[14]">ParEditIngProc</a> from interfacemenu.o(.text) referenced 2 times from interfacemenu.o(.data)
 <LI><a href="#[11]">ParEditInintProc</a> from interfacemenu.o(.text) referenced 2 times from interfacemenu.o(.data)
 <LI><a href="#[13]">ParEditPwrOkProc</a> from interfacemenu.o(.text) referenced 2 times from interfacemenu.o(.data)
 <LI><a href="#[12]">ParEditPwrProc</a> from interfacemenu.o(.text) referenced 2 times from interfacemenu.o(.data)
 <LI><a href="#[15]">ParEditSelGlobalProc</a> from interfacemenu.o(.text) referenced 2 times from interfacemenu.o(.data)
 <LI><a href="#[16]">ParEditSelOkProc</a> from interfacemenu.o(.text) referenced 2 times from interfacemenu.o(.data)
 <LI><a href="#[10]">ParEditStartProc</a> from interfacemenu.o(.text) referenced 2 times from interfacemenu.o(.data)
 <LI><a href="#[b1]">PendSV_Handler</a> from os_cpu_a.o(.text) referenced from startup_stm32l1xx_hd.o(RESET)
 <LI><a href="#[b8]">RCC_IRQHandler</a> from startup_stm32l1xx_hd.o(.text) referenced from startup_stm32l1xx_hd.o(RESET)
 <LI><a href="#[dc]">RTC_Alarm_IRQHandler</a> from startup_stm32l1xx_hd.o(.text) referenced from startup_stm32l1xx_hd.o(RESET)
 <LI><a href="#[b6]">RTC_WKUP_IRQHandler</a> from startup_stm32l1xx_hd.o(.text) referenced from startup_stm32l1xx_hd.o(RESET)
 <LI><a href="#[a9]">Reset_Handler</a> from startup_stm32l1xx_hd.o(.text) referenced from startup_stm32l1xx_hd.o(RESET)
 <LI><a href="#[2c9]">RfidMessageForRfidRcved</a> from rfidmng.o(.text) referenced from rfidmng.o(.text)
 <LI><a href="#[f0]">RfidMng_Task</a> from rfidmng.o(.text) referenced 9 times from interface.o(.text)
 <LI><a href="#[ef]">RfidMng_Update_Task</a> from rfidupdate.o(.text) referenced 5 times from interface.o(.text)
 <LI><a href="#[19]">RfidUpdateCodeDwlProc</a> from rfidupdate.o(.text) referenced 2 times from rfidupdate.o(.data)
 <LI><a href="#[18]">RfidUpdateCodeWriteProc</a> from rfidupdate.o(.text) referenced 2 times from rfidupdate.o(.data)
 <LI><a href="#[17]">RfidUpdateTransEndProc</a> from rfidupdate.o(.text) referenced 2 times from rfidupdate.o(.data)
 <LI><a href="#[1b]">RfidUpdateVersionDwlProc</a> from rfidupdate.o(.text) referenced 2 times from rfidupdate.o(.data)
 <LI><a href="#[1a]">RfidUpdateVersionWriteProc</a> from rfidupdate.o(.text) referenced 2 times from rfidupdate.o(.data)
 <LI><a href="#[e0]">SDIO_IRQHandler</a> from startup_stm32l1xx_hd.o(.text) referenced from startup_stm32l1xx_hd.o(RESET)
 <LI><a href="#[d6]">SPI1_IRQHandler</a> from startup_stm32l1xx_hd.o(.text) referenced from startup_stm32l1xx_hd.o(RESET)
 <LI><a href="#[d7]">SPI2_IRQHandler</a> from startup_stm32l1xx_hd.o(.text) referenced from startup_stm32l1xx_hd.o(RESET)
 <LI><a href="#[e2]">SPI3_IRQHandler</a> from startup_stm32l1xx_hd.o(.text) referenced from startup_stm32l1xx_hd.o(RESET)
 <LI><a href="#[af]">SVC_Handler</a> from stm32l1xx_it.o(.text) referenced from startup_stm32l1xx_hd.o(RESET)
 <LI><a href="#[f6]">ScanKey_task</a> from keyapp.o(.text) referenced from main.o(.text)
 <LI><a href="#[b2]">SysTick_Handler</a> from stm32l1xx_it.o(.text) referenced from startup_stm32l1xx_hd.o(RESET)
 <LI><a href="#[ec]">SystemInit</a> from system_stm32l1xx.o(.text) referenced from startup_stm32l1xx_hd.o(.text)
 <LI><a href="#[b5]">TAMPER_STAMP_IRQHandler</a> from startup_stm32l1xx_hd.o(.text) referenced from startup_stm32l1xx_hd.o(RESET)
 <LI><a href="#[cd]">TIM10_IRQHandler</a> from startup_stm32l1xx_hd.o(.text) referenced from startup_stm32l1xx_hd.o(RESET)
 <LI><a href="#[ce]">TIM11_IRQHandler</a> from startup_stm32l1xx_hd.o(.text) referenced from startup_stm32l1xx_hd.o(RESET)
 <LI><a href="#[cf]">TIM2_IRQHandler</a> from ir_send.o(.text) referenced from startup_stm32l1xx_hd.o(RESET)
 <LI><a href="#[d0]">TIM3_IRQHandler</a> from ir_send.o(.text) referenced from startup_stm32l1xx_hd.o(RESET)
 <LI><a href="#[d1]">TIM4_IRQHandler</a> from uart1.o(.text) referenced from startup_stm32l1xx_hd.o(RESET)
 <LI><a href="#[e1]">TIM5_IRQHandler</a> from keyled.o(.text) referenced from startup_stm32l1xx_hd.o(RESET)
 <LI><a href="#[de]">TIM6_IRQHandler</a> from startup_stm32l1xx_hd.o(.text) referenced from startup_stm32l1xx_hd.o(RESET)
 <LI><a href="#[df]">TIM7_IRQHandler</a> from startup_stm32l1xx_hd.o(.text) referenced from startup_stm32l1xx_hd.o(RESET)
 <LI><a href="#[cc]">TIM9_IRQHandler</a> from startup_stm32l1xx_hd.o(.text) referenced from startup_stm32l1xx_hd.o(RESET)
 <LI><a href="#[e3]">UART4_IRQHandler</a> from startup_stm32l1xx_hd.o(.text) referenced from startup_stm32l1xx_hd.o(RESET)
 <LI><a href="#[e4]">UART5_IRQHandler</a> from startup_stm32l1xx_hd.o(.text) referenced from startup_stm32l1xx_hd.o(RESET)
 <LI><a href="#[d8]">USART1_IRQHandler</a> from uart.o(.text) referenced from startup_stm32l1xx_hd.o(RESET)
 <LI><a href="#[d9]">USART2_IRQHandler</a> from startup_stm32l1xx_hd.o(.text) referenced from startup_stm32l1xx_hd.o(RESET)
 <LI><a href="#[da]">USART3_IRQHandler</a> from uart1.o(.text) referenced from startup_stm32l1xx_hd.o(RESET)
 <LI><a href="#[dd]">USB_FS_WKUP_IRQHandler</a> from startup_stm32l1xx_hd.o(.text) referenced from startup_stm32l1xx_hd.o(RESET)
 <LI><a href="#[c6]">USB_HP_IRQHandler</a> from startup_stm32l1xx_hd.o(.text) referenced from startup_stm32l1xx_hd.o(RESET)
 <LI><a href="#[c7]">USB_LP_IRQHandler</a> from startup_stm32l1xx_hd.o(.text) referenced from startup_stm32l1xx_hd.o(RESET)
 <LI><a href="#[ae]">UsageFault_Handler</a> from stm32l1xx_it.o(.text) referenced from startup_stm32l1xx_hd.o(RESET)
 <LI><a href="#[f4]">Usart_Task</a> from rfidmng.o(.text) referenced from main.o(.text)
 <LI><a href="#[1e]">WL_RfidUpdateCodeDwlProc</a> from rfidupdate.o(.text) referenced 2 times from rfidupdate.o(.data)
 <LI><a href="#[1d]">WL_RfidUpdateCodeWriteProc</a> from rfidupdate.o(.text) referenced 2 times from rfidupdate.o(.data)
 <LI><a href="#[1c]">WL_RfidUpdateTransEndProc</a> from rfidupdate.o(.text) referenced 2 times from rfidupdate.o(.data)
 <LI><a href="#[20]">WL_RfidUpdateVersionDwlProc</a> from rfidupdate.o(.text) referenced 2 times from rfidupdate.o(.data)
 <LI><a href="#[1f]">WL_RfidUpdateVersionWriteProc</a> from rfidupdate.o(.text) referenced 2 times from rfidupdate.o(.data)
 <LI><a href="#[b3]">WWDG_IRQHandler</a> from startup_stm32l1xx_hd.o(.text) referenced from startup_stm32l1xx_hd.o(RESET)
 <LI><a href="#[fb]">__main</a> from __main.o(!!!main) referenced from startup_stm32l1xx_hd.o(.text)
 <LI><a href="#[fa]">_printf_input_char</a> from _printf_char_common.o(.text) referenced from _printf_char_common.o(.text)
 <LI><a href="#[f9]">_sputc</a> from _sputc.o(.text) referenced from noretval__2sprintf.o(.text)
</UL>
<P>
<H3>
Global Symbols
</H3>
<P><STRONG><a name="[fb]"></a>__main</STRONG> (Thumb, 8 bytes, Stack size 0 bytes, __main.o(!!!main))
<BR><BR>[Calls]<UL><LI><a href="#[fc]">&gt;&gt;</a>&nbsp;&nbsp;&nbsp;__scatterload
<LI><a href="#[fd]">&gt;&gt;</a>&nbsp;&nbsp;&nbsp;__rt_entry
</UL>

<P><STRONG><a name="[fc]"></a>__scatterload</STRONG> (Thumb, 0 bytes, Stack size unknown bytes, __scatter.o(!!!scatter))
<BR><BR>[Called By]<UL><LI><a href="#[fb]">&gt;&gt;</a>&nbsp;&nbsp;&nbsp;__main
</UL>

<P><STRONG><a name="[fe]"></a>__scatterload_rt2</STRONG> (Thumb, 44 bytes, Stack size unknown bytes, __scatter.o(!!!scatter), UNUSED)
<BR><BR>[Calls]<UL><LI><a href="#[fd]">&gt;&gt;</a>&nbsp;&nbsp;&nbsp;__rt_entry
</UL>

<P><STRONG><a name="[32e]"></a>__scatterload_rt2_thumb_only</STRONG> (Thumb, 0 bytes, Stack size unknown bytes, __scatter.o(!!!scatter), UNUSED)

<P><STRONG><a name="[32f]"></a>__scatterload_null</STRONG> (Thumb, 0 bytes, Stack size unknown bytes, __scatter.o(!!!scatter), UNUSED)

<P><STRONG><a name="[330]"></a>__decompress</STRONG> (Thumb, 100 bytes, Stack size unknown bytes, __dclz77c.o(!!dclz77c), UNUSED)

<P><STRONG><a name="[331]"></a>__decompress2</STRONG> (Thumb, 0 bytes, Stack size unknown bytes, __dclz77c.o(!!dclz77c), UNUSED)

<P><STRONG><a name="[332]"></a>__scatterload_zeroinit</STRONG> (Thumb, 28 bytes, Stack size unknown bytes, __scatter_zi.o(!!handler_zi), UNUSED)

<P><STRONG><a name="[ff]"></a>_printf_d</STRONG> (Thumb, 0 bytes, Stack size unknown bytes, _printf_d.o(.ARM.Collect$$_printf_percent$$00000009))
<BR><BR>[Stack]<UL><LI>Max Depth = 72 + Unknown Stack Size
<LI>Call Chain = _printf_d &rArr; _printf_int_dec &rArr; _printf_int_common &rArr; _printf_post_padding
</UL>
<BR>[Calls]<UL><LI><a href="#[100]">&gt;&gt;</a>&nbsp;&nbsp;&nbsp;_printf_int_dec
</UL>

<P><STRONG><a name="[321]"></a>_printf_percent</STRONG> (Thumb, 0 bytes, Stack size unknown bytes, _printf_percent.o(.ARM.Collect$$_printf_percent$$00000000))
<BR><BR>[Called By]<UL><LI><a href="#[31f]">&gt;&gt;</a>&nbsp;&nbsp;&nbsp;__printf
</UL>

<P><STRONG><a name="[101]"></a>_printf_s</STRONG> (Thumb, 0 bytes, Stack size unknown bytes, _printf_s.o(.ARM.Collect$$_printf_percent$$00000014))
<BR><BR>[Stack]<UL><LI>Max Depth = 40 + Unknown Stack Size
<LI>Call Chain = _printf_s &rArr; _printf_string &rArr; _printf_cs_common &rArr; _printf_str &rArr; _printf_post_padding
</UL>
<BR>[Calls]<UL><LI><a href="#[102]">&gt;&gt;</a>&nbsp;&nbsp;&nbsp;_printf_string
</UL>

<P><STRONG><a name="[333]"></a>_printf_percent_end</STRONG> (Thumb, 0 bytes, Stack size unknown bytes, _printf_percent_end.o(.ARM.Collect$$_printf_percent$$00000017))

<P><STRONG><a name="[106]"></a>__rt_lib_init</STRONG> (Thumb, 0 bytes, Stack size unknown bytes, libinit.o(.ARM.Collect$$libinit$$00000000))
<BR><BR>[Called By]<UL><LI><a href="#[105]">&gt;&gt;</a>&nbsp;&nbsp;&nbsp;__rt_entry_li
</UL>

<P><STRONG><a name="[334]"></a>__rt_lib_init_alloca_1</STRONG> (Thumb, 0 bytes, Stack size unknown bytes, libinit2.o(.ARM.Collect$$libinit$$0000002E))

<P><STRONG><a name="[335]"></a>__rt_lib_init_argv_1</STRONG> (Thumb, 0 bytes, Stack size unknown bytes, libinit2.o(.ARM.Collect$$libinit$$0000002C))

<P><STRONG><a name="[336]"></a>__rt_lib_init_atexit_1</STRONG> (Thumb, 0 bytes, Stack size unknown bytes, libinit2.o(.ARM.Collect$$libinit$$0000001B))

<P><STRONG><a name="[337]"></a>__rt_lib_init_clock_1</STRONG> (Thumb, 0 bytes, Stack size unknown bytes, libinit2.o(.ARM.Collect$$libinit$$00000021))

<P><STRONG><a name="[338]"></a>__rt_lib_init_cpp_1</STRONG> (Thumb, 0 bytes, Stack size unknown bytes, libinit2.o(.ARM.Collect$$libinit$$00000032))

<P><STRONG><a name="[339]"></a>__rt_lib_init_exceptions_1</STRONG> (Thumb, 0 bytes, Stack size unknown bytes, libinit2.o(.ARM.Collect$$libinit$$00000030))

<P><STRONG><a name="[33a]"></a>__rt_lib_init_fp_1</STRONG> (Thumb, 0 bytes, Stack size unknown bytes, libinit2.o(.ARM.Collect$$libinit$$00000002))

<P><STRONG><a name="[33b]"></a>__rt_lib_init_fp_trap_1</STRONG> (Thumb, 0 bytes, Stack size unknown bytes, libinit2.o(.ARM.Collect$$libinit$$0000001F))

<P><STRONG><a name="[33c]"></a>__rt_lib_init_getenv_1</STRONG> (Thumb, 0 bytes, Stack size unknown bytes, libinit2.o(.ARM.Collect$$libinit$$00000023))

<P><STRONG><a name="[33d]"></a>__rt_lib_init_heap_1</STRONG> (Thumb, 0 bytes, Stack size unknown bytes, libinit2.o(.ARM.Collect$$libinit$$0000000A))

<P><STRONG><a name="[33e]"></a>__rt_lib_init_lc_collate_1</STRONG> (Thumb, 0 bytes, Stack size unknown bytes, libinit2.o(.ARM.Collect$$libinit$$00000011))

<P><STRONG><a name="[33f]"></a>__rt_lib_init_lc_ctype_1</STRONG> (Thumb, 0 bytes, Stack size unknown bytes, libinit2.o(.ARM.Collect$$libinit$$00000013))

<P><STRONG><a name="[340]"></a>__rt_lib_init_lc_monetary_1</STRONG> (Thumb, 0 bytes, Stack size unknown bytes, libinit2.o(.ARM.Collect$$libinit$$00000015))

<P><STRONG><a name="[341]"></a>__rt_lib_init_lc_numeric_1</STRONG> (Thumb, 0 bytes, Stack size unknown bytes, libinit2.o(.ARM.Collect$$libinit$$00000017))

<P><STRONG><a name="[342]"></a>__rt_lib_init_lc_time_1</STRONG> (Thumb, 0 bytes, Stack size unknown bytes, libinit2.o(.ARM.Collect$$libinit$$00000019))

<P><STRONG><a name="[343]"></a>__rt_lib_init_preinit_1</STRONG> (Thumb, 0 bytes, Stack size unknown bytes, libinit2.o(.ARM.Collect$$libinit$$00000004))

<P><STRONG><a name="[344]"></a>__rt_lib_init_rand_1</STRONG> (Thumb, 0 bytes, Stack size unknown bytes, libinit2.o(.ARM.Collect$$libinit$$0000000E))

<P><STRONG><a name="[345]"></a>__rt_lib_init_return</STRONG> (Thumb, 0 bytes, Stack size unknown bytes, libinit2.o(.ARM.Collect$$libinit$$00000033))

<P><STRONG><a name="[346]"></a>__rt_lib_init_signal_1</STRONG> (Thumb, 0 bytes, Stack size unknown bytes, libinit2.o(.ARM.Collect$$libinit$$0000001D))

<P><STRONG><a name="[347]"></a>__rt_lib_init_stdio_1</STRONG> (Thumb, 0 bytes, Stack size unknown bytes, libinit2.o(.ARM.Collect$$libinit$$00000025))

<P><STRONG><a name="[348]"></a>__rt_lib_init_user_alloc_1</STRONG> (Thumb, 0 bytes, Stack size unknown bytes, libinit2.o(.ARM.Collect$$libinit$$0000000C))

<P><STRONG><a name="[10b]"></a>__rt_lib_shutdown</STRONG> (Thumb, 0 bytes, Stack size unknown bytes, libshutdown.o(.ARM.Collect$$libshutdown$$00000000))
<BR><BR>[Called By]<UL><LI><a href="#[10a]">&gt;&gt;</a>&nbsp;&nbsp;&nbsp;__rt_exit_ls
</UL>

<P><STRONG><a name="[349]"></a>__rt_lib_shutdown_cpp_1</STRONG> (Thumb, 0 bytes, Stack size unknown bytes, libshutdown2.o(.ARM.Collect$$libshutdown$$00000004))

<P><STRONG><a name="[34a]"></a>__rt_lib_shutdown_fini_1</STRONG> (Thumb, 0 bytes, Stack size unknown bytes, libshutdown2.o(.ARM.Collect$$libshutdown$$00000002))

<P><STRONG><a name="[34b]"></a>__rt_lib_shutdown_fp_trap_1</STRONG> (Thumb, 0 bytes, Stack size unknown bytes, libshutdown2.o(.ARM.Collect$$libshutdown$$00000009))

<P><STRONG><a name="[34c]"></a>__rt_lib_shutdown_heap_1</STRONG> (Thumb, 0 bytes, Stack size unknown bytes, libshutdown2.o(.ARM.Collect$$libshutdown$$00000011))

<P><STRONG><a name="[34d]"></a>__rt_lib_shutdown_return</STRONG> (Thumb, 0 bytes, Stack size unknown bytes, libshutdown2.o(.ARM.Collect$$libshutdown$$00000012))

<P><STRONG><a name="[34e]"></a>__rt_lib_shutdown_signal_1</STRONG> (Thumb, 0 bytes, Stack size unknown bytes, libshutdown2.o(.ARM.Collect$$libshutdown$$0000000C))

<P><STRONG><a name="[34f]"></a>__rt_lib_shutdown_stdio_1</STRONG> (Thumb, 0 bytes, Stack size unknown bytes, libshutdown2.o(.ARM.Collect$$libshutdown$$00000006))

<P><STRONG><a name="[350]"></a>__rt_lib_shutdown_user_alloc_1</STRONG> (Thumb, 0 bytes, Stack size unknown bytes, libshutdown2.o(.ARM.Collect$$libshutdown$$0000000E))

<P><STRONG><a name="[fd]"></a>__rt_entry</STRONG> (Thumb, 0 bytes, Stack size unknown bytes, __rtentry.o(.ARM.Collect$$rtentry$$00000000))
<BR><BR>[Called By]<UL><LI><a href="#[fe]">&gt;&gt;</a>&nbsp;&nbsp;&nbsp;__scatterload_rt2
<LI><a href="#[fb]">&gt;&gt;</a>&nbsp;&nbsp;&nbsp;__main
</UL>

<P><STRONG><a name="[351]"></a>__rt_entry_presh_1</STRONG> (Thumb, 0 bytes, Stack size unknown bytes, __rtentry2.o(.ARM.Collect$$rtentry$$00000002))

<P><STRONG><a name="[103]"></a>__rt_entry_sh</STRONG> (Thumb, 0 bytes, Stack size unknown bytes, __rtentry4.o(.ARM.Collect$$rtentry$$00000004))
<BR><BR>[Stack]<UL><LI>Max Depth = 8 + Unknown Stack Size
<LI>Call Chain = __rt_entry_sh &rArr; __user_setup_stackheap
</UL>
<BR>[Calls]<UL><LI><a href="#[104]">&gt;&gt;</a>&nbsp;&nbsp;&nbsp;__user_setup_stackheap
</UL>

<P><STRONG><a name="[105]"></a>__rt_entry_li</STRONG> (Thumb, 0 bytes, Stack size unknown bytes, __rtentry2.o(.ARM.Collect$$rtentry$$0000000A))
<BR><BR>[Calls]<UL><LI><a href="#[106]">&gt;&gt;</a>&nbsp;&nbsp;&nbsp;__rt_lib_init
</UL>

<P><STRONG><a name="[352]"></a>__rt_entry_postsh_1</STRONG> (Thumb, 0 bytes, Stack size unknown bytes, __rtentry2.o(.ARM.Collect$$rtentry$$00000009))

<P><STRONG><a name="[107]"></a>__rt_entry_main</STRONG> (Thumb, 0 bytes, Stack size unknown bytes, __rtentry2.o(.ARM.Collect$$rtentry$$0000000D))
<BR><BR>[Stack]<UL><LI>Max Depth = 168 + Unknown Stack Size
<LI>Call Chain = __rt_entry_main &rArr; main &rArr; Driver_Init &rArr; RFID_Init &rArr; RFID_HarewreInit &rArr; RfidConfig &rArr; RfidWriteReg &rArr; RfidSpiWrite &rArr; SpiMcuWrite &rArr; WaitGPIOReset
</UL>
<BR>[Calls]<UL><LI><a href="#[109]">&gt;&gt;</a>&nbsp;&nbsp;&nbsp;exit
<LI><a href="#[108]">&gt;&gt;</a>&nbsp;&nbsp;&nbsp;main
</UL>

<P><STRONG><a name="[353]"></a>__rt_entry_postli_1</STRONG> (Thumb, 0 bytes, Stack size unknown bytes, __rtentry2.o(.ARM.Collect$$rtentry$$0000000C))

<P><STRONG><a name="[32d]"></a>__rt_exit</STRONG> (Thumb, 0 bytes, Stack size unknown bytes, rtexit.o(.ARM.Collect$$rtexit$$00000000))
<BR><BR>[Called By]<UL><LI><a href="#[109]">&gt;&gt;</a>&nbsp;&nbsp;&nbsp;exit
</UL>

<P><STRONG><a name="[10a]"></a>__rt_exit_ls</STRONG> (Thumb, 0 bytes, Stack size unknown bytes, rtexit2.o(.ARM.Collect$$rtexit$$00000003))
<BR><BR>[Calls]<UL><LI><a href="#[10b]">&gt;&gt;</a>&nbsp;&nbsp;&nbsp;__rt_lib_shutdown
</UL>

<P><STRONG><a name="[354]"></a>__rt_exit_prels_1</STRONG> (Thumb, 0 bytes, Stack size unknown bytes, rtexit2.o(.ARM.Collect$$rtexit$$00000002))

<P><STRONG><a name="[10c]"></a>__rt_exit_exit</STRONG> (Thumb, 0 bytes, Stack size unknown bytes, rtexit2.o(.ARM.Collect$$rtexit$$00000004))
<BR><BR>[Calls]<UL><LI><a href="#[10d]">&gt;&gt;</a>&nbsp;&nbsp;&nbsp;_sys_exit
</UL>

<P><STRONG><a name="[a9]"></a>Reset_Handler</STRONG> (Thumb, 8 bytes, Stack size 0 bytes, startup_stm32l1xx_hd.o(.text))
<BR>[Address Reference Count : 1]<UL><LI> startup_stm32l1xx_hd.o(RESET)
</UL>
<P><STRONG><a name="[ea]"></a>AES_IRQHandler</STRONG> (Thumb, 0 bytes, Stack size 0 bytes, startup_stm32l1xx_hd.o(.text))
<BR><BR>[Calls]<UL><LI><a href="#[ea]">&gt;&gt;</a>&nbsp;&nbsp;&nbsp;AES_IRQHandler
</UL>
<BR>[Called By]<UL><LI><a href="#[ea]">&gt;&gt;</a>&nbsp;&nbsp;&nbsp;AES_IRQHandler
</UL>
<BR>[Address Reference Count : 1]<UL><LI> startup_stm32l1xx_hd.o(RESET)
</UL>
<P><STRONG><a name="[eb]"></a>COMP_ACQ_IRQHandler</STRONG> (Thumb, 0 bytes, Stack size 0 bytes, startup_stm32l1xx_hd.o(.text))
<BR>[Address Reference Count : 1]<UL><LI> startup_stm32l1xx_hd.o(RESET)
</UL>
<P><STRONG><a name="[c9]"></a>COMP_IRQHandler</STRONG> (Thumb, 0 bytes, Stack size 0 bytes, startup_stm32l1xx_hd.o(.text))
<BR>[Address Reference Count : 1]<UL><LI> startup_stm32l1xx_hd.o(RESET)
</UL>
<P><STRONG><a name="[c8]"></a>DAC_IRQHandler</STRONG> (Thumb, 0 bytes, Stack size 0 bytes, startup_stm32l1xx_hd.o(.text))
<BR>[Address Reference Count : 1]<UL><LI> startup_stm32l1xx_hd.o(RESET)
</UL>
<P><STRONG><a name="[be]"></a>DMA1_Channel1_IRQHandler</STRONG> (Thumb, 0 bytes, Stack size 0 bytes, startup_stm32l1xx_hd.o(.text))
<BR>[Address Reference Count : 1]<UL><LI> startup_stm32l1xx_hd.o(RESET)
</UL>
<P><STRONG><a name="[bf]"></a>DMA1_Channel2_IRQHandler</STRONG> (Thumb, 0 bytes, Stack size 0 bytes, startup_stm32l1xx_hd.o(.text))
<BR>[Address Reference Count : 1]<UL><LI> startup_stm32l1xx_hd.o(RESET)
</UL>
<P><STRONG><a name="[c0]"></a>DMA1_Channel3_IRQHandler</STRONG> (Thumb, 0 bytes, Stack size 0 bytes, startup_stm32l1xx_hd.o(.text))
<BR>[Address Reference Count : 1]<UL><LI> startup_stm32l1xx_hd.o(RESET)
</UL>
<P><STRONG><a name="[c1]"></a>DMA1_Channel4_IRQHandler</STRONG> (Thumb, 0 bytes, Stack size 0 bytes, startup_stm32l1xx_hd.o(.text))
<BR>[Address Reference Count : 1]<UL><LI> startup_stm32l1xx_hd.o(RESET)
</UL>
<P><STRONG><a name="[c2]"></a>DMA1_Channel5_IRQHandler</STRONG> (Thumb, 0 bytes, Stack size 0 bytes, startup_stm32l1xx_hd.o(.text))
<BR>[Address Reference Count : 1]<UL><LI> startup_stm32l1xx_hd.o(RESET)
</UL>
<P><STRONG><a name="[c3]"></a>DMA1_Channel6_IRQHandler</STRONG> (Thumb, 0 bytes, Stack size 0 bytes, startup_stm32l1xx_hd.o(.text))
<BR>[Address Reference Count : 1]<UL><LI> startup_stm32l1xx_hd.o(RESET)
</UL>
<P><STRONG><a name="[c4]"></a>DMA1_Channel7_IRQHandler</STRONG> (Thumb, 0 bytes, Stack size 0 bytes, startup_stm32l1xx_hd.o(.text))
<BR>[Address Reference Count : 1]<UL><LI> startup_stm32l1xx_hd.o(RESET)
</UL>
<P><STRONG><a name="[e5]"></a>DMA2_Channel1_IRQHandler</STRONG> (Thumb, 0 bytes, Stack size 0 bytes, startup_stm32l1xx_hd.o(.text))
<BR>[Address Reference Count : 1]<UL><LI> startup_stm32l1xx_hd.o(RESET)
</UL>
<P><STRONG><a name="[e6]"></a>DMA2_Channel2_IRQHandler</STRONG> (Thumb, 0 bytes, Stack size 0 bytes, startup_stm32l1xx_hd.o(.text))
<BR>[Address Reference Count : 1]<UL><LI> startup_stm32l1xx_hd.o(RESET)
</UL>
<P><STRONG><a name="[e7]"></a>DMA2_Channel3_IRQHandler</STRONG> (Thumb, 0 bytes, Stack size 0 bytes, startup_stm32l1xx_hd.o(.text))
<BR>[Address Reference Count : 1]<UL><LI> startup_stm32l1xx_hd.o(RESET)
</UL>
<P><STRONG><a name="[e8]"></a>DMA2_Channel4_IRQHandler</STRONG> (Thumb, 0 bytes, Stack size 0 bytes, startup_stm32l1xx_hd.o(.text))
<BR>[Address Reference Count : 1]<UL><LI> startup_stm32l1xx_hd.o(RESET)
</UL>
<P><STRONG><a name="[e9]"></a>DMA2_Channel5_IRQHandler</STRONG> (Thumb, 0 bytes, Stack size 0 bytes, startup_stm32l1xx_hd.o(.text))
<BR>[Address Reference Count : 1]<UL><LI> startup_stm32l1xx_hd.o(RESET)
</UL>
<P><STRONG><a name="[b9]"></a>EXTI0_IRQHandler</STRONG> (Thumb, 0 bytes, Stack size 0 bytes, startup_stm32l1xx_hd.o(.text))
<BR>[Address Reference Count : 1]<UL><LI> startup_stm32l1xx_hd.o(RESET)
</UL>
<P><STRONG><a name="[db]"></a>EXTI15_10_IRQHandler</STRONG> (Thumb, 0 bytes, Stack size 0 bytes, startup_stm32l1xx_hd.o(.text))
<BR>[Address Reference Count : 1]<UL><LI> startup_stm32l1xx_hd.o(RESET)
</UL>
<P><STRONG><a name="[ba]"></a>EXTI1_IRQHandler</STRONG> (Thumb, 0 bytes, Stack size 0 bytes, startup_stm32l1xx_hd.o(.text))
<BR>[Address Reference Count : 1]<UL><LI> startup_stm32l1xx_hd.o(RESET)
</UL>
<P><STRONG><a name="[bb]"></a>EXTI2_IRQHandler</STRONG> (Thumb, 0 bytes, Stack size 0 bytes, startup_stm32l1xx_hd.o(.text))
<BR>[Address Reference Count : 1]<UL><LI> startup_stm32l1xx_hd.o(RESET)
</UL>
<P><STRONG><a name="[bc]"></a>EXTI3_IRQHandler</STRONG> (Thumb, 0 bytes, Stack size 0 bytes, startup_stm32l1xx_hd.o(.text))
<BR>[Address Reference Count : 1]<UL><LI> startup_stm32l1xx_hd.o(RESET)
</UL>
<P><STRONG><a name="[bd]"></a>EXTI4_IRQHandler</STRONG> (Thumb, 0 bytes, Stack size 0 bytes, startup_stm32l1xx_hd.o(.text))
<BR>[Address Reference Count : 1]<UL><LI> startup_stm32l1xx_hd.o(RESET)
</UL>
<P><STRONG><a name="[b7]"></a>FLASH_IRQHandler</STRONG> (Thumb, 0 bytes, Stack size 0 bytes, startup_stm32l1xx_hd.o(.text))
<BR>[Address Reference Count : 1]<UL><LI> startup_stm32l1xx_hd.o(RESET)
</UL>
<P><STRONG><a name="[d3]"></a>I2C1_ER_IRQHandler</STRONG> (Thumb, 0 bytes, Stack size 0 bytes, startup_stm32l1xx_hd.o(.text))
<BR>[Address Reference Count : 1]<UL><LI> startup_stm32l1xx_hd.o(RESET)
</UL>
<P><STRONG><a name="[d2]"></a>I2C1_EV_IRQHandler</STRONG> (Thumb, 0 bytes, Stack size 0 bytes, startup_stm32l1xx_hd.o(.text))
<BR>[Address Reference Count : 1]<UL><LI> startup_stm32l1xx_hd.o(RESET)
</UL>
<P><STRONG><a name="[d5]"></a>I2C2_ER_IRQHandler</STRONG> (Thumb, 0 bytes, Stack size 0 bytes, startup_stm32l1xx_hd.o(.text))
<BR>[Address Reference Count : 1]<UL><LI> startup_stm32l1xx_hd.o(RESET)
</UL>
<P><STRONG><a name="[d4]"></a>I2C2_EV_IRQHandler</STRONG> (Thumb, 0 bytes, Stack size 0 bytes, startup_stm32l1xx_hd.o(.text))
<BR>[Address Reference Count : 1]<UL><LI> startup_stm32l1xx_hd.o(RESET)
</UL>
<P><STRONG><a name="[cb]"></a>LCD_IRQHandler</STRONG> (Thumb, 0 bytes, Stack size 0 bytes, startup_stm32l1xx_hd.o(.text))
<BR>[Address Reference Count : 1]<UL><LI> startup_stm32l1xx_hd.o(RESET)
</UL>
<P><STRONG><a name="[b4]"></a>PVD_IRQHandler</STRONG> (Thumb, 0 bytes, Stack size 0 bytes, startup_stm32l1xx_hd.o(.text))
<BR>[Address Reference Count : 1]<UL><LI> startup_stm32l1xx_hd.o(RESET)
</UL>
<P><STRONG><a name="[b8]"></a>RCC_IRQHandler</STRONG> (Thumb, 0 bytes, Stack size 0 bytes, startup_stm32l1xx_hd.o(.text))
<BR>[Address Reference Count : 1]<UL><LI> startup_stm32l1xx_hd.o(RESET)
</UL>
<P><STRONG><a name="[dc]"></a>RTC_Alarm_IRQHandler</STRONG> (Thumb, 0 bytes, Stack size 0 bytes, startup_stm32l1xx_hd.o(.text))
<BR>[Address Reference Count : 1]<UL><LI> startup_stm32l1xx_hd.o(RESET)
</UL>
<P><STRONG><a name="[b6]"></a>RTC_WKUP_IRQHandler</STRONG> (Thumb, 0 bytes, Stack size 0 bytes, startup_stm32l1xx_hd.o(.text))
<BR>[Address Reference Count : 1]<UL><LI> startup_stm32l1xx_hd.o(RESET)
</UL>
<P><STRONG><a name="[e0]"></a>SDIO_IRQHandler</STRONG> (Thumb, 0 bytes, Stack size 0 bytes, startup_stm32l1xx_hd.o(.text))
<BR>[Address Reference Count : 1]<UL><LI> startup_stm32l1xx_hd.o(RESET)
</UL>
<P><STRONG><a name="[d6]"></a>SPI1_IRQHandler</STRONG> (Thumb, 0 bytes, Stack size 0 bytes, startup_stm32l1xx_hd.o(.text))
<BR>[Address Reference Count : 1]<UL><LI> startup_stm32l1xx_hd.o(RESET)
</UL>
<P><STRONG><a name="[d7]"></a>SPI2_IRQHandler</STRONG> (Thumb, 0 bytes, Stack size 0 bytes, startup_stm32l1xx_hd.o(.text))
<BR>[Address Reference Count : 1]<UL><LI> startup_stm32l1xx_hd.o(RESET)
</UL>
<P><STRONG><a name="[e2]"></a>SPI3_IRQHandler</STRONG> (Thumb, 0 bytes, Stack size 0 bytes, startup_stm32l1xx_hd.o(.text))
<BR>[Address Reference Count : 1]<UL><LI> startup_stm32l1xx_hd.o(RESET)
</UL>
<P><STRONG><a name="[b5]"></a>TAMPER_STAMP_IRQHandler</STRONG> (Thumb, 0 bytes, Stack size 0 bytes, startup_stm32l1xx_hd.o(.text))
<BR>[Address Reference Count : 1]<UL><LI> startup_stm32l1xx_hd.o(RESET)
</UL>
<P><STRONG><a name="[cd]"></a>TIM10_IRQHandler</STRONG> (Thumb, 0 bytes, Stack size 0 bytes, startup_stm32l1xx_hd.o(.text))
<BR>[Address Reference Count : 1]<UL><LI> startup_stm32l1xx_hd.o(RESET)
</UL>
<P><STRONG><a name="[ce]"></a>TIM11_IRQHandler</STRONG> (Thumb, 0 bytes, Stack size 0 bytes, startup_stm32l1xx_hd.o(.text))
<BR>[Address Reference Count : 1]<UL><LI> startup_stm32l1xx_hd.o(RESET)
</UL>
<P><STRONG><a name="[de]"></a>TIM6_IRQHandler</STRONG> (Thumb, 0 bytes, Stack size 0 bytes, startup_stm32l1xx_hd.o(.text))
<BR>[Address Reference Count : 1]<UL><LI> startup_stm32l1xx_hd.o(RESET)
</UL>
<P><STRONG><a name="[df]"></a>TIM7_IRQHandler</STRONG> (Thumb, 0 bytes, Stack size 0 bytes, startup_stm32l1xx_hd.o(.text))
<BR>[Address Reference Count : 1]<UL><LI> startup_stm32l1xx_hd.o(RESET)
</UL>
<P><STRONG><a name="[cc]"></a>TIM9_IRQHandler</STRONG> (Thumb, 0 bytes, Stack size 0 bytes, startup_stm32l1xx_hd.o(.text))
<BR>[Address Reference Count : 1]<UL><LI> startup_stm32l1xx_hd.o(RESET)
</UL>
<P><STRONG><a name="[e3]"></a>UART4_IRQHandler</STRONG> (Thumb, 0 bytes, Stack size 0 bytes, startup_stm32l1xx_hd.o(.text))
<BR>[Address Reference Count : 1]<UL><LI> startup_stm32l1xx_hd.o(RESET)
</UL>
<P><STRONG><a name="[e4]"></a>UART5_IRQHandler</STRONG> (Thumb, 0 bytes, Stack size 0 bytes, startup_stm32l1xx_hd.o(.text))
<BR>[Address Reference Count : 1]<UL><LI> startup_stm32l1xx_hd.o(RESET)
</UL>
<P><STRONG><a name="[d9]"></a>USART2_IRQHandler</STRONG> (Thumb, 0 bytes, Stack size 0 bytes, startup_stm32l1xx_hd.o(.text))
<BR>[Address Reference Count : 1]<UL><LI> startup_stm32l1xx_hd.o(RESET)
</UL>
<P><STRONG><a name="[dd]"></a>USB_FS_WKUP_IRQHandler</STRONG> (Thumb, 0 bytes, Stack size 0 bytes, startup_stm32l1xx_hd.o(.text))
<BR>[Address Reference Count : 1]<UL><LI> startup_stm32l1xx_hd.o(RESET)
</UL>
<P><STRONG><a name="[c6]"></a>USB_HP_IRQHandler</STRONG> (Thumb, 0 bytes, Stack size 0 bytes, startup_stm32l1xx_hd.o(.text))
<BR>[Address Reference Count : 1]<UL><LI> startup_stm32l1xx_hd.o(RESET)
</UL>
<P><STRONG><a name="[c7]"></a>USB_LP_IRQHandler</STRONG> (Thumb, 0 bytes, Stack size 0 bytes, startup_stm32l1xx_hd.o(.text))
<BR>[Address Reference Count : 1]<UL><LI> startup_stm32l1xx_hd.o(RESET)
</UL>
<P><STRONG><a name="[b3]"></a>WWDG_IRQHandler</STRONG> (Thumb, 0 bytes, Stack size 0 bytes, startup_stm32l1xx_hd.o(.text))
<BR>[Address Reference Count : 1]<UL><LI> startup_stm32l1xx_hd.o(RESET)
</UL>
<P><STRONG><a name="[32c]"></a>__user_initial_stackheap</STRONG> (Thumb, 0 bytes, Stack size unknown bytes, startup_stm32l1xx_hd.o(.text))
<BR><BR>[Called By]<UL><LI><a href="#[104]">&gt;&gt;</a>&nbsp;&nbsp;&nbsp;__user_setup_stackheap
</UL>

<P><STRONG><a name="[ec]"></a>SystemInit</STRONG> (Thumb, 86 bytes, Stack size 8 bytes, system_stm32l1xx.o(.text))
<BR><BR>[Stack]<UL><LI>Max Depth = 60<LI>Call Chain = SystemInit &rArr; SetSysClock &rArr; RCC_GetClocksFreq
</UL>
<BR>[Calls]<UL><LI><a href="#[10e]">&gt;&gt;</a>&nbsp;&nbsp;&nbsp;SetSysClock
</UL>
<BR>[Called By]<UL><LI><a href="#[19b]">&gt;&gt;</a>&nbsp;&nbsp;&nbsp;BSP_Init
</UL>
<BR>[Address Reference Count : 1]<UL><LI> startup_stm32l1xx_hd.o(.text)
</UL>
<P><STRONG><a name="[355]"></a>SystemCoreClockUpdate</STRONG> (Thumb, 204 bytes, Stack size 16 bytes, system_stm32l1xx.o(.text), UNUSED)

<P><STRONG><a name="[19c]"></a>NVIC_PriorityGroupConfig</STRONG> (Thumb, 10 bytes, Stack size 0 bytes, misc.o(.text))
<BR><BR>[Called By]<UL><LI><a href="#[19b]">&gt;&gt;</a>&nbsp;&nbsp;&nbsp;BSP_Init
</UL>

<P><STRONG><a name="[1b9]"></a>NVIC_Init</STRONG> (Thumb, 106 bytes, Stack size 16 bytes, misc.o(.text))
<BR><BR>[Stack]<UL><LI>Max Depth = 16<LI>Call Chain = NVIC_Init
</UL>
<BR>[Called By]<UL><LI><a href="#[227]">&gt;&gt;</a>&nbsp;&nbsp;&nbsp;InitRfidIntIO
<LI><a href="#[1b2]">&gt;&gt;</a>&nbsp;&nbsp;&nbsp;InputAdcInit
<LI><a href="#[1ac]">&gt;&gt;</a>&nbsp;&nbsp;&nbsp;WlUsartInit
<LI><a href="#[1ad]">&gt;&gt;</a>&nbsp;&nbsp;&nbsp;TIM4_Int_Init
<LI><a href="#[1a7]">&gt;&gt;</a>&nbsp;&nbsp;&nbsp;KeyLedInit
<LI><a href="#[1ab]">&gt;&gt;</a>&nbsp;&nbsp;&nbsp;IrUsartInit
<LI><a href="#[1aa]">&gt;&gt;</a>&nbsp;&nbsp;&nbsp;IrSendTIMConfig
</UL>

<P><STRONG><a name="[356]"></a>NVIC_SetVectorTable</STRONG> (Thumb, 14 bytes, Stack size 0 bytes, misc.o(.text), UNUSED)

<P><STRONG><a name="[357]"></a>NVIC_SystemLPConfig</STRONG> (Thumb, 34 bytes, Stack size 0 bytes, misc.o(.text), UNUSED)

<P><STRONG><a name="[358]"></a>SysTick_CLKSourceConfig</STRONG> (Thumb, 40 bytes, Stack size 0 bytes, misc.o(.text), UNUSED)

<P><STRONG><a name="[110]"></a>ADC_DeInit</STRONG> (Thumb, 28 bytes, Stack size 8 bytes, stm32l1xx_adc.o(.text))
<BR><BR>[Stack]<UL><LI>Max Depth = 8<LI>Call Chain = ADC_DeInit
</UL>
<BR>[Calls]<UL><LI><a href="#[111]">&gt;&gt;</a>&nbsp;&nbsp;&nbsp;RCC_APB2PeriphResetCmd
</UL>
<BR>[Called By]<UL><LI><a href="#[1b2]">&gt;&gt;</a>&nbsp;&nbsp;&nbsp;InputAdcInit
</UL>

<P><STRONG><a name="[1b7]"></a>ADC_Init</STRONG> (Thumb, 74 bytes, Stack size 12 bytes, stm32l1xx_adc.o(.text))
<BR><BR>[Stack]<UL><LI>Max Depth = 12<LI>Call Chain = ADC_Init
</UL>
<BR>[Called By]<UL><LI><a href="#[1b2]">&gt;&gt;</a>&nbsp;&nbsp;&nbsp;InputAdcInit
</UL>

<P><STRONG><a name="[359]"></a>ADC_StructInit</STRONG> (Thumb, 26 bytes, Stack size 0 bytes, stm32l1xx_adc.o(.text), UNUSED)

<P><STRONG><a name="[1b6]"></a>ADC_CommonInit</STRONG> (Thumb, 22 bytes, Stack size 0 bytes, stm32l1xx_adc.o(.text))
<BR><BR>[Called By]<UL><LI><a href="#[1b2]">&gt;&gt;</a>&nbsp;&nbsp;&nbsp;InputAdcInit
</UL>

<P><STRONG><a name="[35a]"></a>ADC_CommonStructInit</STRONG> (Thumb, 6 bytes, Stack size 0 bytes, stm32l1xx_adc.o(.text), UNUSED)

<P><STRONG><a name="[1bb]"></a>ADC_Cmd</STRONG> (Thumb, 22 bytes, Stack size 0 bytes, stm32l1xx_adc.o(.text))
<BR><BR>[Called By]<UL><LI><a href="#[1b2]">&gt;&gt;</a>&nbsp;&nbsp;&nbsp;InputAdcInit
</UL>

<P><STRONG><a name="[35b]"></a>ADC_BankSelection</STRONG> (Thumb, 22 bytes, Stack size 0 bytes, stm32l1xx_adc.o(.text), UNUSED)

<P><STRONG><a name="[35c]"></a>ADC_PowerDownCmd</STRONG> (Thumb, 18 bytes, Stack size 0 bytes, stm32l1xx_adc.o(.text), UNUSED)

<P><STRONG><a name="[35d]"></a>ADC_DelaySelectionConfig</STRONG> (Thumb, 16 bytes, Stack size 0 bytes, stm32l1xx_adc.o(.text), UNUSED)

<P><STRONG><a name="[35e]"></a>ADC_AnalogWatchdogCmd</STRONG> (Thumb, 16 bytes, Stack size 0 bytes, stm32l1xx_adc.o(.text), UNUSED)

<P><STRONG><a name="[35f]"></a>ADC_AnalogWatchdogThresholdsConfig</STRONG> (Thumb, 6 bytes, Stack size 0 bytes, stm32l1xx_adc.o(.text), UNUSED)

<P><STRONG><a name="[360]"></a>ADC_AnalogWatchdogSingleChannelConfig</STRONG> (Thumb, 16 bytes, Stack size 0 bytes, stm32l1xx_adc.o(.text), UNUSED)

<P><STRONG><a name="[1b5]"></a>ADC_TempSensorVrefintCmd</STRONG> (Thumb, 30 bytes, Stack size 0 bytes, stm32l1xx_adc.o(.text))
<BR><BR>[Called By]<UL><LI><a href="#[1b2]">&gt;&gt;</a>&nbsp;&nbsp;&nbsp;InputAdcInit
</UL>

<P><STRONG><a name="[1b8]"></a>ADC_RegularChannelConfig</STRONG> (Thumb, 344 bytes, Stack size 20 bytes, stm32l1xx_adc.o(.text))
<BR><BR>[Stack]<UL><LI>Max Depth = 20<LI>Call Chain = ADC_RegularChannelConfig
</UL>
<BR>[Called By]<UL><LI><a href="#[1b2]">&gt;&gt;</a>&nbsp;&nbsp;&nbsp;InputAdcInit
</UL>

<P><STRONG><a name="[1c1]"></a>ADC_SoftwareStartConv</STRONG> (Thumb, 10 bytes, Stack size 0 bytes, stm32l1xx_adc.o(.text))
<BR><BR>[Called By]<UL><LI><a href="#[1b2]">&gt;&gt;</a>&nbsp;&nbsp;&nbsp;InputAdcInit
</UL>

<P><STRONG><a name="[361]"></a>ADC_GetSoftwareStartConvStatus</STRONG> (Thumb, 20 bytes, Stack size 0 bytes, stm32l1xx_adc.o(.text), UNUSED)

<P><STRONG><a name="[362]"></a>ADC_EOCOnEachRegularChannelCmd</STRONG> (Thumb, 22 bytes, Stack size 0 bytes, stm32l1xx_adc.o(.text), UNUSED)

<P><STRONG><a name="[363]"></a>ADC_ContinuousModeCmd</STRONG> (Thumb, 22 bytes, Stack size 0 bytes, stm32l1xx_adc.o(.text), UNUSED)

<P><STRONG><a name="[364]"></a>ADC_DiscModeChannelCountConfig</STRONG> (Thumb, 24 bytes, Stack size 8 bytes, stm32l1xx_adc.o(.text), UNUSED)

<P><STRONG><a name="[365]"></a>ADC_DiscModeCmd</STRONG> (Thumb, 22 bytes, Stack size 0 bytes, stm32l1xx_adc.o(.text), UNUSED)

<P><STRONG><a name="[366]"></a>ADC_GetConversionValue</STRONG> (Thumb, 8 bytes, Stack size 0 bytes, stm32l1xx_adc.o(.text), UNUSED)

<P><STRONG><a name="[1bf]"></a>ADC_DMACmd</STRONG> (Thumb, 22 bytes, Stack size 0 bytes, stm32l1xx_adc.o(.text))
<BR><BR>[Called By]<UL><LI><a href="#[1b2]">&gt;&gt;</a>&nbsp;&nbsp;&nbsp;InputAdcInit
</UL>

<P><STRONG><a name="[1c0]"></a>ADC_DMARequestAfterLastTransferCmd</STRONG> (Thumb, 22 bytes, Stack size 0 bytes, stm32l1xx_adc.o(.text))
<BR><BR>[Called By]<UL><LI><a href="#[1b2]">&gt;&gt;</a>&nbsp;&nbsp;&nbsp;InputAdcInit
</UL>

<P><STRONG><a name="[367]"></a>ADC_InjectedChannelConfig</STRONG> (Thumb, 232 bytes, Stack size 20 bytes, stm32l1xx_adc.o(.text), UNUSED)

<P><STRONG><a name="[368]"></a>ADC_InjectedSequencerLengthConfig</STRONG> (Thumb, 24 bytes, Stack size 8 bytes, stm32l1xx_adc.o(.text), UNUSED)

<P><STRONG><a name="[369]"></a>ADC_SetInjectedOffset</STRONG> (Thumb, 20 bytes, Stack size 8 bytes, stm32l1xx_adc.o(.text), UNUSED)

<P><STRONG><a name="[36a]"></a>ADC_ExternalTrigInjectedConvConfig</STRONG> (Thumb, 16 bytes, Stack size 0 bytes, stm32l1xx_adc.o(.text), UNUSED)

<P><STRONG><a name="[36b]"></a>ADC_ExternalTrigInjectedConvEdgeConfig</STRONG> (Thumb, 16 bytes, Stack size 0 bytes, stm32l1xx_adc.o(.text), UNUSED)

<P><STRONG><a name="[36c]"></a>ADC_SoftwareStartInjectedConv</STRONG> (Thumb, 10 bytes, Stack size 0 bytes, stm32l1xx_adc.o(.text), UNUSED)

<P><STRONG><a name="[36d]"></a>ADC_GetSoftwareStartInjectedConvCmdStatus</STRONG> (Thumb, 20 bytes, Stack size 0 bytes, stm32l1xx_adc.o(.text), UNUSED)

<P><STRONG><a name="[36e]"></a>ADC_AutoInjectedConvCmd</STRONG> (Thumb, 22 bytes, Stack size 0 bytes, stm32l1xx_adc.o(.text), UNUSED)

<P><STRONG><a name="[36f]"></a>ADC_InjectedDiscModeCmd</STRONG> (Thumb, 22 bytes, Stack size 0 bytes, stm32l1xx_adc.o(.text), UNUSED)

<P><STRONG><a name="[370]"></a>ADC_GetInjectedConversionValue</STRONG> (Thumb, 28 bytes, Stack size 8 bytes, stm32l1xx_adc.o(.text), UNUSED)

<P><STRONG><a name="[1ba]"></a>ADC_ITConfig</STRONG> (Thumb, 32 bytes, Stack size 8 bytes, stm32l1xx_adc.o(.text))
<BR><BR>[Stack]<UL><LI>Max Depth = 8<LI>Call Chain = ADC_ITConfig
</UL>
<BR>[Called By]<UL><LI><a href="#[1b2]">&gt;&gt;</a>&nbsp;&nbsp;&nbsp;InputAdcInit
</UL>

<P><STRONG><a name="[1bc]"></a>ADC_GetFlagStatus</STRONG> (Thumb, 18 bytes, Stack size 0 bytes, stm32l1xx_adc.o(.text))
<BR><BR>[Called By]<UL><LI><a href="#[c5]">&gt;&gt;</a>&nbsp;&nbsp;&nbsp;ADC1_IRQHandler
<LI><a href="#[1b2]">&gt;&gt;</a>&nbsp;&nbsp;&nbsp;InputAdcInit
</UL>

<P><STRONG><a name="[1c4]"></a>ADC_ClearFlag</STRONG> (Thumb, 6 bytes, Stack size 0 bytes, stm32l1xx_adc.o(.text))
<BR><BR>[Called By]<UL><LI><a href="#[c5]">&gt;&gt;</a>&nbsp;&nbsp;&nbsp;ADC1_IRQHandler
</UL>

<P><STRONG><a name="[371]"></a>ADC_GetITStatus</STRONG> (Thumb, 38 bytes, Stack size 16 bytes, stm32l1xx_adc.o(.text), UNUSED)

<P><STRONG><a name="[372]"></a>ADC_ClearITPendingBit</STRONG> (Thumb, 10 bytes, Stack size 0 bytes, stm32l1xx_adc.o(.text), UNUSED)

<P><STRONG><a name="[1bd]"></a>DMA_DeInit</STRONG> (Thumb, 324 bytes, Stack size 0 bytes, stm32l1xx_dma.o(.text))
<BR><BR>[Called By]<UL><LI><a href="#[1b2]">&gt;&gt;</a>&nbsp;&nbsp;&nbsp;InputAdcInit
</UL>

<P><STRONG><a name="[1be]"></a>DMA_Init</STRONG> (Thumb, 60 bytes, Stack size 8 bytes, stm32l1xx_dma.o(.text))
<BR><BR>[Stack]<UL><LI>Max Depth = 8<LI>Call Chain = DMA_Init
</UL>
<BR>[Called By]<UL><LI><a href="#[1b2]">&gt;&gt;</a>&nbsp;&nbsp;&nbsp;InputAdcInit
</UL>

<P><STRONG><a name="[373]"></a>DMA_StructInit</STRONG> (Thumb, 26 bytes, Stack size 0 bytes, stm32l1xx_dma.o(.text), UNUSED)

<P><STRONG><a name="[1c2]"></a>DMA_Cmd</STRONG> (Thumb, 24 bytes, Stack size 0 bytes, stm32l1xx_dma.o(.text))
<BR><BR>[Called By]<UL><LI><a href="#[c5]">&gt;&gt;</a>&nbsp;&nbsp;&nbsp;ADC1_IRQHandler
<LI><a href="#[1b2]">&gt;&gt;</a>&nbsp;&nbsp;&nbsp;InputAdcInit
</UL>

<P><STRONG><a name="[374]"></a>DMA_SetCurrDataCounter</STRONG> (Thumb, 4 bytes, Stack size 0 bytes, stm32l1xx_dma.o(.text), UNUSED)

<P><STRONG><a name="[375]"></a>DMA_GetCurrDataCounter</STRONG> (Thumb, 8 bytes, Stack size 0 bytes, stm32l1xx_dma.o(.text), UNUSED)

<P><STRONG><a name="[376]"></a>DMA_ITConfig</STRONG> (Thumb, 18 bytes, Stack size 0 bytes, stm32l1xx_dma.o(.text), UNUSED)

<P><STRONG><a name="[377]"></a>DMA_GetFlagStatus</STRONG> (Thumb, 40 bytes, Stack size 0 bytes, stm32l1xx_dma.o(.text), UNUSED)

<P><STRONG><a name="[378]"></a>DMA_ClearFlag</STRONG> (Thumb, 22 bytes, Stack size 0 bytes, stm32l1xx_dma.o(.text), UNUSED)

<P><STRONG><a name="[379]"></a>DMA_GetITStatus</STRONG> (Thumb, 40 bytes, Stack size 0 bytes, stm32l1xx_dma.o(.text), UNUSED)

<P><STRONG><a name="[37a]"></a>DMA_ClearITPendingBit</STRONG> (Thumb, 22 bytes, Stack size 0 bytes, stm32l1xx_dma.o(.text), UNUSED)

<P><STRONG><a name="[37b]"></a>EXTI_DeInit</STRONG> (Thumb, 30 bytes, Stack size 0 bytes, stm32l1xx_exti.o(.text), UNUSED)

<P><STRONG><a name="[229]"></a>EXTI_Init</STRONG> (Thumb, 142 bytes, Stack size 0 bytes, stm32l1xx_exti.o(.text))
<BR><BR>[Called By]<UL><LI><a href="#[227]">&gt;&gt;</a>&nbsp;&nbsp;&nbsp;InitRfidIntIO
</UL>

<P><STRONG><a name="[37c]"></a>EXTI_StructInit</STRONG> (Thumb, 16 bytes, Stack size 0 bytes, stm32l1xx_exti.o(.text), UNUSED)

<P><STRONG><a name="[37d]"></a>EXTI_GenerateSWInterrupt</STRONG> (Thumb, 16 bytes, Stack size 0 bytes, stm32l1xx_exti.o(.text), UNUSED)

<P><STRONG><a name="[23b]"></a>EXTI_GetFlagStatus</STRONG> (Thumb, 22 bytes, Stack size 0 bytes, stm32l1xx_exti.o(.text))
<BR><BR>[Called By]<UL><LI><a href="#[ca]">&gt;&gt;</a>&nbsp;&nbsp;&nbsp;EXTI9_5_IRQHandler
</UL>

<P><STRONG><a name="[23c]"></a>EXTI_ClearFlag</STRONG> (Thumb, 8 bytes, Stack size 0 bytes, stm32l1xx_exti.o(.text))
<BR><BR>[Called By]<UL><LI><a href="#[ca]">&gt;&gt;</a>&nbsp;&nbsp;&nbsp;EXTI9_5_IRQHandler
</UL>

<P><STRONG><a name="[37e]"></a>EXTI_GetITStatus</STRONG> (Thumb, 22 bytes, Stack size 0 bytes, stm32l1xx_exti.o(.text), UNUSED)

<P><STRONG><a name="[37f]"></a>EXTI_ClearITPendingBit</STRONG> (Thumb, 8 bytes, Stack size 0 bytes, stm32l1xx_exti.o(.text), UNUSED)

<P><STRONG><a name="[24a]"></a>FLASH_SetLatency</STRONG> (Thumb, 18 bytes, Stack size 0 bytes, stm32l1xx_flash.o(.text))
<BR><BR>[Called By]<UL><LI><a href="#[a1]">&gt;&gt;</a>&nbsp;&nbsp;&nbsp;LogicStatusRfidTransPrg0Proc
<LI><a href="#[1c]">&gt;&gt;</a>&nbsp;&nbsp;&nbsp;WL_RfidUpdateTransEndProc
<LI><a href="#[1e]">&gt;&gt;</a>&nbsp;&nbsp;&nbsp;WL_RfidUpdateCodeDwlProc
<LI><a href="#[20]">&gt;&gt;</a>&nbsp;&nbsp;&nbsp;WL_RfidUpdateVersionDwlProc
<LI><a href="#[17]">&gt;&gt;</a>&nbsp;&nbsp;&nbsp;RfidUpdateTransEndProc
<LI><a href="#[19]">&gt;&gt;</a>&nbsp;&nbsp;&nbsp;RfidUpdateCodeDwlProc
<LI><a href="#[1b]">&gt;&gt;</a>&nbsp;&nbsp;&nbsp;RfidUpdateVersionDwlProc
<LI><a href="#[2f6]">&gt;&gt;</a>&nbsp;&nbsp;&nbsp;BootDateUpdate
<LI><a href="#[249]">&gt;&gt;</a>&nbsp;&nbsp;&nbsp;WriteActionInfo
<LI><a href="#[d]">&gt;&gt;</a>&nbsp;&nbsp;&nbsp;InterfaceModeSelfRecvTransPrgProc
<LI><a href="#[a2]">&gt;&gt;</a>&nbsp;&nbsp;&nbsp;LogicStatusRfidTransPrgProc
</UL>

<P><STRONG><a name="[380]"></a>FLASH_PrefetchBufferCmd</STRONG> (Thumb, 30 bytes, Stack size 0 bytes, stm32l1xx_flash.o(.text), UNUSED)

<P><STRONG><a name="[381]"></a>FLASH_ReadAccess64Cmd</STRONG> (Thumb, 30 bytes, Stack size 0 bytes, stm32l1xx_flash.o(.text), UNUSED)

<P><STRONG><a name="[382]"></a>FLASH_SLEEPPowerDownCmd</STRONG> (Thumb, 30 bytes, Stack size 0 bytes, stm32l1xx_flash.o(.text), UNUSED)

<P><STRONG><a name="[113]"></a>DATA_EEPROM_Unlock</STRONG> (Thumb, 26 bytes, Stack size 0 bytes, stm32l1xx_flash.o(.text))
<BR><BR>[Called By]<UL><LI><a href="#[121]">&gt;&gt;</a>&nbsp;&nbsp;&nbsp;FLASH_OB_Unlock
<LI><a href="#[112]">&gt;&gt;</a>&nbsp;&nbsp;&nbsp;FLASH_Unlock
<LI><a href="#[242]">&gt;&gt;</a>&nbsp;&nbsp;&nbsp;EepromWriteWords
<LI><a href="#[23f]">&gt;&gt;</a>&nbsp;&nbsp;&nbsp;EepromWriteBytes
</UL>

<P><STRONG><a name="[112]"></a>FLASH_Unlock</STRONG> (Thumb, 32 bytes, Stack size 4 bytes, stm32l1xx_flash.o(.text))
<BR><BR>[Stack]<UL><LI>Max Depth = 4<LI>Call Chain = FLASH_Unlock
</UL>
<BR>[Calls]<UL><LI><a href="#[113]">&gt;&gt;</a>&nbsp;&nbsp;&nbsp;DATA_EEPROM_Unlock
</UL>
<BR>[Called By]<UL><LI><a href="#[a1]">&gt;&gt;</a>&nbsp;&nbsp;&nbsp;LogicStatusRfidTransPrg0Proc
<LI><a href="#[1c]">&gt;&gt;</a>&nbsp;&nbsp;&nbsp;WL_RfidUpdateTransEndProc
<LI><a href="#[1e]">&gt;&gt;</a>&nbsp;&nbsp;&nbsp;WL_RfidUpdateCodeDwlProc
<LI><a href="#[20]">&gt;&gt;</a>&nbsp;&nbsp;&nbsp;WL_RfidUpdateVersionDwlProc
<LI><a href="#[17]">&gt;&gt;</a>&nbsp;&nbsp;&nbsp;RfidUpdateTransEndProc
<LI><a href="#[19]">&gt;&gt;</a>&nbsp;&nbsp;&nbsp;RfidUpdateCodeDwlProc
<LI><a href="#[1b]">&gt;&gt;</a>&nbsp;&nbsp;&nbsp;RfidUpdateVersionDwlProc
<LI><a href="#[2f6]">&gt;&gt;</a>&nbsp;&nbsp;&nbsp;BootDateUpdate
<LI><a href="#[249]">&gt;&gt;</a>&nbsp;&nbsp;&nbsp;WriteActionInfo
<LI><a href="#[d]">&gt;&gt;</a>&nbsp;&nbsp;&nbsp;InterfaceModeSelfRecvTransPrgProc
<LI><a href="#[a2]">&gt;&gt;</a>&nbsp;&nbsp;&nbsp;LogicStatusRfidTransPrgProc
</UL>

<P><STRONG><a name="[24e]"></a>FLASH_Lock</STRONG> (Thumb, 18 bytes, Stack size 0 bytes, stm32l1xx_flash.o(.text))
<BR><BR>[Called By]<UL><LI><a href="#[a1]">&gt;&gt;</a>&nbsp;&nbsp;&nbsp;LogicStatusRfidTransPrg0Proc
<LI><a href="#[1c]">&gt;&gt;</a>&nbsp;&nbsp;&nbsp;WL_RfidUpdateTransEndProc
<LI><a href="#[1e]">&gt;&gt;</a>&nbsp;&nbsp;&nbsp;WL_RfidUpdateCodeDwlProc
<LI><a href="#[17]">&gt;&gt;</a>&nbsp;&nbsp;&nbsp;RfidUpdateTransEndProc
<LI><a href="#[19]">&gt;&gt;</a>&nbsp;&nbsp;&nbsp;RfidUpdateCodeDwlProc
<LI><a href="#[249]">&gt;&gt;</a>&nbsp;&nbsp;&nbsp;WriteActionInfo
<LI><a href="#[d]">&gt;&gt;</a>&nbsp;&nbsp;&nbsp;InterfaceModeSelfRecvTransPrgProc
<LI><a href="#[a2]">&gt;&gt;</a>&nbsp;&nbsp;&nbsp;LogicStatusRfidTransPrgProc
</UL>

<P><STRONG><a name="[115]"></a>FLASH_GetStatus</STRONG> (Thumb, 54 bytes, Stack size 0 bytes, stm32l1xx_flash.o(.text))
<BR><BR>[Called By]<UL><LI><a href="#[114]">&gt;&gt;</a>&nbsp;&nbsp;&nbsp;FLASH_WaitForLastOperation
</UL>

<P><STRONG><a name="[114]"></a>FLASH_WaitForLastOperation</STRONG> (Thumb, 48 bytes, Stack size 8 bytes, stm32l1xx_flash.o(.text))
<BR><BR>[Stack]<UL><LI>Max Depth = 8<LI>Call Chain = FLASH_WaitForLastOperation
</UL>
<BR>[Calls]<UL><LI><a href="#[115]">&gt;&gt;</a>&nbsp;&nbsp;&nbsp;FLASH_GetStatus
</UL>
<BR>[Called By]<UL><LI><a href="#[12b]">&gt;&gt;</a>&nbsp;&nbsp;&nbsp;FLASH_OB_BootConfig
<LI><a href="#[12a]">&gt;&gt;</a>&nbsp;&nbsp;&nbsp;FLASH_OB_BORConfig
<LI><a href="#[129]">&gt;&gt;</a>&nbsp;&nbsp;&nbsp;FLASH_OB_UserConfig
<LI><a href="#[128]">&gt;&gt;</a>&nbsp;&nbsp;&nbsp;FLASH_OB_PCROPSelectionConfig
<LI><a href="#[127]">&gt;&gt;</a>&nbsp;&nbsp;&nbsp;FLASH_OB_PCROP1Config
<LI><a href="#[126]">&gt;&gt;</a>&nbsp;&nbsp;&nbsp;FLASH_OB_PCROPConfig
<LI><a href="#[125]">&gt;&gt;</a>&nbsp;&nbsp;&nbsp;FLASH_OB_RDPConfig
<LI><a href="#[124]">&gt;&gt;</a>&nbsp;&nbsp;&nbsp;FLASH_OB_WRP2Config
<LI><a href="#[123]">&gt;&gt;</a>&nbsp;&nbsp;&nbsp;FLASH_OB_WRP1Config
<LI><a href="#[122]">&gt;&gt;</a>&nbsp;&nbsp;&nbsp;FLASH_OB_WRPConfig
<LI><a href="#[120]">&gt;&gt;</a>&nbsp;&nbsp;&nbsp;DATA_EEPROM_ProgramWord
<LI><a href="#[11f]">&gt;&gt;</a>&nbsp;&nbsp;&nbsp;DATA_EEPROM_ProgramHalfWord
<LI><a href="#[11e]">&gt;&gt;</a>&nbsp;&nbsp;&nbsp;DATA_EEPROM_ProgramByte
<LI><a href="#[11d]">&gt;&gt;</a>&nbsp;&nbsp;&nbsp;DATA_EEPROM_FastProgramWord
<LI><a href="#[11c]">&gt;&gt;</a>&nbsp;&nbsp;&nbsp;DATA_EEPROM_FastProgramHalfWord
<LI><a href="#[11b]">&gt;&gt;</a>&nbsp;&nbsp;&nbsp;DATA_EEPROM_FastProgramByte
<LI><a href="#[11a]">&gt;&gt;</a>&nbsp;&nbsp;&nbsp;DATA_EEPROM_EraseWord
<LI><a href="#[119]">&gt;&gt;</a>&nbsp;&nbsp;&nbsp;DATA_EEPROM_EraseHalfWord
<LI><a href="#[118]">&gt;&gt;</a>&nbsp;&nbsp;&nbsp;DATA_EEPROM_EraseByte
<LI><a href="#[117]">&gt;&gt;</a>&nbsp;&nbsp;&nbsp;FLASH_FastProgramWord
<LI><a href="#[116]">&gt;&gt;</a>&nbsp;&nbsp;&nbsp;FLASH_ErasePage
</UL>

<P><STRONG><a name="[116]"></a>FLASH_ErasePage</STRONG> (Thumb, 86 bytes, Stack size 12 bytes, stm32l1xx_flash.o(.text))
<BR><BR>[Stack]<UL><LI>Max Depth = 20<LI>Call Chain = FLASH_ErasePage &rArr; FLASH_WaitForLastOperation
</UL>
<BR>[Calls]<UL><LI><a href="#[114]">&gt;&gt;</a>&nbsp;&nbsp;&nbsp;FLASH_WaitForLastOperation
</UL>
<BR>[Called By]<UL><LI><a href="#[2e7]">&gt;&gt;</a>&nbsp;&nbsp;&nbsp;InFlashErasePage
</UL>

<P><STRONG><a name="[117]"></a>FLASH_FastProgramWord</STRONG> (Thumb, 34 bytes, Stack size 16 bytes, stm32l1xx_flash.o(.text))
<BR><BR>[Stack]<UL><LI>Max Depth = 24<LI>Call Chain = FLASH_FastProgramWord &rArr; FLASH_WaitForLastOperation
</UL>
<BR>[Calls]<UL><LI><a href="#[114]">&gt;&gt;</a>&nbsp;&nbsp;&nbsp;FLASH_WaitForLastOperation
</UL>
<BR>[Called By]<UL><LI><a href="#[2f2]">&gt;&gt;</a>&nbsp;&nbsp;&nbsp;IapFlagClear
<LI><a href="#[2f1]">&gt;&gt;</a>&nbsp;&nbsp;&nbsp;IapFlagSet
<LI><a href="#[2ee]">&gt;&gt;</a>&nbsp;&nbsp;&nbsp;IapWriteCrc
<LI><a href="#[2ec]">&gt;&gt;</a>&nbsp;&nbsp;&nbsp;IapWriteCodeLen
<LI><a href="#[2eb]">&gt;&gt;</a>&nbsp;&nbsp;&nbsp;IapLoadCode
<LI><a href="#[2e8]">&gt;&gt;</a>&nbsp;&nbsp;&nbsp;InFlashWriteBuf
</UL>

<P><STRONG><a name="[241]"></a>DATA_EEPROM_Lock</STRONG> (Thumb, 18 bytes, Stack size 0 bytes, stm32l1xx_flash.o(.text))
<BR><BR>[Called By]<UL><LI><a href="#[242]">&gt;&gt;</a>&nbsp;&nbsp;&nbsp;EepromWriteWords
<LI><a href="#[23f]">&gt;&gt;</a>&nbsp;&nbsp;&nbsp;EepromWriteBytes
</UL>

<P><STRONG><a name="[383]"></a>DATA_EEPROM_FixedTimeProgramCmd</STRONG> (Thumb, 38 bytes, Stack size 0 bytes, stm32l1xx_flash.o(.text), UNUSED)

<P><STRONG><a name="[118]"></a>DATA_EEPROM_EraseByte</STRONG> (Thumb, 26 bytes, Stack size 12 bytes, stm32l1xx_flash.o(.text), UNUSED)
<BR><BR>[Calls]<UL><LI><a href="#[114]">&gt;&gt;</a>&nbsp;&nbsp;&nbsp;FLASH_WaitForLastOperation
</UL>

<P><STRONG><a name="[119]"></a>DATA_EEPROM_EraseHalfWord</STRONG> (Thumb, 26 bytes, Stack size 12 bytes, stm32l1xx_flash.o(.text), UNUSED)
<BR><BR>[Calls]<UL><LI><a href="#[114]">&gt;&gt;</a>&nbsp;&nbsp;&nbsp;FLASH_WaitForLastOperation
</UL>

<P><STRONG><a name="[11a]"></a>DATA_EEPROM_EraseWord</STRONG> (Thumb, 26 bytes, Stack size 12 bytes, stm32l1xx_flash.o(.text), UNUSED)
<BR><BR>[Calls]<UL><LI><a href="#[114]">&gt;&gt;</a>&nbsp;&nbsp;&nbsp;FLASH_WaitForLastOperation
</UL>

<P><STRONG><a name="[11b]"></a>DATA_EEPROM_FastProgramByte</STRONG> (Thumb, 50 bytes, Stack size 16 bytes, stm32l1xx_flash.o(.text))
<BR><BR>[Stack]<UL><LI>Max Depth = 24<LI>Call Chain = DATA_EEPROM_FastProgramByte &rArr; FLASH_WaitForLastOperation
</UL>
<BR>[Calls]<UL><LI><a href="#[114]">&gt;&gt;</a>&nbsp;&nbsp;&nbsp;FLASH_WaitForLastOperation
</UL>
<BR>[Called By]<UL><LI><a href="#[23f]">&gt;&gt;</a>&nbsp;&nbsp;&nbsp;EepromWriteBytes
</UL>

<P><STRONG><a name="[11c]"></a>DATA_EEPROM_FastProgramHalfWord</STRONG> (Thumb, 50 bytes, Stack size 16 bytes, stm32l1xx_flash.o(.text), UNUSED)
<BR><BR>[Calls]<UL><LI><a href="#[114]">&gt;&gt;</a>&nbsp;&nbsp;&nbsp;FLASH_WaitForLastOperation
</UL>

<P><STRONG><a name="[11d]"></a>DATA_EEPROM_FastProgramWord</STRONG> (Thumb, 50 bytes, Stack size 16 bytes, stm32l1xx_flash.o(.text))
<BR><BR>[Stack]<UL><LI>Max Depth = 24<LI>Call Chain = DATA_EEPROM_FastProgramWord &rArr; FLASH_WaitForLastOperation
</UL>
<BR>[Calls]<UL><LI><a href="#[114]">&gt;&gt;</a>&nbsp;&nbsp;&nbsp;FLASH_WaitForLastOperation
</UL>
<BR>[Called By]<UL><LI><a href="#[23f]">&gt;&gt;</a>&nbsp;&nbsp;&nbsp;EepromWriteBytes
</UL>

<P><STRONG><a name="[11e]"></a>DATA_EEPROM_ProgramByte</STRONG> (Thumb, 34 bytes, Stack size 16 bytes, stm32l1xx_flash.o(.text), UNUSED)
<BR><BR>[Calls]<UL><LI><a href="#[114]">&gt;&gt;</a>&nbsp;&nbsp;&nbsp;FLASH_WaitForLastOperation
</UL>

<P><STRONG><a name="[11f]"></a>DATA_EEPROM_ProgramHalfWord</STRONG> (Thumb, 34 bytes, Stack size 16 bytes, stm32l1xx_flash.o(.text), UNUSED)
<BR><BR>[Calls]<UL><LI><a href="#[114]">&gt;&gt;</a>&nbsp;&nbsp;&nbsp;FLASH_WaitForLastOperation
</UL>

<P><STRONG><a name="[120]"></a>DATA_EEPROM_ProgramWord</STRONG> (Thumb, 34 bytes, Stack size 16 bytes, stm32l1xx_flash.o(.text), UNUSED)
<BR><BR>[Calls]<UL><LI><a href="#[114]">&gt;&gt;</a>&nbsp;&nbsp;&nbsp;FLASH_WaitForLastOperation
</UL>
<BR>[Called By]<UL><LI><a href="#[242]">&gt;&gt;</a>&nbsp;&nbsp;&nbsp;EepromWriteWords
</UL>

<P><STRONG><a name="[121]"></a>FLASH_OB_Unlock</STRONG> (Thumb, 32 bytes, Stack size 4 bytes, stm32l1xx_flash.o(.text), UNUSED)
<BR><BR>[Calls]<UL><LI><a href="#[113]">&gt;&gt;</a>&nbsp;&nbsp;&nbsp;DATA_EEPROM_Unlock
</UL>

<P><STRONG><a name="[384]"></a>FLASH_OB_Lock</STRONG> (Thumb, 18 bytes, Stack size 0 bytes, stm32l1xx_flash.o(.text), UNUSED)

<P><STRONG><a name="[385]"></a>FLASH_OB_Launch</STRONG> (Thumb, 18 bytes, Stack size 0 bytes, stm32l1xx_flash.o(.text), UNUSED)

<P><STRONG><a name="[122]"></a>FLASH_OB_WRPConfig</STRONG> (Thumb, 176 bytes, Stack size 32 bytes, stm32l1xx_flash.o(.text), UNUSED)
<BR><BR>[Calls]<UL><LI><a href="#[114]">&gt;&gt;</a>&nbsp;&nbsp;&nbsp;FLASH_WaitForLastOperation
</UL>

<P><STRONG><a name="[123]"></a>FLASH_OB_WRP1Config</STRONG> (Thumb, 142 bytes, Stack size 32 bytes, stm32l1xx_flash.o(.text), UNUSED)
<BR><BR>[Calls]<UL><LI><a href="#[114]">&gt;&gt;</a>&nbsp;&nbsp;&nbsp;FLASH_WaitForLastOperation
</UL>

<P><STRONG><a name="[124]"></a>FLASH_OB_WRP2Config</STRONG> (Thumb, 142 bytes, Stack size 32 bytes, stm32l1xx_flash.o(.text), UNUSED)
<BR><BR>[Calls]<UL><LI><a href="#[114]">&gt;&gt;</a>&nbsp;&nbsp;&nbsp;FLASH_WaitForLastOperation
</UL>

<P><STRONG><a name="[125]"></a>FLASH_OB_RDPConfig</STRONG> (Thumb, 48 bytes, Stack size 20 bytes, stm32l1xx_flash.o(.text), UNUSED)
<BR><BR>[Calls]<UL><LI><a href="#[114]">&gt;&gt;</a>&nbsp;&nbsp;&nbsp;FLASH_WaitForLastOperation
</UL>

<P><STRONG><a name="[126]"></a>FLASH_OB_PCROPConfig</STRONG> (Thumb, 142 bytes, Stack size 32 bytes, stm32l1xx_flash.o(.text), UNUSED)
<BR><BR>[Calls]<UL><LI><a href="#[114]">&gt;&gt;</a>&nbsp;&nbsp;&nbsp;FLASH_WaitForLastOperation
</UL>

<P><STRONG><a name="[127]"></a>FLASH_OB_PCROP1Config</STRONG> (Thumb, 142 bytes, Stack size 32 bytes, stm32l1xx_flash.o(.text), UNUSED)
<BR><BR>[Calls]<UL><LI><a href="#[114]">&gt;&gt;</a>&nbsp;&nbsp;&nbsp;FLASH_WaitForLastOperation
</UL>

<P><STRONG><a name="[128]"></a>FLASH_OB_PCROPSelectionConfig</STRONG> (Thumb, 72 bytes, Stack size 28 bytes, stm32l1xx_flash.o(.text), UNUSED)
<BR><BR>[Calls]<UL><LI><a href="#[114]">&gt;&gt;</a>&nbsp;&nbsp;&nbsp;FLASH_WaitForLastOperation
</UL>

<P><STRONG><a name="[129]"></a>FLASH_OB_UserConfig</STRONG> (Thumb, 92 bytes, Stack size 28 bytes, stm32l1xx_flash.o(.text), UNUSED)
<BR><BR>[Calls]<UL><LI><a href="#[114]">&gt;&gt;</a>&nbsp;&nbsp;&nbsp;FLASH_WaitForLastOperation
</UL>

<P><STRONG><a name="[12a]"></a>FLASH_OB_BORConfig</STRONG> (Thumb, 64 bytes, Stack size 20 bytes, stm32l1xx_flash.o(.text), UNUSED)
<BR><BR>[Calls]<UL><LI><a href="#[114]">&gt;&gt;</a>&nbsp;&nbsp;&nbsp;FLASH_WaitForLastOperation
</UL>

<P><STRONG><a name="[12b]"></a>FLASH_OB_BootConfig</STRONG> (Thumb, 62 bytes, Stack size 20 bytes, stm32l1xx_flash.o(.text), UNUSED)
<BR><BR>[Calls]<UL><LI><a href="#[114]">&gt;&gt;</a>&nbsp;&nbsp;&nbsp;FLASH_WaitForLastOperation
</UL>

<P><STRONG><a name="[386]"></a>FLASH_OB_GetUser</STRONG> (Thumb, 10 bytes, Stack size 0 bytes, stm32l1xx_flash.o(.text), UNUSED)

<P><STRONG><a name="[387]"></a>FLASH_OB_GetWRP</STRONG> (Thumb, 8 bytes, Stack size 0 bytes, stm32l1xx_flash.o(.text), UNUSED)

<P><STRONG><a name="[388]"></a>FLASH_OB_GetWRP1</STRONG> (Thumb, 8 bytes, Stack size 0 bytes, stm32l1xx_flash.o(.text), UNUSED)

<P><STRONG><a name="[389]"></a>FLASH_OB_GetWRP2</STRONG> (Thumb, 8 bytes, Stack size 0 bytes, stm32l1xx_flash.o(.text), UNUSED)

<P><STRONG><a name="[38a]"></a>FLASH_OB_GetRDP</STRONG> (Thumb, 20 bytes, Stack size 0 bytes, stm32l1xx_flash.o(.text), UNUSED)

<P><STRONG><a name="[38b]"></a>FLASH_OB_GetSPRMOD</STRONG> (Thumb, 22 bytes, Stack size 0 bytes, stm32l1xx_flash.o(.text), UNUSED)

<P><STRONG><a name="[38c]"></a>FLASH_OB_GetBOR</STRONG> (Thumb, 10 bytes, Stack size 0 bytes, stm32l1xx_flash.o(.text), UNUSED)

<P><STRONG><a name="[38d]"></a>FLASH_ITConfig</STRONG> (Thumb, 44 bytes, Stack size 0 bytes, stm32l1xx_flash.o(.text), UNUSED)

<P><STRONG><a name="[38e]"></a>FLASH_GetFlagStatus</STRONG> (Thumb, 20 bytes, Stack size 0 bytes, stm32l1xx_flash.o(.text), UNUSED)

<P><STRONG><a name="[240]"></a>FLASH_ClearFlag</STRONG> (Thumb, 6 bytes, Stack size 0 bytes, stm32l1xx_flash.o(.text))
<BR><BR>[Called By]<UL><LI><a href="#[242]">&gt;&gt;</a>&nbsp;&nbsp;&nbsp;EepromWriteWords
<LI><a href="#[23f]">&gt;&gt;</a>&nbsp;&nbsp;&nbsp;EepromWriteBytes
</UL>

<P><STRONG><a name="[12c]"></a>GPIO_DeInit</STRONG> (Thumb, 196 bytes, Stack size 8 bytes, stm32l1xx_gpio.o(.text), UNUSED)
<BR><BR>[Calls]<UL><LI><a href="#[12d]">&gt;&gt;</a>&nbsp;&nbsp;&nbsp;RCC_AHBPeriphResetCmd
</UL>

<P><STRONG><a name="[19e]"></a>GPIO_Init</STRONG> (Thumb, 132 bytes, Stack size 20 bytes, stm32l1xx_gpio.o(.text))
<BR><BR>[Stack]<UL><LI>Max Depth = 20<LI>Call Chain = GPIO_Init
</UL>
<BR>[Called By]<UL><LI><a href="#[230]">&gt;&gt;</a>&nbsp;&nbsp;&nbsp;RFID_SpiPortInit
<LI><a href="#[1cc]">&gt;&gt;</a>&nbsp;&nbsp;&nbsp;OledLowLevelInit
<LI><a href="#[1b2]">&gt;&gt;</a>&nbsp;&nbsp;&nbsp;InputAdcInit
<LI><a href="#[1ac]">&gt;&gt;</a>&nbsp;&nbsp;&nbsp;WlUsartInit
<LI><a href="#[1a2]">&gt;&gt;</a>&nbsp;&nbsp;&nbsp;PwrPinInint
<LI><a href="#[1b0]">&gt;&gt;</a>&nbsp;&nbsp;&nbsp;NcIoInit
<LI><a href="#[1a6]">&gt;&gt;</a>&nbsp;&nbsp;&nbsp;LedInit
<LI><a href="#[1a7]">&gt;&gt;</a>&nbsp;&nbsp;&nbsp;KeyLedInit
<LI><a href="#[1a5]">&gt;&gt;</a>&nbsp;&nbsp;&nbsp;KeyInit
<LI><a href="#[1ab]">&gt;&gt;</a>&nbsp;&nbsp;&nbsp;IrUsartInit
<LI><a href="#[1aa]">&gt;&gt;</a>&nbsp;&nbsp;&nbsp;IrSendTIMConfig
<LI><a href="#[1a8]">&gt;&gt;</a>&nbsp;&nbsp;&nbsp;InputInit
<LI><a href="#[19b]">&gt;&gt;</a>&nbsp;&nbsp;&nbsp;BSP_Init
</UL>

<P><STRONG><a name="[38f]"></a>GPIO_StructInit</STRONG> (Thumb, 18 bytes, Stack size 0 bytes, stm32l1xx_gpio.o(.text), UNUSED)

<P><STRONG><a name="[390]"></a>GPIO_PinLockConfig</STRONG> (Thumb, 34 bytes, Stack size 8 bytes, stm32l1xx_gpio.o(.text), UNUSED)

<P><STRONG><a name="[1e3]"></a>GPIO_ReadInputDataBit</STRONG> (Thumb, 18 bytes, Stack size 0 bytes, stm32l1xx_gpio.o(.text))
<BR><BR>[Called By]<UL><LI><a href="#[222]">&gt;&gt;</a>&nbsp;&nbsp;&nbsp;WaitGPIOReset
<LI><a href="#[20b]">&gt;&gt;</a>&nbsp;&nbsp;&nbsp;InputGetValue
<LI><a href="#[1e2]">&gt;&gt;</a>&nbsp;&nbsp;&nbsp;KeyScanProc
<LI><a href="#[295]">&gt;&gt;</a>&nbsp;&nbsp;&nbsp;LogicShutdownProc
<LI><a href="#[296]">&gt;&gt;</a>&nbsp;&nbsp;&nbsp;InterfaceTaskStartProc
<LI><a href="#[a0]">&gt;&gt;</a>&nbsp;&nbsp;&nbsp;LogicStatusInintProc
</UL>

<P><STRONG><a name="[19f]"></a>GPIO_ReadInputData</STRONG> (Thumb, 6 bytes, Stack size 0 bytes, stm32l1xx_gpio.o(.text))
<BR><BR>[Called By]<UL><LI><a href="#[19b]">&gt;&gt;</a>&nbsp;&nbsp;&nbsp;BSP_Init
</UL>

<P><STRONG><a name="[391]"></a>GPIO_ReadOutputDataBit</STRONG> (Thumb, 18 bytes, Stack size 0 bytes, stm32l1xx_gpio.o(.text), UNUSED)

<P><STRONG><a name="[392]"></a>GPIO_ReadOutputData</STRONG> (Thumb, 6 bytes, Stack size 0 bytes, stm32l1xx_gpio.o(.text), UNUSED)

<P><STRONG><a name="[1c8]"></a>GPIO_SetBits</STRONG> (Thumb, 4 bytes, Stack size 0 bytes, stm32l1xx_gpio.o(.text))
<BR><BR>[Called By]<UL><LI><a href="#[22b]">&gt;&gt;</a>&nbsp;&nbsp;&nbsp;SpiResetChipSingle
<LI><a href="#[223]">&gt;&gt;</a>&nbsp;&nbsp;&nbsp;RfidStrobe
<LI><a href="#[232]">&gt;&gt;</a>&nbsp;&nbsp;&nbsp;SpiMcuRead
<LI><a href="#[224]">&gt;&gt;</a>&nbsp;&nbsp;&nbsp;SpiMcuWrite
<LI><a href="#[1f3]">&gt;&gt;</a>&nbsp;&nbsp;&nbsp;KeyLedScan
<LI><a href="#[1f2]">&gt;&gt;</a>&nbsp;&nbsp;&nbsp;LedShift_595
<LI><a href="#[1ee]">&gt;&gt;</a>&nbsp;&nbsp;&nbsp;ST_CP_595
<LI><a href="#[1ed]">&gt;&gt;</a>&nbsp;&nbsp;&nbsp;SH_CP_595
<LI><a href="#[1e2]">&gt;&gt;</a>&nbsp;&nbsp;&nbsp;KeyScanProc
<LI><a href="#[1d8]">&gt;&gt;</a>&nbsp;&nbsp;&nbsp;LedToggle
[...]
<BR>[Address Reference Count : 1]<UL><LI> logic.o(.data)
</UL>
<P><STRONG><a name="[7f]"></a>LogicGetGrpAckActionNameProc</STRONG> (Thumb, 12 bytes, Stack size 0 bytes, logic.o(.text))
<BR>[Address Reference Count : 1]<UL><LI> logic.o(.data)
</UL>
<P><STRONG><a name="[80]"></a>LogicGetGrpNearScNumbProc</STRONG> (Thumb, 14 bytes, Stack size 0 bytes, logic.o(.text))
<BR>[Address Reference Count : 1]<UL><LI> logic.o(.data)
</UL>
<P><STRONG><a name="[81]"></a>LogicGetGrpRemoteScNumbProc</STRONG> (Thumb, 46 bytes, Stack size 0 bytes, logic.o(.text))
<BR>[Address Reference Count : 1]<UL><LI> logic.o(.data)
</UL>
<P><STRONG><a name="[82]"></a>LogicGetRunStatusProc</STRONG> (Thumb, 12 bytes, Stack size 0 bytes, logic.o(.text))
<BR>[Address Reference Count : 1]<UL><LI> logic.o(.data)
</UL>
<P><STRONG><a name="[83]"></a>LogicGetButtonDownProc</STRONG> (Thumb, 16 bytes, Stack size 0 bytes, logic.o(.text))
<BR>[Address Reference Count : 1]<UL><LI> logic.o(.data)
</UL>
<P><STRONG><a name="[84]"></a>LogicGetButtonDownAckProc</STRONG> (Thumb, 18 bytes, Stack size 0 bytes, logic.o(.text))
<BR>[Address Reference Count : 1]<UL><LI> logic.o(.data)
</UL>
<P><STRONG><a name="[93]"></a>LogicSetHeartProc</STRONG> (Thumb, 36 bytes, Stack size 32 bytes, logic.o(.text))
<BR><BR>[Stack]<UL><LI>Max Depth = 120 + Unknown Stack Size
<LI>Call Chain = LogicSetHeartProc &rArr; RfidMngSendHeart &rArr; RfidTransformTx
</UL>
<BR>[Calls]<UL><LI><a href="#[2d7]">&gt;&gt;</a>&nbsp;&nbsp;&nbsp;RfidMngSendHeart
</UL>
<BR>[Address Reference Count : 1]<UL><LI> logic.o(.data)
</UL>
<P><STRONG><a name="[94]"></a>LogicSetNearCtrlReq</STRONG> (Thumb, 14 bytes, Stack size 8 bytes, logic.o(.text))
<BR><BR>[Stack]<UL><LI>Max Depth = 104 + Unknown Stack Size
<LI>Call Chain = LogicSetNearCtrlReq &rArr; RfidMngNearCtrlReq &rArr; RfidTransformTx
</UL>
<BR>[Calls]<UL><LI><a href="#[2d6]">&gt;&gt;</a>&nbsp;&nbsp;&nbsp;RfidMngNearCtrlReq
</UL>
<BR>[Address Reference Count : 1]<UL><LI> logic.o(.data)
</UL>
<P><STRONG><a name="[85]"></a>LogicGetButtonStatusProc</STRONG> (Thumb, 12 bytes, Stack size 0 bytes, logic.o(.text))
<BR>[Address Reference Count : 1]<UL><LI> logic.o(.data)
</UL>
<P><STRONG><a name="[86]"></a>LogicGetButtonLongDownProc</STRONG> (Thumb, 14 bytes, Stack size 0 bytes, logic.o(.text))
<BR>[Address Reference Count : 1]<UL><LI> logic.o(.data)
</UL>
<P><STRONG><a name="[87]"></a>LogicGetButtonUpProc</STRONG> (Thumb, 18 bytes, Stack size 0 bytes, logic.o(.text))
<BR>[Address Reference Count : 1]<UL><LI> logic.o(.data)
</UL>
<P><STRONG><a name="[88]"></a>LogicGetScActionTypeProc</STRONG> (Thumb, 14 bytes, Stack size 0 bytes, logic.o(.text))
<BR>[Address Reference Count : 1]<UL><LI> logic.o(.data)
</UL>
<P><STRONG><a name="[89]"></a>LogicGetScGejiaNumberProc</STRONG> (Thumb, 14 bytes, Stack size 0 bytes, logic.o(.text))
<BR>[Address Reference Count : 1]<UL><LI> logic.o(.data)
</UL>
<P><STRONG><a name="[8a]"></a>LogicGetBatteryStatusProc</STRONG> (Thumb, 14 bytes, Stack size 0 bytes, logic.o(.text))
<BR>[Address Reference Count : 1]<UL><LI> logic.o(.data)
</UL>
<P><STRONG><a name="[8b]"></a>LogicGetBatteryCoulomStatusProc</STRONG> (Thumb, 14 bytes, Stack size 0 bytes, logic.o(.text))
<BR>[Address Reference Count : 1]<UL><LI> logic.o(.data)
</UL>
<P><STRONG><a name="[8c]"></a>LogicGetBatteryCoulomDataProc</STRONG> (Thumb, 14 bytes, Stack size 0 bytes, logic.o(.text))
<BR>[Address Reference Count : 1]<UL><LI> logic.o(.data)
</UL>
<P><STRONG><a name="[8d]"></a>LogicGetRfidSignStatusProc</STRONG> (Thumb, 14 bytes, Stack size 0 bytes, logic.o(.text))
<BR>[Address Reference Count : 1]<UL><LI> logic.o(.data)
</UL>
<P><STRONG><a name="[96]"></a>LogicStatusIdleProc</STRONG> (Thumb, 4 bytes, Stack size 0 bytes, logic.o(.text))
<BR>[Address Reference Count : 1]<UL><LI> logic.o(.data)
</UL>
<P><STRONG><a name="[97]"></a>LogicStatusIrColibStartProc</STRONG> (Thumb, 32 bytes, Stack size 8 bytes, logic.o(.text))
<BR><BR>[Stack]<UL><LI>Max Depth = 32 + Unknown Stack Size
<LI>Call Chain = LogicStatusIrColibStartProc &rArr; OSTimeDly &rArr; OS_Sched
</UL>
<BR>[Calls]<UL><LI><a href="#[196]">&gt;&gt;</a>&nbsp;&nbsp;&nbsp;OSTimeDly
<LI><a href="#[2bd]">&gt;&gt;</a>&nbsp;&nbsp;&nbsp;IrSendCalibrateCodeInterface
<LI><a href="#[266]">&gt;&gt;</a>&nbsp;&nbsp;&nbsp;LogicRunInfApi
</UL>
<BR>[Address Reference Count : 1]<UL><LI> logic.o(.data)
</UL>
<P><STRONG><a name="[98]"></a>LogicStatusIrColibSuccessdProc</STRONG> (Thumb, 30 bytes, Stack size 8 bytes, logic.o(.text))
<BR><BR>[Stack]<UL><LI>Max Depth = 96 + Unknown Stack Size
<LI>Call Chain = LogicStatusIrColibSuccessdProc &rArr; RfidMngSendDataColibarate &rArr; RfidTransformTx
</UL>
<BR>[Calls]<UL><LI><a href="#[1d7]">&gt;&gt;</a>&nbsp;&nbsp;&nbsp;StateLed
<LI><a href="#[2d0]">&gt;&gt;</a>&nbsp;&nbsp;&nbsp;RfidMngSendDataColibarate
<LI><a href="#[266]">&gt;&gt;</a>&nbsp;&nbsp;&nbsp;LogicRunInfApi
</UL>
<BR>[Address Reference Count : 1]<UL><LI> logic.o(.data)
</UL>
<P><STRONG><a name="[99]"></a>LogicStatusIrColibFailProc</STRONG> (Thumb, 4 bytes, Stack size 0 bytes, logic.o(.text))
<BR>[Address Reference Count : 1]<UL><LI> logic.o(.data)
</UL>
<P><STRONG><a name="[9a]"></a>LogicStatusRfidColibStartProc</STRONG> (Thumb, 18 bytes, Stack size 8 bytes, logic.o(.text))
<BR><BR>[Stack]<UL><LI>Max Depth = 32 + Unknown Stack Size
<LI>Call Chain = LogicStatusRfidColibStartProc &rArr; LogicRunInfApi
</UL>
<BR>[Calls]<UL><LI><a href="#[266]">&gt;&gt;</a>&nbsp;&nbsp;&nbsp;LogicRunInfApi
</UL>
<BR>[Address Reference Count : 1]<UL><LI> logic.o(.data)
</UL>
<P><STRONG><a name="[9b]"></a>LogicStatusRfidColibSuccessdProc</STRONG> (Thumb, 4 bytes, Stack size 0 bytes, logic.o(.text))
<BR>[Address Reference Count : 1]<UL><LI> logic.o(.data)
</UL>
<P><STRONG><a name="[a0]"></a>LogicStatusInintProc</STRONG> (Thumb, 30 bytes, Stack size 8 bytes, logic.o(.text))
<BR><BR>[Stack]<UL><LI>Max Depth = 32 + Unknown Stack Size
<LI>Call Chain = LogicStatusInintProc &rArr; LogicRunInfApi
</UL>
<BR>[Calls]<UL><LI><a href="#[1e3]">&gt;&gt;</a>&nbsp;&nbsp;&nbsp;GPIO_ReadInputDataBit
<LI><a href="#[266]">&gt;&gt;</a>&nbsp;&nbsp;&nbsp;LogicRunInfApi
</UL>
<BR>[Address Reference Count : 1]<UL><LI> logic.o(.data)
</UL>
<P><STRONG><a name="[9c]"></a>LogicStatusRfidColibFailProc</STRONG> (Thumb, 4 bytes, Stack size 0 bytes, logic.o(.text))
<BR>[Address Reference Count : 1]<UL><LI> logic.o(.data)
</UL>
<P><STRONG><a name="[9d]"></a>LogicStatusScSelfCtrlProc</STRONG> (Thumb, 4 bytes, Stack size 0 bytes, logic.o(.text))
<BR>[Address Reference Count : 1]<UL><LI> logic.o(.data)
</UL>
<P><STRONG><a name="[a2]"></a>LogicStatusRfidTransPrgProc</STRONG> (Thumb, 1000 bytes, Stack size 80 bytes, logic.o(.text))
<BR><BR>[Stack]<UL><LI>Max Depth = 236 + Unknown Stack Size
<LI>Call Chain = LogicStatusRfidTransPrgProc &rArr; ShowStr16b &rArr; ShowChar_HZ16b &rArr; IapReadBuf &rArr; InFlashReadBuf
</UL>
<BR>[Calls]<UL><LI><a href="#[24e]">&gt;&gt;</a>&nbsp;&nbsp;&nbsp;FLASH_Lock
<LI><a href="#[112]">&gt;&gt;</a>&nbsp;&nbsp;&nbsp;FLASH_Unlock
<LI><a href="#[24a]">&gt;&gt;</a>&nbsp;&nbsp;&nbsp;FLASH_SetLatency
<LI><a href="#[196]">&gt;&gt;</a>&nbsp;&nbsp;&nbsp;OSTimeDly
<LI><a href="#[192]">&gt;&gt;</a>&nbsp;&nbsp;&nbsp;OSTaskSuspend
<LI><a href="#[1e5]">&gt;&gt;</a>&nbsp;&nbsp;&nbsp;KeyLedOnOff
<LI><a href="#[1d7]">&gt;&gt;</a>&nbsp;&nbsp;&nbsp;StateLed
<LI><a href="#[1d2]">&gt;&gt;</a>&nbsp;&nbsp;&nbsp;IapReadBuf
<LI><a href="#[1d4]">&gt;&gt;</a>&nbsp;&nbsp;&nbsp;ShowStr16b
<LI><a href="#[1d0]">&gt;&gt;</a>&nbsp;&nbsp;&nbsp;LcdAreaClr
<LI><a href="#[2fd]">&gt;&gt;</a>&nbsp;&nbsp;&nbsp;IapJumpToBoot
<LI><a href="#[293]">&gt;&gt;</a>&nbsp;&nbsp;&nbsp;RfidUpdateSendPrgData
<LI><a href="#[254]">&gt;&gt;</a>&nbsp;&nbsp;&nbsp;LogicParamApi
<LI><a href="#[24d]">&gt;&gt;</a>&nbsp;&nbsp;&nbsp;IapWriteBuf
<LI><a href="#[24b]">&gt;&gt;</a>&nbsp;&nbsp;&nbsp;IapEraserSector
<LI><a href="#[24c]">&gt;&gt;</a>&nbsp;&nbsp;&nbsp;IWDG_Feed
<LI><a href="#[260]">&gt;&gt;</a>&nbsp;&nbsp;&nbsp;InterfaceSetCtrlMode
</UL>
<BR>[Address Reference Count : 1]<UL><LI> logic.o(.data)
</UL>
<P><STRONG><a name="[a4]"></a>LogicStatusRfidTransWLPrgProc</STRONG> (Thumb, 858 bytes, Stack size 80 bytes, logic.o(.text))
<BR><BR>[Stack]<UL><LI>Max Depth = 236 + Unknown Stack Size
<LI>Call Chain = LogicStatusRfidTransWLPrgProc &rArr; ShowStr16b &rArr; ShowChar_HZ16b &rArr; IapReadBuf &rArr; InFlashReadBuf
</UL>
<BR>[Calls]<UL><LI><a href="#[196]">&gt;&gt;</a>&nbsp;&nbsp;&nbsp;OSTimeDly
<LI><a href="#[191]">&gt;&gt;</a>&nbsp;&nbsp;&nbsp;OSTaskResume
<LI><a href="#[18c]">&gt;&gt;</a>&nbsp;&nbsp;&nbsp;OSTaskDel
<LI><a href="#[189]">&gt;&gt;</a>&nbsp;&nbsp;&nbsp;OSTaskCreate
<LI><a href="#[186]">&gt;&gt;</a>&nbsp;&nbsp;&nbsp;OSSemPost
<LI><a href="#[149]">&gt;&gt;</a>&nbsp;&nbsp;&nbsp;OS_CPU_SR_Save
<LI><a href="#[14b]">&gt;&gt;</a>&nbsp;&nbsp;&nbsp;OS_CPU_SR_Restore
<LI><a href="#[1e5]">&gt;&gt;</a>&nbsp;&nbsp;&nbsp;KeyLedOnOff
<LI><a href="#[1d7]">&gt;&gt;</a>&nbsp;&nbsp;&nbsp;StateLed
<LI><a href="#[1d2]">&gt;&gt;</a>&nbsp;&nbsp;&nbsp;IapReadBuf
<LI><a href="#[1d4]">&gt;&gt;</a>&nbsp;&nbsp;&nbsp;ShowStr16b
<LI><a href="#[1d0]">&gt;&gt;</a>&nbsp;&nbsp;&nbsp;LcdAreaClr
<LI><a href="#[1ae]">&gt;&gt;</a>&nbsp;&nbsp;&nbsp;RFID_Init
<LI><a href="#[282]">&gt;&gt;</a>&nbsp;&nbsp;&nbsp;SendSetupToWl
<LI><a href="#[293]">&gt;&gt;</a>&nbsp;&nbsp;&nbsp;RfidUpdateSendPrgData
<LI><a href="#[284]">&gt;&gt;</a>&nbsp;&nbsp;&nbsp;RfidMngSetRecvCallBack
<LI><a href="#[266]">&gt;&gt;</a>&nbsp;&nbsp;&nbsp;LogicRunInfApi
<LI><a href="#[263]">&gt;&gt;</a>&nbsp;&nbsp;&nbsp;InterfaceSetUpdateMainMethod
<LI><a href="#[260]">&gt;&gt;</a>&nbsp;&nbsp;&nbsp;InterfaceSetCtrlMode
<LI><a href="#[25e]">&gt;&gt;</a>&nbsp;&nbsp;&nbsp;InterfaceInsertNote
</UL>
<BR>[Address Reference Count : 1]<UL><LI> logic.o(.data)
</UL>
<P><STRONG><a name="[a5]"></a>LogicStatusUsartTransWLPrgProc</STRONG> (Thumb, 606 bytes, Stack size 144 bytes, logic.o(.text))
<BR><BR>[Stack]<UL><LI>Max Depth = 300 + Unknown Stack Size
<LI>Call Chain = LogicStatusUsartTransWLPrgProc &rArr; ShowStr16b &rArr; ShowChar_HZ16b &rArr; IapReadBuf &rArr; InFlashReadBuf
</UL>
<BR>[Calls]<UL><LI><a href="#[196]">&gt;&gt;</a>&nbsp;&nbsp;&nbsp;OSTimeDly
<LI><a href="#[191]">&gt;&gt;</a>&nbsp;&nbsp;&nbsp;OSTaskResume
<LI><a href="#[18c]">&gt;&gt;</a>&nbsp;&nbsp;&nbsp;OSTaskDel
<LI><a href="#[189]">&gt;&gt;</a>&nbsp;&nbsp;&nbsp;OSTaskCreate
<LI><a href="#[186]">&gt;&gt;</a>&nbsp;&nbsp;&nbsp;OSSemPost
<LI><a href="#[1e5]">&gt;&gt;</a>&nbsp;&nbsp;&nbsp;KeyLedOnOff
<LI><a href="#[1d7]">&gt;&gt;</a>&nbsp;&nbsp;&nbsp;StateLed
<LI><a href="#[1d2]">&gt;&gt;</a>&nbsp;&nbsp;&nbsp;IapReadBuf
<LI><a href="#[1d4]">&gt;&gt;</a>&nbsp;&nbsp;&nbsp;ShowStr16b
<LI><a href="#[1d0]">&gt;&gt;</a>&nbsp;&nbsp;&nbsp;LcdAreaClr
<LI><a href="#[2cc]">&gt;&gt;</a>&nbsp;&nbsp;&nbsp;InsUsartTrsQueue
<LI><a href="#[282]">&gt;&gt;</a>&nbsp;&nbsp;&nbsp;SendSetupToWl
<LI><a href="#[266]">&gt;&gt;</a>&nbsp;&nbsp;&nbsp;LogicRunInfApi
<LI><a href="#[263]">&gt;&gt;</a>&nbsp;&nbsp;&nbsp;InterfaceSetUpdateMainMethod
<LI><a href="#[260]">&gt;&gt;</a>&nbsp;&nbsp;&nbsp;InterfaceSetCtrlMode
<LI><a href="#[25e]">&gt;&gt;</a>&nbsp;&nbsp;&nbsp;InterfaceInsertNote
<LI><a href="#[258]">&gt;&gt;</a>&nbsp;&nbsp;&nbsp;__aeabi_memclr4
</UL>
<BR>[Address Reference Count : 1]<UL><LI> logic.o(.data)
</UL>
<P><STRONG><a name="[a8]"></a>LogicStatusRfidRecvWLPrgProc</STRONG> (Thumb, 958 bytes, Stack size 24 bytes, logic.o(.text))
<BR><BR>[Stack]<UL><LI>Max Depth = 180 + Unknown Stack Size
<LI>Call Chain = LogicStatusRfidRecvWLPrgProc &rArr; ShowStr16b &rArr; ShowChar_HZ16b &rArr; IapReadBuf &rArr; InFlashReadBuf
</UL>
<BR>[Calls]<UL><LI><a href="#[196]">&gt;&gt;</a>&nbsp;&nbsp;&nbsp;OSTimeDly
<LI><a href="#[192]">&gt;&gt;</a>&nbsp;&nbsp;&nbsp;OSTaskSuspend
<LI><a href="#[191]">&gt;&gt;</a>&nbsp;&nbsp;&nbsp;OSTaskResume
<LI><a href="#[18c]">&gt;&gt;</a>&nbsp;&nbsp;&nbsp;OSTaskDel
<LI><a href="#[189]">&gt;&gt;</a>&nbsp;&nbsp;&nbsp;OSTaskCreate
<LI><a href="#[186]">&gt;&gt;</a>&nbsp;&nbsp;&nbsp;OSSemPost
<LI><a href="#[149]">&gt;&gt;</a>&nbsp;&nbsp;&nbsp;OS_CPU_SR_Save
<LI><a href="#[14b]">&gt;&gt;</a>&nbsp;&nbsp;&nbsp;OS_CPU_SR_Restore
<LI><a href="#[1e5]">&gt;&gt;</a>&nbsp;&nbsp;&nbsp;KeyLedOnOff
<LI><a href="#[1d7]">&gt;&gt;</a>&nbsp;&nbsp;&nbsp;StateLed
<LI><a href="#[1d2]">&gt;&gt;</a>&nbsp;&nbsp;&nbsp;IapReadBuf
<LI><a href="#[1d4]">&gt;&gt;</a>&nbsp;&nbsp;&nbsp;ShowStr16b
<LI><a href="#[1cf]">&gt;&gt;</a>&nbsp;&nbsp;&nbsp;LcdClr
<LI><a href="#[1ae]">&gt;&gt;</a>&nbsp;&nbsp;&nbsp;RFID_Init
<LI><a href="#[2e9]">&gt;&gt;</a>&nbsp;&nbsp;&nbsp;IapExFlashCrc
<LI><a href="#[2fb]">&gt;&gt;</a>&nbsp;&nbsp;&nbsp;IapGetPrgSize
<LI><a href="#[2fa]">&gt;&gt;</a>&nbsp;&nbsp;&nbsp;IapGetPrgStorageAddr
<LI><a href="#[282]">&gt;&gt;</a>&nbsp;&nbsp;&nbsp;SendSetupToWl
<LI><a href="#[285]">&gt;&gt;</a>&nbsp;&nbsp;&nbsp;RfidUpdateMngInint
<LI><a href="#[284]">&gt;&gt;</a>&nbsp;&nbsp;&nbsp;RfidMngSetRecvCallBack
<LI><a href="#[266]">&gt;&gt;</a>&nbsp;&nbsp;&nbsp;LogicRunInfApi
<LI><a href="#[24c]">&gt;&gt;</a>&nbsp;&nbsp;&nbsp;IWDG_Feed
<LI><a href="#[263]">&gt;&gt;</a>&nbsp;&nbsp;&nbsp;InterfaceSetUpdateMainMethod
<LI><a href="#[261]">&gt;&gt;</a>&nbsp;&nbsp;&nbsp;InterfaceSetDownloadRemainTimer
<LI><a href="#[260]">&gt;&gt;</a>&nbsp;&nbsp;&nbsp;InterfaceSetCtrlMode
<LI><a href="#[25e]">&gt;&gt;</a>&nbsp;&nbsp;&nbsp;InterfaceInsertNote
</UL>
<BR>[Address Reference Count : 1]<UL><LI> logic.o(.data)
</UL>
<P><STRONG><a name="[30a]"></a>LogicStatusUnconnectWLProc</STRONG> (Thumb, 98 bytes, Stack size 8 bytes, logic.o(.text), UNUSED)
<BR><BR>[Calls]<UL><LI><a href="#[196]">&gt;&gt;</a>&nbsp;&nbsp;&nbsp;OSTimeDly
<LI><a href="#[186]">&gt;&gt;</a>&nbsp;&nbsp;&nbsp;OSSemPost
<LI><a href="#[1d7]">&gt;&gt;</a>&nbsp;&nbsp;&nbsp;StateLed
<LI><a href="#[263]">&gt;&gt;</a>&nbsp;&nbsp;&nbsp;InterfaceSetUpdateMainMethod
<LI><a href="#[260]">&gt;&gt;</a>&nbsp;&nbsp;&nbsp;InterfaceSetCtrlMode
<LI><a href="#[25e]">&gt;&gt;</a>&nbsp;&nbsp;&nbsp;InterfaceInsertNote
</UL>

<P><STRONG><a name="[a7]"></a>LogicStatusRfidCXBRecvWLPrgProc</STRONG> (Thumb, 338 bytes, Stack size 48 bytes, logic.o(.text))
<BR><BR>[Stack]<UL><LI>Max Depth = 416 + Unknown Stack Size
<LI>Call Chain = LogicStatusRfidCXBRecvWLPrgProc &rArr; RfidUpdateSendPrg &rArr; RFID_SendData &rArr; RFTxSendPacket &rArr; SetRFChipIdle &rArr; RFID_HarewreInit &rArr; RfidConfig &rArr; RfidWriteReg &rArr; RfidSpiWrite &rArr; SpiMcuWrite &rArr; WaitGPIOReset
</UL>
<BR>[Calls]<UL><LI><a href="#[192]">&gt;&gt;</a>&nbsp;&nbsp;&nbsp;OSTaskSuspend
<LI><a href="#[18c]">&gt;&gt;</a>&nbsp;&nbsp;&nbsp;OSTaskDel
<LI><a href="#[189]">&gt;&gt;</a>&nbsp;&nbsp;&nbsp;OSTaskCreate
<LI><a href="#[186]">&gt;&gt;</a>&nbsp;&nbsp;&nbsp;OSSemPost
<LI><a href="#[149]">&gt;&gt;</a>&nbsp;&nbsp;&nbsp;OS_CPU_SR_Save
<LI><a href="#[14b]">&gt;&gt;</a>&nbsp;&nbsp;&nbsp;OS_CPU_SR_Restore
<LI><a href="#[1e5]">&gt;&gt;</a>&nbsp;&nbsp;&nbsp;KeyLedOnOff
<LI><a href="#[1d7]">&gt;&gt;</a>&nbsp;&nbsp;&nbsp;StateLed
<LI><a href="#[1ae]">&gt;&gt;</a>&nbsp;&nbsp;&nbsp;RFID_Init
<LI><a href="#[282]">&gt;&gt;</a>&nbsp;&nbsp;&nbsp;SendSetupToWl
<LI><a href="#[285]">&gt;&gt;</a>&nbsp;&nbsp;&nbsp;RfidUpdateMngInint
<LI><a href="#[284]">&gt;&gt;</a>&nbsp;&nbsp;&nbsp;RfidMngSetRecvCallBack
<LI><a href="#[266]">&gt;&gt;</a>&nbsp;&nbsp;&nbsp;LogicRunInfApi
<LI><a href="#[254]">&gt;&gt;</a>&nbsp;&nbsp;&nbsp;LogicParamApi
<LI><a href="#[263]">&gt;&gt;</a>&nbsp;&nbsp;&nbsp;InterfaceSetUpdateMainMethod
<LI><a href="#[261]">&gt;&gt;</a>&nbsp;&nbsp;&nbsp;InterfaceSetDownloadRemainTimer
<LI><a href="#[260]">&gt;&gt;</a>&nbsp;&nbsp;&nbsp;InterfaceSetCtrlMode
<LI><a href="#[25e]">&gt;&gt;</a>&nbsp;&nbsp;&nbsp;InterfaceInsertNote
<LI><a href="#[305]">&gt;&gt;</a>&nbsp;&nbsp;&nbsp;RfidUpdateSendPrg
</UL>
<BR>[Address Reference Count : 1]<UL><LI> logic.o(.data)
</UL>
<P><STRONG><a name="[a6]"></a>LogicStatusRfidCXBRecvPrgProc</STRONG> (Thumb, 430 bytes, Stack size 48 bytes, logic.o(.text))
<BR><BR>[Stack]<UL><LI>Max Depth = 416 + Unknown Stack Size
<LI>Call Chain = LogicStatusRfidCXBRecvPrgProc &rArr; RfidUpdateSendPrg &rArr; RFID_SendData &rArr; RFTxSendPacket &rArr; SetRFChipIdle &rArr; RFID_HarewreInit &rArr; RfidConfig &rArr; RfidWriteReg &rArr; RfidSpiWrite &rArr; SpiMcuWrite &rArr; WaitGPIOReset
</UL>
<BR>[Calls]<UL><LI><a href="#[192]">&gt;&gt;</a>&nbsp;&nbsp;&nbsp;OSTaskSuspend
<LI><a href="#[18c]">&gt;&gt;</a>&nbsp;&nbsp;&nbsp;OSTaskDel
<LI><a href="#[189]">&gt;&gt;</a>&nbsp;&nbsp;&nbsp;OSTaskCreate
<LI><a href="#[186]">&gt;&gt;</a>&nbsp;&nbsp;&nbsp;OSSemPost
<LI><a href="#[149]">&gt;&gt;</a>&nbsp;&nbsp;&nbsp;OS_CPU_SR_Save
<LI><a href="#[14b]">&gt;&gt;</a>&nbsp;&nbsp;&nbsp;OS_CPU_SR_Restore
<LI><a href="#[1e5]">&gt;&gt;</a>&nbsp;&nbsp;&nbsp;KeyLedOnOff
<LI><a href="#[1d7]">&gt;&gt;</a>&nbsp;&nbsp;&nbsp;StateLed
<LI><a href="#[1ae]">&gt;&gt;</a>&nbsp;&nbsp;&nbsp;RFID_Init
<LI><a href="#[282]">&gt;&gt;</a>&nbsp;&nbsp;&nbsp;SendSetupToWl
<LI><a href="#[293]">&gt;&gt;</a>&nbsp;&nbsp;&nbsp;RfidUpdateSendPrgData
<LI><a href="#[285]">&gt;&gt;</a>&nbsp;&nbsp;&nbsp;RfidUpdateMngInint
<LI><a href="#[284]">&gt;&gt;</a>&nbsp;&nbsp;&nbsp;RfidMngSetRecvCallBack
<LI><a href="#[266]">&gt;&gt;</a>&nbsp;&nbsp;&nbsp;LogicRunInfApi
<LI><a href="#[254]">&gt;&gt;</a>&nbsp;&nbsp;&nbsp;LogicParamApi
<LI><a href="#[263]">&gt;&gt;</a>&nbsp;&nbsp;&nbsp;InterfaceSetUpdateMainMethod
<LI><a href="#[261]">&gt;&gt;</a>&nbsp;&nbsp;&nbsp;InterfaceSetDownloadRemainTimer
<LI><a href="#[260]">&gt;&gt;</a>&nbsp;&nbsp;&nbsp;InterfaceSetCtrlMode
<LI><a href="#[25e]">&gt;&gt;</a>&nbsp;&nbsp;&nbsp;InterfaceInsertNote
<LI><a href="#[305]">&gt;&gt;</a>&nbsp;&nbsp;&nbsp;RfidUpdateSendPrg
</UL>
<BR>[Address Reference Count : 1]<UL><LI> logic.o(.data)
</UL>
<P><STRONG><a name="[95]"></a>LogicWlTestSendProc</STRONG> (Thumb, 12 bytes, Stack size 8 bytes, logic.o(.text))
<BR><BR>[Stack]<UL><LI>Max Depth = 80 + Unknown Stack Size
<LI>Call Chain = LogicWlTestSendProc &rArr; RfidMngWLTestSend &rArr; RfidTransformTx
</UL>
<BR>[Calls]<UL><LI><a href="#[2da]">&gt;&gt;</a>&nbsp;&nbsp;&nbsp;RfidMngWLTestSend
</UL>
<BR>[Address Reference Count : 1]<UL><LI> logic.o(.data)
</UL>
<P><STRONG><a name="[a3]"></a>LogicStatusRfidRecvPrgProc</STRONG> (Thumb, 4 bytes, Stack size 0 bytes, logic.o(.text))
<BR>[Address Reference Count : 1]<UL><LI> logic.o(.data)
</UL>
<P><STRONG><a name="[9e]"></a>LogicStatusRfidUnColibrateProc</STRONG> (Thumb, 22 bytes, Stack size 8 bytes, logic.o(.text))
<BR><BR>[Stack]<UL><LI>Max Depth = 88 + Unknown Stack Size
<LI>Call Chain = LogicStatusRfidUnColibrateProc &rArr; RfidMngSendDataUnColibarate &rArr; RfidTransformTx
</UL>
<BR>[Calls]<UL><LI><a href="#[2d1]">&gt;&gt;</a>&nbsp;&nbsp;&nbsp;RfidMngSendDataUnColibarate
<LI><a href="#[266]">&gt;&gt;</a>&nbsp;&nbsp;&nbsp;LogicRunInfApi
</UL>
<BR>[Address Reference Count : 1]<UL><LI> logic.o(.data)
</UL>
<P><STRONG><a name="[9f]"></a>LogicStatusShutupProc</STRONG> (Thumb, 24 bytes, Stack size 0 bytes, logic.o(.text))
<BR>[Address Reference Count : 1]<UL><LI> logic.o(.data)
</UL>
<P><STRONG><a name="[f8]"></a>APPMng_Task</STRONG> (Thumb, 118 bytes, Stack size 8 bytes, main.o(.text))
<BR><BR>[Stack]<UL><LI>Max Depth = 148 + Unknown Stack Size
<LI>Call Chain = APPMng_Task &rArr; LogicInint &rArr; LogicParamInint &rArr; LogicParamSaveProc &rArr; EepromWriteBytes &rArr; OSMutexPost &rArr; OS_EventTaskRdy &rArr; OS_EventTaskRemove
</UL>
<BR>[Calls]<UL><LI><a href="#[192]">&gt;&gt;</a>&nbsp;&nbsp;&nbsp;OSTaskSuspend
<LI><a href="#[189]">&gt;&gt;</a>&nbsp;&nbsp;&nbsp;OSTaskCreate
<LI><a href="#[1a0]">&gt;&gt;</a>&nbsp;&nbsp;&nbsp;SysTick_Init
<LI><a href="#[256]">&gt;&gt;</a>&nbsp;&nbsp;&nbsp;Interface_Init
<LI><a href="#[304]">&gt;&gt;</a>&nbsp;&nbsp;&nbsp;LogicInint
</UL>
<BR>[Address Reference Count : 1]<UL><LI> main.o(.text)
</UL>
<P><STRONG><a name="[fa]"></a>_printf_input_char</STRONG> (Thumb, 10 bytes, Stack size 0 bytes, _printf_char_common.o(.text))
<BR>[Address Reference Count : 1]<UL><LI> _printf_char_common.o(.text)
</UL><P>
<H3>
Undefined Global Symbols
</H3><HR></body></html>
