Component: ARM Compiler 5.06 update 7 (build 960) Tool: armlink [4d3601]

==============================================================================

Section Cross References

    startup_stm32l1xx_hd.o(STACK) refers (Special) to heapauxi.o(.text) for __use_two_region_memory
    startup_stm32l1xx_hd.o(HEAP) refers (Special) to heapauxi.o(.text) for __use_two_region_memory
    startup_stm32l1xx_hd.o(RESET) refers (Special) to heapauxi.o(.text) for __use_two_region_memory
    startup_stm32l1xx_hd.o(RESET) refers to startup_stm32l1xx_hd.o(STACK) for __initial_sp
    startup_stm32l1xx_hd.o(RESET) refers to startup_stm32l1xx_hd.o(.text) for Reset_Handler
    startup_stm32l1xx_hd.o(RESET) refers to stm32l1xx_it.o(.text) for NMI_Handler
    startup_stm32l1xx_hd.o(RESET) refers to os_cpu_a.o(.text) for PendSV_Handler
    startup_stm32l1xx_hd.o(RESET) refers to adc.o(.text) for ADC1_IRQHandler
    startup_stm32l1xx_hd.o(RESET) refers to rfid_cc1101.o(.text) for EXTI9_5_IRQHandler
    startup_stm32l1xx_hd.o(RESET) refers to ir_send.o(.text) for TIM2_IRQHandler
    startup_stm32l1xx_hd.o(RESET) refers to uart1.o(.text) for TIM4_IRQHandler
    startup_stm32l1xx_hd.o(RESET) refers to uart.o(.text) for USART1_IRQHandler
    startup_stm32l1xx_hd.o(RESET) refers to keyled.o(.text) for TIM5_IRQHandler
    startup_stm32l1xx_hd.o(.text) refers (Special) to heapauxi.o(.text) for __use_two_region_memory
    startup_stm32l1xx_hd.o(.text) refers to system_stm32l1xx.o(.text) for SystemInit
    startup_stm32l1xx_hd.o(.text) refers to __main.o(!!!main) for __main
    startup_stm32l1xx_hd.o(.text) refers to startup_stm32l1xx_hd.o(HEAP) for Heap_Mem
    startup_stm32l1xx_hd.o(.text) refers to startup_stm32l1xx_hd.o(STACK) for Stack_Mem
    system_stm32l1xx.o(.text) refers to stm32l1xx_rcc.o(.text) for RCC_GetClocksFreq
    system_stm32l1xx.o(.text) refers to system_stm32l1xx.o(.data) for SystemCoreClock
    stm32l1xx_adc.o(.text) refers to stm32l1xx_rcc.o(.text) for RCC_APB2PeriphResetCmd
    stm32l1xx_aes.o(.text) refers to stm32l1xx_rcc.o(.text) for RCC_AHBPeriphResetCmd
    stm32l1xx_aes_util.o(.text) refers to stm32l1xx_aes.o(.text) for AES_KeyInit
    stm32l1xx_dac.o(.text) refers to stm32l1xx_rcc.o(.text) for RCC_APB1PeriphResetCmd
    stm32l1xx_gpio.o(.text) refers to stm32l1xx_rcc.o(.text) for RCC_AHBPeriphResetCmd
    stm32l1xx_i2c.o(.text) refers to stm32l1xx_rcc.o(.text) for RCC_APB1PeriphResetCmd
    stm32l1xx_lcd.o(.text) refers to stm32l1xx_rcc.o(.text) for RCC_APB1PeriphResetCmd
    stm32l1xx_pwr.o(.text) refers to stm32l1xx_rcc.o(.text) for RCC_APB1PeriphResetCmd
    stm32l1xx_rcc.o(.text) refers to stm32l1xx_rcc.o(.data) for PLLMulTable
    stm32l1xx_sdio.o(.text) refers to stm32l1xx_rcc.o(.text) for RCC_APB2PeriphResetCmd
    stm32l1xx_spi.o(.text) refers to stm32l1xx_rcc.o(.text) for RCC_APB2PeriphResetCmd
    stm32l1xx_syscfg.o(.text) refers to stm32l1xx_rcc.o(.text) for RCC_APB2PeriphResetCmd
    stm32l1xx_usart.o(.text) refers to stm32l1xx_rcc.o(.text) for RCC_APB2PeriphResetCmd
    stm32l1xx_wwdg.o(.text) refers to stm32l1xx_rcc.o(.text) for RCC_APB1PeriphResetCmd
    stm32l1xx_tim.o(.text) refers to stm32l1xx_rcc.o(.text) for RCC_APB1PeriphResetCmd
    os_core.o(.text) refers to os_cpu_a.o(.text) for OS_CPU_SR_Save
    os_core.o(.text) refers to os_cpu_c.o(.text) for OSTaskIdleHook
    os_core.o(.text) refers to os_task.o(.text) for OSTaskCreateExt
    os_core.o(.text) refers to os_flag.o(.text) for OS_FlagInit
    os_core.o(.text) refers to os_core.o(.data) for OSIntNesting
    os_core.o(.text) refers to os_core.o(.bss) for OSTaskIdleStk
    os_core.o(.text) refers to os_core.o(.constdata) for OSUnMapTbl
    os_flag.o(.text) refers to os_cpu_a.o(.text) for OS_CPU_SR_Save
    os_flag.o(.text) refers to os_core.o(.text) for OS_Sched
    os_flag.o(.text) refers to os_core.o(.data) for OSIntNesting
    os_flag.o(.text) refers to os_core.o(.bss) for OSFlagTbl
    os_mbox.o(.text) refers to os_cpu_a.o(.text) for OS_CPU_SR_Save
    os_mbox.o(.text) refers to os_core.o(.text) for OS_EventWaitListInit
    os_mbox.o(.text) refers to os_core.o(.data) for OSIntNesting
    os_mutex.o(.text) refers to os_cpu_a.o(.text) for OS_CPU_SR_Save
    os_mutex.o(.text) refers to os_core.o(.text) for OS_EventWaitListInit
    os_mutex.o(.text) refers to os_core.o(.data) for OSIntNesting
    os_mutex.o(.text) refers to os_core.o(.bss) for OSTCBPrioTbl
    os_sem.o(.text) refers to os_cpu_a.o(.text) for OS_CPU_SR_Save
    os_sem.o(.text) refers to os_core.o(.text) for OS_EventWaitListInit
    os_sem.o(.text) refers to os_core.o(.data) for OSIntNesting
    os_task.o(.text) refers to os_cpu_a.o(.text) for OS_CPU_SR_Save
    os_task.o(.text) refers to os_cpu_c.o(.text) for OSTaskStkInit
    os_task.o(.text) refers to os_core.o(.text) for OS_TCBInit
    os_task.o(.text) refers to os_flag.o(.text) for OS_FlagUnlink
    os_task.o(.text) refers to os_core.o(.data) for OSIntNesting
[...]
    TIM_GetPrescaler                         0x0800a9f7   Thumb Code     6  stm32l1xx_tim.o(.text)
    TIM_UpdateDisableConfig                  0x0800a9fd   Thumb Code    24  stm32l1xx_tim.o(.text)
    TIM_UpdateRequestConfig                  0x0800aa15   Thumb Code    24  stm32l1xx_tim.o(.text)
    TIM_ARRPreloadConfig                     0x0800aa2d   Thumb Code    24  stm32l1xx_tim.o(.text)
    TIM_SelectOnePulseMode                   0x0800aa45   Thumb Code    18  stm32l1xx_tim.o(.text)
    TIM_SetClockDivision                     0x0800aa57   Thumb Code    18  stm32l1xx_tim.o(.text)
    TIM_Cmd                                  0x0800aa69   Thumb Code    24  stm32l1xx_tim.o(.text)
    TIM_OC1Init                              0x0800aa81   Thumb Code    56  stm32l1xx_tim.o(.text)
    TIM_OC2Init                              0x0800aab9   Thumb Code    70  stm32l1xx_tim.o(.text)
    TIM_OC3Init                              0x0800aaff   Thumb Code    66  stm32l1xx_tim.o(.text)
    TIM_OC4Init                              0x0800ab41   Thumb Code    70  stm32l1xx_tim.o(.text)
    TIM_OCStructInit                         0x0800ab87   Thumb Code    12  stm32l1xx_tim.o(.text)
    TIM_SelectOCxM                           0x0800ab93   Thumb Code    82  stm32l1xx_tim.o(.text)
    TIM_SetCompare1                          0x0800abe5   Thumb Code     4  stm32l1xx_tim.o(.text)
    TIM_SetCompare2                          0x0800abe9   Thumb Code     4  stm32l1xx_tim.o(.text)
    TIM_SetCompare3                          0x0800abed   Thumb Code     4  stm32l1xx_tim.o(.text)
    TIM_SetCompare4                          0x0800abf1   Thumb Code     4  stm32l1xx_tim.o(.text)
    TIM_ForcedOC1Config                      0x0800abf5   Thumb Code    18  stm32l1xx_tim.o(.text)
    TIM_ForcedOC2Config                      0x0800ac07   Thumb Code    26  stm32l1xx_tim.o(.text)
    TIM_ForcedOC3Config                      0x0800ac21   Thumb Code    18  stm32l1xx_tim.o(.text)
    TIM_ForcedOC4Config                      0x0800ac33   Thumb Code    26  stm32l1xx_tim.o(.text)
    TIM_OC1PreloadConfig                     0x0800ac4d   Thumb Code    18  stm32l1xx_tim.o(.text)
    TIM_OC2PreloadConfig                     0x0800ac5f   Thumb Code    26  stm32l1xx_tim.o(.text)
    TIM_OC3PreloadConfig                     0x0800ac79   Thumb Code    18  stm32l1xx_tim.o(.text)
    TIM_OC4PreloadConfig                     0x0800ac8b   Thumb Code    58  stm32l1xx_tim.o(.text)
    TIM_OC1FastConfig                        0x0800acc5   Thumb Code    18  stm32l1xx_tim.o(.text)
    TIM_OC2FastConfig                        0x0800acd7   Thumb Code    26  stm32l1xx_tim.o(.text)
    TIM_OC3FastConfig                        0x0800acf1   Thumb Code    18  stm32l1xx_tim.o(.text)
    TIM_OC4FastConfig                        0x0800ad03   Thumb Code    26  stm32l1xx_tim.o(.text)
    TIM_ClearOC1Ref                          0x0800ad1d   Thumb Code    18  stm32l1xx_tim.o(.text)
    TIM_ClearOC2Ref                          0x0800ad2f   Thumb Code    24  stm32l1xx_tim.o(.text)
    TIM_ClearOC3Ref                          0x0800ad47   Thumb Code    18  stm32l1xx_tim.o(.text)
    TIM_ClearOC4Ref                          0x0800ad59   Thumb Code    24  stm32l1xx_tim.o(.text)
    TIM_OC1PolarityConfig                    0x0800ad71   Thumb Code    18  stm32l1xx_tim.o(.text)
    TIM_OC2PolarityConfig                    0x0800ad83   Thumb Code    26  stm32l1xx_tim.o(.text)
    TIM_OC3PolarityConfig                    0x0800ad9d   Thumb Code    26  stm32l1xx_tim.o(.text)
    TIM_OC4PolarityConfig                    0x0800adb7   Thumb Code    26  stm32l1xx_tim.o(.text)
    TIM_SelectOCREFClear                     0x0800add1   Thumb Code    18  stm32l1xx_tim.o(.text)
    TIM_CCxCmd                               0x0800ade3   Thumb Code    30  stm32l1xx_tim.o(.text)
    TIM_SetIC4Prescaler                      0x0800ae01   Thumb Code    26  stm32l1xx_tim.o(.text)
    TIM_SetIC3Prescaler                      0x0800ae6b   Thumb Code    18  stm32l1xx_tim.o(.text)
    TIM_SetIC2Prescaler                      0x0800aec5   Thumb Code    26  stm32l1xx_tim.o(.text)
    TIM_SetIC1Prescaler                      0x0800af2f   Thumb Code    18  stm32l1xx_tim.o(.text)
    TIM_ICInit                               0x0800af7b   Thumb Code   110  stm32l1xx_tim.o(.text)
    TIM_ICStructInit                         0x0800afe9   Thumb Code    18  stm32l1xx_tim.o(.text)
    TIM_PWMIConfig                           0x0800affb   Thumb Code   124  stm32l1xx_tim.o(.text)
    TIM_GetCapture1                          0x0800b077   Thumb Code     6  stm32l1xx_tim.o(.text)
    TIM_GetCapture2                          0x0800b07d   Thumb Code     6  stm32l1xx_tim.o(.text)
    TIM_GetCapture3                          0x0800b083   Thumb Code     6  stm32l1xx_tim.o(.text)
    TIM_GetCapture4                          0x0800b089   Thumb Code     6  stm32l1xx_tim.o(.text)
    TIM_ITConfig                             0x0800b08f   Thumb Code    18  stm32l1xx_tim.o(.text)
    TIM_GenerateEvent                        0x0800b0a1   Thumb Code     4  stm32l1xx_tim.o(.text)
    TIM_GetFlagStatus                        0x0800b0a5   Thumb Code    18  stm32l1xx_tim.o(.text)
    TIM_ClearFlag                            0x0800b0b7   Thumb Code     6  stm32l1xx_tim.o(.text)
    TIM_GetITStatus                          0x0800b0bd   Thumb Code    34  stm32l1xx_tim.o(.text)
    TIM_ClearITPendingBit                    0x0800b0df   Thumb Code     6  stm32l1xx_tim.o(.text)
    TIM_DMAConfig                            0x0800b0e5   Thumb Code    10  stm32l1xx_tim.o(.text)
    TIM_DMACmd                               0x0800b0ef   Thumb Code    18  stm32l1xx_tim.o(.text)
    TIM_SelectCCDMA                          0x0800b101   Thumb Code    24  stm32l1xx_tim.o(.text)
    TIM_InternalClockConfig                  0x0800b119   Thumb Code    12  stm32l1xx_tim.o(.text)
    TIM_SelectInputTrigger                   0x0800b125   Thumb Code    18  stm32l1xx_tim.o(.text)
    TIM_ITRxExternalClockConfig              0x0800b137   Thumb Code    24  stm32l1xx_tim.o(.text)
    TIM_TIxExternalClockConfig               0x0800b14f   Thumb Code    62  stm32l1xx_tim.o(.text)
    TIM_ETRConfig                            0x0800b18d   Thumb Code    28  stm32l1xx_tim.o(.text)
    TIM_ETRClockMode1Config                  0x0800b1a9   Thumb Code    54  stm32l1xx_tim.o(.text)
    TIM_ETRClockMode2Config                  0x0800b1df   Thumb Code    32  stm32l1xx_tim.o(.text)
    TIM_SelectOutputTrigger                  0x0800b1ff   Thumb Code    18  stm32l1xx_tim.o(.text)
    TIM_SelectSlaveMode                      0x0800b211   Thumb Code    18  stm32l1xx_tim.o(.text)
    TIM_SelectMasterSlaveMode                0x0800b223   Thumb Code    18  stm32l1xx_tim.o(.text)
    TIM_EncoderInterfaceConfig               0x0800b235   Thumb Code    66  stm32l1xx_tim.o(.text)
    TIM_SelectHallSensor                     0x0800b277   Thumb Code    24  stm32l1xx_tim.o(.text)
    TIM_RemapConfig                          0x0800b28f   Thumb Code    22  stm32l1xx_tim.o(.text)
    OS_StrCopy                               0x0800b2a5   Thumb Code    28  os_core.o(.text)
    OSEventNameGet                           0x0800b2c1   Thumb Code   100  os_core.o(.text)
    OS_StrLen                                0x0800b325   Thumb Code    20  os_core.o(.text)
    OSEventNameSet                           0x0800b339   Thumb Code   120  os_core.o(.text)
    OS_TaskIdle                              0x0800b3b1   Thumb Code    32  os_core.o(.text)
    OS_MemClr                                0x0800b405   Thumb Code    18  os_core.o(.text)
    OSInit                                   0x0800b501   Thumb Code    36  os_core.o(.text)
    OSIntEnter                               0x0800b525   Thumb Code    28  os_core.o(.text)
    OSIntExit                                0x0800b55b   Thumb Code   112  os_core.o(.text)
    OSStart                                  0x0800b5cb   Thumb Code    48  os_core.o(.text)
    OSTimeTick                               0x0800b5fb   Thumb Code   322  os_core.o(.text)
    OSVersion                                0x0800b73d   Thumb Code     6  os_core.o(.text)
    OS_Dummy                                 0x0800b743   Thumb Code     2  os_core.o(.text)
    OS_EventTaskRemove                       0x0800b745   Thumb Code    42  os_core.o(.text)
    OS_EventTaskRdy                          0x0800b76f   Thumb Code   114  os_core.o(.text)
    OS_EventTaskWait                         0x0800b7e1   Thumb Code   112  os_core.o(.text)
    OS_EventWaitListInit                     0x0800b851   Thumb Code    28  os_core.o(.text)
    OS_MemCopy                               0x0800b86d   Thumb Code    20  os_core.o(.text)
    OS_Sched                                 0x0800b881   Thumb Code    86  os_core.o(.text)
    OS_TaskStatStkChk                        0x0800b8d7   Thumb Code    54  os_core.o(.text)
    OS_TCBInit                               0x0800b90d   Thumb Code   260  os_core.o(.text)
    OSFlagAccept                             0x0800ba49   Thumb Code   252  os_flag.o(.text)
    OSFlagCreate                             0x0800bb45   Thumb Code    92  os_flag.o(.text)
    OS_FlagUnlink                            0x0800bba1   Thumb Code    36  os_flag.o(.text)
    OSFlagDel                                0x0800bc17   Thumb Code   224  os_flag.o(.text)
    OSFlagNameGet                            0x0800bcf7   Thumb Code    82  os_flag.o(.text)
    OSFlagNameSet                            0x0800bd49   Thumb Code   102  os_flag.o(.text)
    OSFlagPend                               0x0800be47   Thumb Code   616  os_flag.o(.text)
    OSFlagPendGetFlagsRdy                    0x0800c0af   Thumb Code    26  os_flag.o(.text)
    OSFlagPost                               0x0800c0c9   Thumb Code   312  os_flag.o(.text)
    OSFlagQuery                              0x0800c201   Thumb Code    48  os_flag.o(.text)
    OS_FlagInit                              0x0800c231   Thumb Code    68  os_flag.o(.text)
    OSMutexAccept                            0x0800c281   Thumb Code   138  os_mutex.o(.text)
    OSMutexCreate                            0x0800c30b   Thumb Code   144  os_mutex.o(.text)
    OSMutexDel                               0x0800c409   Thumb Code   284  os_mutex.o(.text)
    OSMutexPend                              0x0800c525   Thumb Code   568  os_mutex.o(.text)
    OSMutexPost                              0x0800c75d   Thumb Code   188  os_mutex.o(.text)
    OSMutexQuery                             0x0800c819   Thumb Code   108  os_mutex.o(.text)
    OSSemAccept                              0x0800c891   Thumb Code    44  os_sem.o(.text)
    OSSemCreate                              0x0800c8bd   Thumb Code    78  os_sem.o(.text)
    OSSemDel                                 0x0800c90b   Thumb Code   220  os_sem.o(.text)
    OSSemPend                                0x0800c9e7   Thumb Code   228  os_sem.o(.text)
    OSSemPendAbort                           0x0800cacb   Thumb Code   128  os_sem.o(.text)
    OSSemPost                                0x0800cb4b   Thumb Code    88  os_sem.o(.text)
    OSSemQuery                               0x0800cba3   Thumb Code    82  os_sem.o(.text)
    OSSemSet                                 0x0800cbf5   Thumb Code    68  os_sem.o(.text)
    OSTaskCreate                             0x0800cc49   Thumb Code   150  os_task.o(.text)
    OS_TaskStkClr                            0x0800ccdf   Thumb Code    26  os_task.o(.text)
    OSTaskCreateExt                          0x0800ccf9   Thumb Code   172  os_task.o(.text)
    OSTaskDel                                0x0800cda5   Thumb Code   306  os_task.o(.text)
    OSTaskDelReq                             0x0800ced7   Thumb Code   100  os_task.o(.text)
    OSTaskNameGet                            0x0800cf3b   Thumb Code   116  os_task.o(.text)
    OSTaskNameSet                            0x0800cfaf   Thumb Code   132  os_task.o(.text)
    OSTaskResume                             0x0800d033   Thumb Code   194  os_task.o(.text)
    OSTaskStkChk                             0x0800d0f5   Thumb Code   132  os_task.o(.text)
    OSTaskSuspend                            0x0800d179   Thumb Code   152  os_task.o(.text)
    OSTaskSuspendIf0                         0x0800d211   Thumb Code   170  os_task.o(.text)
    OSTaskQuery                              0x0800d2bb   Thumb Code    82  os_task.o(.text)
    OSTimeDly                                0x0800d321   Thumb Code    96  os_time.o(.text)
    OSTimeDlyHMSM                            0x0800d381   Thumb Code   110  os_time.o(.text)
    OSTimeDlyResume                          0x0800d3ef   Thumb Code   168  os_time.o(.text)
    OSTimeGet                                0x0800d497   Thumb Code    24  os_time.o(.text)
    OSTimeSet                                0x0800d4af   Thumb Code    24  os_time.o(.text)
    OSInitHookBegin                          0x0800d4e1   Thumb Code     2  os_cpu_c.o(.text)
    OSInitHookEnd                            0x0800d4e3   Thumb Code     2  os_cpu_c.o(.text)
    OSTaskCreateHook                         0x0800d4e5   Thumb Code     2  os_cpu_c.o(.text)
    OSTaskDelHook                            0x0800d4e7   Thumb Code     2  os_cpu_c.o(.text)
    OSTaskIdleHook                           0x0800d4e9   Thumb Code     2  os_cpu_c.o(.text)
    OSTaskStatHook                           0x0800d4eb   Thumb Code     2  os_cpu_c.o(.text)
    OSTaskStkInit                            0x0800d4ed   Thumb Code   154  os_cpu_c.o(.text)
    OSTaskSwHook                             0x0800d587   Thumb Code     2  os_cpu_c.o(.text)
    OSTCBInitHook                            0x0800d589   Thumb Code     2  os_cpu_c.o(.text)
    OSTimeTickHook                           0x0800d58b   Thumb Code     2  os_cpu_c.o(.text)
    OS_CPU_SR_Save                           0x0800d58d   Thumb Code     0  os_cpu_a.o(.text)
    OS_CPU_SR_Restore                        0x0800d595   Thumb Code     0  os_cpu_a.o(.text)
    OSStartHighRdy                           0x0800d59b   Thumb Code     0  os_cpu_a.o(.text)
    OSCtxSw                                  0x0800d5bb   Thumb Code     0  os_cpu_a.o(.text)
    OSIntCtxSw                               0x0800d5c5   Thumb Code     0  os_cpu_a.o(.text)
    PendSV_Handler                           0x0800d5cf   Thumb Code     0  os_cpu_a.o(.text)
    BSP_Init                                 0x0800d631   Thumb Code   120  bsp.o(.text)
    SysTick_Init                             0x0800d6a9   Thumb Code    84  bsp.o(.text)
    Driver_Init                              0x0800d70d   Thumb Code    88  driver.o(.text)
    InputAdcInit                             0x0800d769   Thumb Code   390  adc.o(.text)
    AdcInit                                  0x0800d8ef   Thumb Code    32  adc.o(.text)
    GetAdcAverageValue                       0x0800d90f   Thumb Code   236  adc.o(.text)
    ADC1_IRQHandler                          0x0800d9fb   Thumb Code    42  adc.o(.text)
    OledSendData                             0x0800da39   Thumb Code    26  oled.o(.text)
    OledWriteCommand                         0x0800da53   Thumb Code    60  oled.o(.text)
    OledWriteData                            0x0800da8f   Thumb Code    62  oled.o(.text)
    OledContrastAdj                          0x0800dacd   Thumb Code    20  oled.o(.text)
    OledLowLevelInit                         0x0800db0f   Thumb Code   282  oled.o(.text)
    OledInit                                 0x0800dc29   Thumb Code   334  oled.o(.text)
    OledShutDown                             0x0800dd77   Thumb Code    12  oled.o(.text)
    OledShutOn                               0x0800dd83   Thumb Code    12  oled.o(.text)
    LcdClr                                   0x0800dd8f   Thumb Code    80  oled.o(.text)
    LcdAreaClr                               0x0800dddf   Thumb Code   156  oled.o(.text)
    ShowChar_HZ16b                           0x0800de7b   Thumb Code   256  oled.o(.text)
    ShowChar_ASCII16b                        0x0800df7b   Thumb Code   222  oled.o(.text)
    ShowStr16b                               0x0800e059   Thumb Code   222  oled.o(.text)
    ShowChar_Special                         0x0800e137   Thumb Code   172  oled.o(.text)
    PwrPinInint                              0x0800e1f5   Thumb Code   156  pwr.o(.text)
    LedInit                                  0x0800e299   Thumb Code   152  led.o(.text)
    StateLed                                 0x0800e331   Thumb Code   130  led.o(.text)
    LedToggle                                0x0800e3b3   Thumb Code   190  led.o(.text)
    KeyInit                                  0x0800e479   Thumb Code   478  key.o(.text)
    KeyCorrespendLed                         0x0800e657   Thumb Code   112  key.o(.text)
    IsMenuLeftOrMenuQ                        0x0800e8d7   Thumb Code   370  key.o(.text)
    AcceptKey                                0x0800ea49   Thumb Code   344  key.o(.text)
    GetKey                                   0x0800eba1   Thumb Code    92  key.o(.text)
    InquireKey                               0x0800ebfd   Thumb Code    42  key.o(.text)
    GetKeyNum                                0x0800ec27   Thumb Code     6  key.o(.text)
    KeyEmpty                                 0x0800ec2d   Thumb Code    16  key.o(.text)
    KeyScanProc                              0x0800ec3d   Thumb Code  1460  key.o(.text)
    KeyLedInit                               0x0800f211   Thumb Code   392  keyled.o(.text)
    KeyLed111                                0x0800f463   Thumb Code    64  keyled.o(.text)
    KeyLedOnOff                              0x0800f4a3   Thumb Code   150  keyled.o(.text)
    KeyLedToggle                             0x0800f539   Thumb Code   120  keyled.o(.text)
    KeyLedScan                               0x0800f5eb   Thumb Code   256  keyled.o(.text)
    TIM5_IRQHandler                          0x0800f6eb   Thumb Code    56  keyled.o(.text)
    IrUsartParamInit                         0x0800f741   Thumb Code    40  uart.o(.text)
    IrUsartInit                              0x0800f769   Thumb Code   318  uart.o(.text)
    IrUsartReadRxBuf                         0x0800f8a7   Thumb Code    12  uart.o(.text)
    IrUsartRxBufSizeGet                      0x0800f8b3   Thumb Code    10  uart.o(.text)
    IrUsartRxRdRtrGet                        0x0800f8bd   Thumb Code    12  uart.o(.text)
    IrUsartRxRdRtrSet                        0x0800f8c9   Thumb Code    30  uart.o(.text)
    IrUsartRxWtrRtrGet                       0x0800f8e7   Thumb Code    12  uart.o(.text)
    USART1_IRQHandler                        0x0800f8f3   Thumb Code   170  uart.o(.text)
    IrSendTIMConfig                          0x0800f9cd   Thumb Code   416  ir_send.o(.text)
    TIM3_IRQHandler                          0x0800fb6d   Thumb Code   136  ir_send.o(.text)
    TIM2_IRQHandler                          0x0800fbf5   Thumb Code   140  ir_send.o(.text)
    IrSendInsertTxBuf                        0x0800fc81   Thumb Code   360  ir_send.o(.text)
    IrLOCSendInsertTxBuf                     0x0800fde9   Thumb Code   326  ir_send.o(.text)
    InputInit                                0x0800ff49   Thumb Code    36  input.o(.text)
    InputGetValue                            0x0800ff6d   Thumb Code    34  input.o(.text)
    RFID_Init                                0x0800ff95   Thumb Code    22  rfid_driver.o(.text)
    RFID_ShutDown                            0x0800ffab   Thumb Code     8  rfid_driver.o(.text)
    RFID_RcvIntTransMsgRegister              0x0800ffb3   Thumb Code    22  rfid_driver.o(.text)
    RFID_FetchData                           0x0800ffc9   Thumb Code    12  rfid_driver.o(.text)
    RFID_SendData                            0x0800ffd5   Thumb Code    72  rfid_driver.o(.text)
    SetRfidSIDLE                             0x0801001d   Thumb Code     8  rfid_driver.o(.text)
    SetRfidSRX                               0x08010025   Thumb Code    10  rfid_driver.o(.text)
    SetLocalAddress                          0x0801002f   Thumb Code    22  rfid_driver.o(.text)
    GetRfidCurStatus                         0x08010045   Thumb Code     8  rfid_driver.o(.text)
    GetRfidSendEnable                        0x0801004d   Thumb Code    24  rfid_driver.o(.text)
    DelayUs                                  0x08010069   Thumb Code    54  rfid_cc1101.o(.text)
    RFID_SPI_SendByte                        0x0801009f   Thumb Code    70  rfid_cc1101.o(.text)
    WaitGPIOReset                            0x080100e5   Thumb Code    36  rfid_cc1101.o(.text)
    RfidStrobe                               0x08010109   Thumb Code   110  rfid_cc1101.o(.text)
    RfidSpiWrite                             0x080101d9   Thumb Code    28  rfid_cc1101.o(.text)
    RfidWriteReg                             0x080101f5   Thumb Code    16  rfid_cc1101.o(.text)
    RfidRxRegInit                            0x08010205   Thumb Code   114  rfid_cc1101.o(.text)
    SetRxMode                                0x08010277   Thumb Code    66  rfid_cc1101.o(.text)
    InitRfidIntIO                            0x080102b9   Thumb Code   106  rfid_cc1101.o(.text)
    RfidConfig                               0x08010323   Thumb Code   138  rfid_cc1101.o(.text)
    SpiResetChipSingle                       0x080103ad   Thumb Code    74  rfid_cc1101.o(.text)
    RfidChipReset                            0x080103f7   Thumb Code    26  rfid_cc1101.o(.text)
    RFID_SpiInit                             0x08010411   Thumb Code   144  rfid_cc1101.o(.text)
    RFID_SpiPortInit                         0x080104a1   Thumb Code   362  rfid_cc1101.o(.text)
    RFID_HarewreInit                         0x0801060b   Thumb Code    90  rfid_cc1101.o(.text)
    RfidWORRegInit                           0x08010665   Thumb Code   144  rfid_cc1101.o(.text)
    RfidReadStatusReg                        0x08010759   Thumb Code    22  rfid_cc1101.o(.text)
    RfidReadAllStatusReg                     0x0801076f   Thumb Code    38  rfid_cc1101.o(.text)
    RfidWriteFifo                            0x08010795   Thumb Code    18  rfid_cc1101.o(.text)
    RfidReadFifo                             0x080107a7   Thumb Code    18  rfid_cc1101.o(.text)
    RFCtrlSetIDLE                            0x080107b9   Thumb Code    46  rfid_cc1101.o(.text)
    SetRFChipIdle                            0x080107e7   Thumb Code    98  rfid_cc1101.o(.text)
    RFTxSendPacket                           0x08010849   Thumb Code   304  rfid_cc1101.o(.text)
    RfidReadFifoProc                         0x08010979   Thumb Code   134  rfid_cc1101.o(.text)
    RfidGetTxStatus                          0x080109ff   Thumb Code    10  rfid_cc1101.o(.text)
    SetRFChipSleep                           0x08010a09   Thumb Code    26  rfid_cc1101.o(.text)
    SetRFChipWOR                             0x08010a23   Thumb Code    32  rfid_cc1101.o(.text)
    SetRFChipSleepMode                       0x08010a43   Thumb Code    70  rfid_cc1101.o(.text)
    RFID_GetFrame                            0x08010a89   Thumb Code    92  rfid_cc1101.o(.text)
    EXTI9_5_IRQHandler                       0x08010ae5   Thumb Code   228  rfid_cc1101.o(.text)
    EepromInint                              0x08010bf5   Thumb Code    18  eepromarm.o(.text)
    EepromReadBytes                          0x08010c07   Thumb Code    84  eepromarm.o(.text)
    EepromReadWords                          0x08010c5b   Thumb Code    84  eepromarm.o(.text)
    EepromWriteBytes                         0x08010caf   Thumb Code   192  eepromarm.o(.text)
    EepromWriteWords                         0x08010d6f   Thumb Code   158  eepromarm.o(.text)
    NcIoInit                                 0x08010e19   Thumb Code   112  ncio.o(.text)
    Crc16UsartSendChick                      0x08010e91   Thumb Code    44  uart1.o(.text)
    Crc16UsartReceiveChick                   0x08010ebd   Thumb Code    44  uart1.o(.text)
    Usart_GetFrame                           0x08010ee9   Thumb Code    90  uart1.o(.text)
    WlUsartInit                              0x08010f43   Thumb Code   182  uart1.o(.text)
    USART3_IRQHandler                        0x08010ff9   Thumb Code   372  uart1.o(.text)
    TIM4_IRQHandler                          0x0801116d   Thumb Code   492  uart1.o(.text)
    TIM4_Int_Init                            0x0801136d   Thumb Code   104  timer.o(.text)
    ReadActionInfo                           0x080113d9   Thumb Code    74  interface.o(.text)
    WriteActionInfo                          0x08011423   Thumb Code    84  interface.o(.text)
    ActionInfoInit                           0x08011477   Thumb Code    30  interface.o(.text)
    ActionKeyValueTurnAround                 0x08011495   Thumb Code   122  interface.o(.text)
    ActionKeyValueTurnBackToLED              0x0801150f   Thumb Code   214  interface.o(.text)
    InterfaceGetKeyLedValue                  0x080115e5   Thumb Code   448  interface.o(.text)
    GetActionIDByKey                         0x080117a5   Thumb Code   398  interface.o(.text)
    GetActionInfoByID                        0x08011933   Thumb Code   196  interface.o(.text)
    getColiScNumStatus                       0x080119f7   Thumb Code     6  interface.o(.text)
    setColiScNumStatus                       0x080119fd   Thumb Code    24  interface.o(.text)
    Interface_Init                           0x08011a15   Thumb Code   222  interface.o(.text)
    InterfaceTakeOutReverseKey               0x08011af3   Thumb Code   590  interface.o(.text)
    InterfaceGetKeyRfidDataShowName          0x08011d41   Thumb Code   902  interface.o(.text)
    InterfaceGetKeyLedDefaultValue           0x080120c7   Thumb Code   740  interface.o(.text)
    SetScrAwake                              0x080123ab   Thumb Code    80  interface.o(.text)
    SetScrClosed                             0x080123fb   Thumb Code    24  interface.o(.text)
    SetScrProtected                          0x08012413   Thumb Code    76  interface.o(.text)
    InterfaceInsertNote                      0x0801245f   Thumb Code   158  interface.o(.text)
    InterfaceSetCtrlMode                     0x080124fd   Thumb Code    96  interface.o(.text)
    InterfaceGetCtrlMode                     0x0801255d   Thumb Code     6  interface.o(.text)
    InterfaceSetDownloadRemainTimer          0x08012563   Thumb Code    92  interface.o(.text)
    InterfaceDecDownloadRemainTimer          0x080125bf   Thumb Code    46  interface.o(.text)
    FormatRemainTimer                        0x080125ed   Thumb Code   132  interface.o(.text)
    InterfaceSetUpdateMainMethod             0x08012671   Thumb Code    32  interface.o(.text)
    ClearUpdateMainMethod                    0x08012691   Thumb Code    26  interface.o(.text)
    ShowMainAll                              0x080126ab   Thumb Code  3094  interface.o(.text)
    ShowMainBattery                          0x080132c1   Thumb Code    54  interface.o(.text)
    ShowMainRfid                             0x080132f7   Thumb Code   204  interface.o(.text)
    ShowMainScColibrate                      0x080133c3   Thumb Code   144  interface.o(.text)
    ShowMainScUnColibrate                    0x08013453   Thumb Code   112  interface.o(.text)
    ShowMainNote                             0x080134c3   Thumb Code   188  interface.o(.text)
    ShowMainNoteDirectly                     0x0801357f   Thumb Code    62  interface.o(.text)
    ShowMainYkqId                            0x080135bd   Thumb Code   234  interface.o(.text)
    ShowMainCtrlMode                         0x080136a7   Thumb Code   130  interface.o(.text)
    ShowScSet                                0x08013729   Thumb Code   228  interface.o(.text)
    ShowScUncertifiedCtrl                    0x0801380d   Thumb Code   390  interface.o(.text)
    ShowScSelfCtrl                           0x08013993   Thumb Code   516  interface.o(.text)
    ShowScNearCtrl                           0x08013b97   Thumb Code   552  interface.o(.text)
    ShowScGrpCtrl                            0x08013dbf   Thumb Code  1040  interface.o(.text)
    ShowMainInchargeDisplayCtrl              0x080141cf   Thumb Code   130  interface.o(.text)
    ShowMainTransRecvPrgCtrl                 0x08014251   Thumb Code   110  interface.o(.text)
    ShowMain                                 0x080142bf   Thumb Code   546  interface.o(.text)
    ShowScSetKeyLedProc                      0x080144e1   Thumb Code   170  interface.o(.text)
    ShowSelfSetKeyLedProc                    0x0801458b   Thumb Code   206  interface.o(.text)
    ShowScUncertifiedKeyLedProc              0x08014659   Thumb Code   348  interface.o(.text)
    ShowScSelfKeyLedProc                     0x080147b5   Thumb Code   446  interface.o(.text)
    ShowScZibaoKeyLedProc                    0x08014973   Thumb Code    86  interface.o(.text)
    ShowScGrpKeyLedProc                      0x080149c9   Thumb Code   238  interface.o(.text)
    ShowOnlineUpdateKeyLedProc               0x08014ab7   Thumb Code    80  interface.o(.text)
    ClearActionInfo                          0x08015d5d   Thumb Code    18  interface.o(.text)
    InterfaceKeyCertifyPro                   0x08015d6f   Thumb Code   336  interface.o(.text)
    InterfaceKeyNeighborPro                  0x08015ebf   Thumb Code   988  interface.o(.text)
    InterfaceKeyGrpCtrlPro                   0x0801629b   Thumb Code  1066  interface.o(.text)
    InterfaceKeyShuntDownPro                 0x080166c5   Thumb Code   780  interface.o(.text)
    InterfaceActionKeyDownPro                0x080169d1   Thumb Code   936  interface.o(.text)
    InterfaceActionKeyUpPro                  0x08016d79   Thumb Code   904  interface.o(.text)
    InterfaceShiftKeyLongDownPro             0x08017101   Thumb Code   144  interface.o(.text)
    InterfaceStopKeyLongDownPro              0x08017191   Thumb Code    94  interface.o(.text)
    InterfaceGrpActionStartPro               0x080171ef   Thumb Code   730  interface.o(.text)
    InterfacePeriodicProc                    0x08019d71   Thumb Code  1698  interface.o(.text)
    InterfaceTaskStartProc                   0x0801a413   Thumb Code  1054  interface.o(.text)
    Interface_task                           0x0801a831   Thumb Code   162  interface.o(.text)
    ScanKey_task                             0x0801a90d   Thumb Code    64  keyapp.o(.text)
    IWDG_Configuration                       0x0801a951   Thumb Code    34  iwdg.o(.text)
    IWDG_SleepConfiguration                  0x0801a973   Thumb Code    22  iwdg.o(.text)
    IWDG_Feed                                0x0801a989   Thumb Code     8  iwdg.o(.text)
    IWDG_Task                                0x0801a991   Thumb Code    92  iwdg.o(.text)
    InputCmd                                 0x0801b273   Thumb Code    34  interfacemenu.o(.text)
    InputSelItem                             0x0801b295   Thumb Code   452  interfacemenu.o(.text)
    ShowPwdInput                             0x0801bad1   Thumb Code   128  interfacemenu.o(.text)
    ParEdit                                  0x0801bfd5   Thumb Code    34  interfacemenu.o(.text)
    FilterAndAverage                         0x0801c001   Thumb Code    68  battery.o(.text)
    BatteryGetCoulomeData                    0x0801c045   Thumb Code    12  battery.o(.text)
    BatteryGetCoulomeData_D                  0x0801c051   Thumb Code    12  battery.o(.text)
    BatteryGetVoltageTempProc                0x0801c05d   Thumb Code     6  battery.o(.text)
    BatteryGetVoltageTempProc_B              0x0801c063   Thumb Code    22  battery.o(.text)
    BatteryGetVoltageTempProc_D              0x0801c079   Thumb Code    22  battery.o(.text)
    BatteryGetCoulomeStatus                  0x0801c08f   Thumb Code   266  battery.o(.text)
    BatteryGetStatus                         0x0801c199   Thumb Code    12  battery.o(.text)
    BatteryGetAcrBackup                      0x0801c1a5   Thumb Code    12  battery.o(.text)
    BatteryGetVoltBackup                     0x0801c1b1   Thumb Code    12  battery.o(.text)
    BatterySetTotalAcr                       0x0801c1bd   Thumb Code    14  battery.o(.text)
    BatterySetCoulomeData                    0x0801c1cb   Thumb Code    96  battery.o(.text)
    BatteryGetInchargeTimer                  0x0801c22b   Thumb Code    12  battery.o(.text)
    BatteryChongdianPinProc                  0x0801c237   Thumb Code   644  battery.o(.text)
    BatteryVoltageInintProc                  0x0801c4bb   Thumb Code   878  battery.o(.text)
    BatteryVoltageIntegralProc               0x0801c829   Thumb Code  1398  battery.o(.text)
    BatteryVoltageMidProc                    0x0801cd9f   Thumb Code   160  battery.o(.text)
    BatteryVoltageProc                       0x0801ce3f   Thumb Code  1106  battery.o(.text)
    BatteryInit                              0x0801d291   Thumb Code   260  battery.o(.text)
    BatteryMngTask                           0x0801d395   Thumb Code    44  battery.o(.text)
    IrMngInint                               0x0801d431   Thumb Code    46  irmng.o(.text)
    IrSendCalibrateCodeInterface             0x0801d45f   Thumb Code   424  irmng.o(.text)
    IrSendSearchYkqCodeInterface             0x0801d607   Thumb Code   406  irmng.o(.text)
    IrSendSetYkqIdCodeInterface              0x0801d79d   Thumb Code   418  irmng.o(.text)
    IrRecvDataProc                           0x0801d93f   Thumb Code   640  irmng.o(.text)
    IrMngIdleRecvDataProc                    0x0801dbbf   Thumb Code    28  irmng.o(.text)
    IrMngSendDataProc                        0x0801dbdb   Thumb Code   492  irmng.o(.text)
    IrMng_Task                               0x0801ddc7   Thumb Code    58  irmng.o(.text)
    RfidMessageForRfidRcved                  0x0801de1d   Thumb Code    12  rfidmng.o(.text)
    RfidMngSetRecvCallBack                   0x0801de29   Thumb Code    12  rfidmng.o(.text)
    RfidRecvSemCreate                        0x0801de35   Thumb Code    46  rfidmng.o(.text)
    RfidMngInint                             0x0801de63   Thumb Code   256  rfidmng.o(.text)
    RfidGrpAckGetRfidAction                  0x0801df63   Thumb Code    60  rfidmng.o(.text)
    InsUsartTrsQueue                         0x0801df9f   Thumb Code   406  rfidmng.o(.text)
    SendResponseData                         0x0801e135   Thumb Code   320  rfidmng.o(.text)
    RfidTransformTx                          0x0801e275   Thumb Code   256  rfidmng.o(.text)
    RfidMngSendFrame                         0x0801e375   Thumb Code   638  rfidmng.o(.text)
    RfidMngSendDataColibarate                0x0801e5f3   Thumb Code   508  rfidmng.o(.text)
    RfidMngSendDataUnColibarate              0x0801e7ef   Thumb Code   264  rfidmng.o(.text)
    ProtocolTransRx                          0x0801e8f7   Thumb Code   166  rfidmng.o(.text)
    ProtocolTransTx                          0x0801e99d   Thumb Code   306  rfidmng.o(.text)
    RfidMngSendDataKeyDown                   0x0801eacf   Thumb Code   468  rfidmng.o(.text)
    RfidMngNearCtrlReq                       0x0801eca3   Thumb Code   306  rfidmng.o(.text)
    RfidMngSendHeart                         0x0801edd5   Thumb Code   524  rfidmng.o(.text)
    RfidMngSendDataKeyLongDown               0x0801efe1   Thumb Code   452  rfidmng.o(.text)
    RfidMngSendDataKeyUp                     0x0801f1a5   Thumb Code   558  rfidmng.o(.text)
    RfidMngWLTestSend                        0x0801f3d3   Thumb Code   196  rfidmng.o(.text)
    RfidGetDataLimitlessSendFlag             0x0801f497   Thumb Code    66  rfidmng.o(.text)
    RfidSetDataLimitlessSendEnd              0x0801f4d9   Thumb Code    36  rfidmng.o(.text)
    SendSetupToWl                            0x0801f4fd   Thumb Code   146  rfidmng.o(.text)
    HeartBeatCommErrTimer                    0x0801f58f   Thumb Code   190  rfidmng.o(.text)
    SetHeartBeat                             0x0801f64d   Thumb Code   106  rfidmng.o(.text)
    RfidRecvDataProc                         0x0801f6b7   Thumb Code  2126  rfidmng.o(.text)
    RfidRecvWaitTimeoutProc                  0x0801ff05   Thumb Code   222  rfidmng.o(.text)
    RfidRecvInvalidDataProc                  0x0801ffe3   Thumb Code  1468  rfidmng.o(.text)
    UsartSendDataProc                        0x0802059f   Thumb Code   334  rfidmng.o(.text)
    RfidSendDataProc                         0x080206ed   Thumb Code  1268  rfidmng.o(.text)
    RfidUsartMngInint                        0x08020be1   Thumb Code    28  rfidmng.o(.text)
    UsartRecvInvalidDataProc                 0x08020bfd   Thumb Code   122  rfidmng.o(.text)
    RfidMng_Task                             0x08020c77   Thumb Code    96  rfidmng.o(.text)
    Usart_Task                               0x08020cd7   Thumb Code    18  rfidmng.o(.text)
    IapGetPrgStorageAddr                     0x08020d1d   Thumb Code    66  iapupdate.o(.text)
    IapGetPrgSize                            0x08020d5f   Thumb Code    66  iapupdate.o(.text)
    NVIC_DeInit                              0x08020da1   Thumb Code    52  iapupdate.o(.text)
    IapJumpToApp                             0x08020dd5   Thumb Code    48  iapupdate.o(.text)
    IapJumpToBoot                            0x08020e05   Thumb Code    64  iapupdate.o(.text)
    InFlashCrc                               0x08020e45   Thumb Code    42  iapupdate.o(.text)
    Crc16Ccitt                               0x08020e6f   Thumb Code    44  iapupdate.o(.text)
    Delay                                    0x08020e9b   Thumb Code    30  iapupdate.o(.text)
    InFlashErasePage                         0x08020eb9   Thumb Code    64  iapupdate.o(.text)
    InFlashReadBuf                           0x08020ef9   Thumb Code    44  iapupdate.o(.text)
    InFlashWriteBuf                          0x08020f25   Thumb Code   104  iapupdate.o(.text)
    IapExFlashCrc                            0x08020f8d   Thumb Code   102  iapupdate.o(.text)
    IapLoadCode                              0x08020ff3   Thumb Code   232  iapupdate.o(.text)
    IapWriteCodeLen                          0x080210db   Thumb Code    16  iapupdate.o(.text)
    IapReadCodeLen                           0x080210eb   Thumb Code    22  iapupdate.o(.text)
    IapWriteCrc                              0x08021101   Thumb Code    88  iapupdate.o(.text)
    IapReadCrc                               0x08021159   Thumb Code    22  iapupdate.o(.text)
    IapReadFlag                              0x0802116f   Thumb Code    22  iapupdate.o(.text)
    IapFlagSet                               0x08021185   Thumb Code    16  iapupdate.o(.text)
    IapFlagClear                             0x08021195   Thumb Code    16  iapupdate.o(.text)
    IapReadBuf                               0x080211a5   Thumb Code    26  iapupdate.o(.text)
    IapWriteBuf                              0x080211bf   Thumb Code    76  iapupdate.o(.text)
    IapEraserBulk                            0x0802120b   Thumb Code    20  iapupdate.o(.text)
    IapEraserSector                          0x0802121f   Thumb Code    20  iapupdate.o(.text)
    IapLcdClear                              0x08021233   Thumb Code    10  iapupdate.o(.text)
    IapShowStr                               0x0802123d   Thumb Code    28  iapupdate.o(.text)
    BootDateUpdate                           0x08021259   Thumb Code    76  iapupdate.o(.text)
    RfidUpdateMngInint                       0x080212d1   Thumb Code   152  rfidupdate.o(.text)
    RfidUpdateSendPrgData                    0x08021369   Thumb Code   402  rfidupdate.o(.text)
    RfidUpdateSendFrame                      0x080214fb   Thumb Code   102  rfidupdate.o(.text)
    RfidUpdateRecvNoDataProc                 0x08022f2d   Thumb Code   180  rfidupdate.o(.text)
    RfidMng_Update_Task                      0x08022fe1   Thumb Code    92  rfidupdate.o(.text)
    crc16_ccitt                              0x08023075   Thumb Code    42  logic.o(.text)
    LogicSetGrpOffLed                        0x0802309f   Thumb Code    62  logic.o(.text)
    LogicParamSaveProc                       0x080230dd   Thumb Code    40  logic.o(.text)
    LogicParamInint                          0x08023105   Thumb Code   172  logic.o(.text)
    LogicInint                               0x080231b1   Thumb Code    76  logic.o(.text)
    LogicParamApi                            0x08023367   Thumb Code    56  logic.o(.text)
    LogicRunInfApi                           0x080236f9   Thumb Code    54  logic.o(.text)
    RfidUpdateSendPrg                        0x08023c29   Thumb Code   202  logic.o(.text)
    LogicActionInfoSynchroProc               0x08023da1   Thumb Code    48  logic.o(.text)
    LogicShutdownProc                        0x08025409   Thumb Code   538  logic.o(.text)
    LogicPeriodSampleProc                    0x08025623   Thumb Code  1570  logic.o(.text)
    ClearRfidTestShow                        0x08025c45   Thumb Code    86  logic.o(.text)
    Logic_task                               0x08025c9b   Thumb Code   100  logic.o(.text)
    ZZZ_Init                                 0x08025d1d   Thumb Code    10  zzz.o(.text)
    main                                     0x08025da3   Thumb Code    58  main.o(.text)
    NMI_Handler                              0x08025e25   Thumb Code     2  stm32l1xx_it.o(.text)
    HardFault_Handler                        0x08025e27   Thumb Code     4  stm32l1xx_it.o(.text)
    MemManage_Handler                        0x08025e2b   Thumb Code     4  stm32l1xx_it.o(.text)
    BusFault_Handler                         0x08025e2f   Thumb Code     4  stm32l1xx_it.o(.text)
    UsageFault_Handler                       0x08025e33   Thumb Code     4  stm32l1xx_it.o(.text)
    SVC_Handler                              0x08025e37   Thumb Code     2  stm32l1xx_it.o(.text)
    DebugMon_Handler                         0x08025e39   Thumb Code     2  stm32l1xx_it.o(.text)
    SysTick_Handler                          0x08025e3b   Thumb Code    54  stm32l1xx_it.o(.text)
    __aeabi_llsl                             0x08025e79   Thumb Code     0  llshl.o(.text)
    _ll_shift_l                              0x08025e79   Thumb Code    38  llshl.o(.text)
    __aeabi_llsr                             0x08025e9f   Thumb Code     0  llushr.o(.text)
    _ll_ushift_r                             0x08025e9f   Thumb Code    38  llushr.o(.text)
    __2sprintf                               0x08025ec5   Thumb Code    34  noretval__2sprintf.o(.text)
    _printf_pre_padding                      0x08025eed   Thumb Code    44  _printf_pad.o(.text)
    _printf_post_padding                     0x08025f19   Thumb Code    34  _printf_pad.o(.text)
    _printf_str                              0x08025f3b   Thumb Code    82  _printf_str.o(.text)
    _printf_int_dec                          0x08025f8d   Thumb Code   104  _printf_dec.o(.text)
    __printf                                 0x08026005   Thumb Code   270  __printf_wp.o(.text)
    strcpy                                   0x08026113   Thumb Code    72  strcpy.o(.text)
    strlen                                   0x0802615b   Thumb Code    62  strlen.o(.text)
    strcat                                   0x08026199   Thumb Code    24  strcat.o(.text)
    __aeabi_memcpy                           0x080261b1   Thumb Code     0  rt_memcpy_v6.o(.text)
    __rt_memcpy                              0x080261b1   Thumb Code   138  rt_memcpy_v6.o(.text)
    _memcpy_lastbytes                        0x08026217   Thumb Code     0  rt_memcpy_v6.o(.text)
    __aeabi_memmove                          0x0802623b   Thumb Code     0  rt_memmove_v6.o(.text)
    __rt_memmove                             0x0802623b   Thumb Code   132  rt_memmove_v6.o(.text)
    __memmove_lastfew                        0x0802629b   Thumb Code     0  rt_memmove_v6.o(.text)
    __aeabi_memcpy4                          0x080262bf   Thumb Code     0  rt_memcpy_w.o(.text)
    __aeabi_memcpy8                          0x080262bf   Thumb Code     0  rt_memcpy_w.o(.text)
    __rt_memcpy_w                            0x080262bf   Thumb Code   100  rt_memcpy_w.o(.text)
    _memcpy_lastbytes_aligned                0x08026307   Thumb Code     0  rt_memcpy_w.o(.text)
    __aeabi_memset                           0x08026323   Thumb Code    16  aeabi_memset.o(.text)
    __aeabi_memclr                           0x08026333   Thumb Code     0  rt_memclr.o(.text)
    __rt_memclr                              0x08026333   Thumb Code    68  rt_memclr.o(.text)
    _memset                                  0x08026337   Thumb Code     0  rt_memclr.o(.text)
    __aeabi_memclr4                          0x08026377   Thumb Code     0  rt_memclr_w.o(.text)
    __aeabi_memclr8                          0x08026377   Thumb Code     0  rt_memclr_w.o(.text)
    __rt_memclr_w                            0x08026377   Thumb Code    78  rt_memclr_w.o(.text)
    _memset_w                                0x0802637b   Thumb Code     0  rt_memclr_w.o(.text)
    strncpy                                  0x080263c5   Thumb Code    86  strncpy.o(.text)
    strcmp                                   0x0802641d   Thumb Code   128  strcmpv7m.o(.text)
    __use_two_region_memory                  0x0802649d   Thumb Code     2  heapauxi.o(.text)
    __rt_heap_escrow$2region                 0x0802649f   Thumb Code     2  heapauxi.o(.text)
    __rt_heap_expand$2region                 0x080264a1   Thumb Code     2  heapauxi.o(.text)
    _printf_int_common                       0x080264a3   Thumb Code   178  _printf_intcommon.o(.text)
    _printf_char_common                      0x0802655f   Thumb Code    32  _printf_char_common.o(.text)
    _sputc                                   0x08026585   Thumb Code    10  _sputc.o(.text)
    _printf_cs_common                        0x0802658f   Thumb Code    20  _printf_char.o(.text)
    _printf_char                             0x080265a3   Thumb Code    16  _printf_char.o(.text)
    _printf_string                           0x080265b3   Thumb Code     8  _printf_char.o(.text)
    __aeabi_memmove4                         0x080265bb   Thumb Code     0  rt_memmove_w.o(.text)
    __aeabi_memmove8                         0x080265bb   Thumb Code     0  rt_memmove_w.o(.text)
    __rt_memmove_w                           0x080265bb   Thumb Code   122  rt_memmove_w.o(.text)
    __memmove_aligned                        0x080265e1   Thumb Code     0  rt_memmove_w.o(.text)
    __memmove_lastfew_aligned                0x08026619   Thumb Code     0  rt_memmove_w.o(.text)
    __user_setup_stackheap                   0x08026635   Thumb Code    74  sys_stackheap_outer.o(.text)
    exit                                     0x0802667f   Thumb Code    18  exit.o(.text)
    __user_libspace                          0x08026691   Thumb Code     8  libspace.o(.text)
    __user_perproc_libspace                  0x08026691   Thumb Code     0  libspace.o(.text)
    __user_perthread_libspace                0x08026691   Thumb Code     0  libspace.o(.text)
    _sys_exit                                0x08026699   Thumb Code     8  sys_exit.o(.text)
    __I$use$semihosting                      0x080266a5   Thumb Code     0  use_no_semi.o(.text)
    __use_no_semihosting_swi                 0x080266a5   Thumb Code     2  use_no_semi.o(.text)
    __semihosting_library_function           0x080266a7   Thumb Code     0  indicate_semi.o(.text)
    _is_digit                                0x080266a7   Thumb Code    14  __printf_wp.o(i._is_digit)
    OSUnMapTbl                               0x080266b4   Data         256  os_core.o(.constdata)
    ASCII                                    0x080267b4   Data        1600  oled.o(.constdata)
    SpecialSymbol                            0x08026df4   Data         704  oled.o(.constdata)
    s_stKeyLedList                           0x080277a0   Data         136  key.o(.constdata)
    s_stKeyLedList_D                         0x08027828   Data         136  key.o(.constdata)
    uc8Patabel                               0x080278b0   Data           8  rfid_cc1101.o(.constdata)
    st_RfConfigIndex                         0x080278b8   Data          34  rfid_cc1101.o(.constdata)
    s_u8RFOutputPowerCfgTab                  0x080278da   Data           8  rfid_cc1101.o(.constdata)
    s_u8RFCReg_MCSM2                         0x080278e8   Data           2  rfid_cc1101.o(.constdata)
    s_u8RFCReg_MDMCFG4                       0x080278ea   Data           2  rfid_cc1101.o(.constdata)
    s_u8RFCReg_MDMCFG3                       0x080278ec   Data           2  rfid_cc1101.o(.constdata)
    s_u8RFCReg_FSCAL3                        0x080278ee   Data           2  rfid_cc1101.o(.constdata)
    s_u8RFCReg_TEST2                         0x080278f0   Data           2  rfid_cc1101.o(.constdata)
    s_u8RFCReg_TEST1                         0x080278f2   Data           2  rfid_cc1101.o(.constdata)
    s_u8RFCReg_DEVIATN                       0x080278f4   Data           2  rfid_cc1101.o(.constdata)
    u16CrcUsarttab                           0x080278f6   Data         512  uart1.o(.constdata)
    Version                                  0x08027af8   Data          10  interface.o(.constdata)
    u8OperateTittle                          0x08028210   Data          13  interface.o(.constdata)
    u8NoteTittle                             0x080283d7   Data           9  interface.o(.constdata)
    keyTab                                   0x08028898   Data         256  interface.o(.constdata)
    u8OkCancelMsg                            0x08028998   Data          15  interfacemenu.o(.constdata)
    u8UintS                                  0x080289a7   Data           2  interfacemenu.o(.constdata)
    u8UintV                                  0x080289a9   Data           3  interfacemenu.o(.constdata)
    u8EnableDisabled                         0x080289ac   Data          18  interfacemenu.o(.constdata)
    u8YkqAppStation                          0x080289be   Data          36  interfacemenu.o(.constdata)
    u8YkqUpdatePrgMethod                     0x080289e2   Data          18  interfacemenu.o(.constdata)
    u8IR_SENDPrgMethod                       0x080289f4   Data          18  interfacemenu.o(.constdata)
    u8YkqworkoccasionPrgMethod               0x08028a06   Data           9  interfacemenu.o(.constdata)
    s_stLogicParamDefault                    0x080299b8   Data          55  logic.o(.constdata)
    s_stLogicParamDefault_D                  0x080299ef   Data          55  logic.o(.constdata)
    zzz                                      0x08029c26   Data          20  zzz.o(.constdata)
    Region$$Table$$Base                      0x08029c3c   Number         0  anon$$obj.o(Region$$Table)
    Region$$Table$$Limit                     0x08029c5c   Number         0  anon$$obj.o(Region$$Table)
    SystemCoreClock                          0x20000000   Data           4  system_stm32l1xx.o(.data)
    PLLMulTable                              0x20000004   Data           9  system_stm32l1xx.o(.data)
    AHBPrescTable                            0x2000000d   Data          16  system_stm32l1xx.o(.data)
    OSCtxSwCtr                               0x20000038   Data           4  os_core.o(.data)
    OSEventFreeList                          0x2000003c   Data           4  os_core.o(.data)
    OSFlagFreeList                           0x20000040   Data           4  os_core.o(.data)
    OSIntNesting                             0x20000044   Data           1  os_core.o(.data)
    OSLockNesting                            0x20000045   Data           1  os_core.o(.data)
    OSPrioCur                                0x20000046   Data           1  os_core.o(.data)
    OSPrioHighRdy                            0x20000047   Data           1  os_core.o(.data)
    OSRdyGrp                                 0x20000048   Data           1  os_core.o(.data)
    OSRdyTbl                                 0x20000049   Data           4  os_core.o(.data)
    OSRunning                                0x2000004d   Data           1  os_core.o(.data)
    OSTaskCtr                                0x2000004e   Data           1  os_core.o(.data)
    OSIdleCtr                                0x20000050   Data           4  os_core.o(.data)
    OSTCBCur                                 0x20000054   Data           4  os_core.o(.data)
    OSTCBFreeList                            0x20000058   Data           4  os_core.o(.data)
    OSTCBHighRdy                             0x2000005c   Data           4  os_core.o(.data)
    OSTCBList                                0x20000060   Data           4  os_core.o(.data)
    OSTickStepState                          0x20000064   Data           1  os_core.o(.data)
    OSTime                                   0x20000068   Data           4  os_core.o(.data)
    g_u32ID                                  0x20000074   Data           4  bsp.o(.data)
    g_stKeySem                               0x20000094   Data           4  key.o(.data)
    s_u32LedKeyStatus                        0x2000013c   Data           4  keyled.o(.data)
    u8D_typeLedFalg                          0x20000140   Data           1  keyled.o(.data)
    s_stIrRecvd                              0x200001d0   Data           4  uart.o(.data)
    s_u32SendPointer                         0x200001dc   Data           4  ir_send.o(.data)
    s_u16SendCount                           0x200001e0   Data           2  ir_send.o(.data)
    g_stIrSendSem                            0x200001e4   Data           4  ir_send.o(.data)
    vu32GDO2IntFlag                          0x200001f0   Data           4  rfid_cc1101.o(.data)
    vu32GDO0IntFlag                          0x200001f4   Data           4  rfid_cc1101.o(.data)
    st_RfConfig                              0x200001f8   Data          34  rfid_cc1101.o(.data)
    g_u8RFVelocityIdx                        0x2000021a   Data           1  rfid_cc1101.o(.data)
    g_u16RunningMode                         0x2000021c   Data           2  rfid_cc1101.o(.data)
    st_RFChipPar                             0x2000021e   Data           6  rfid_cc1101.o(.data)
    u8RcvLength                              0x20000224   Data           1  rfid_cc1101.o(.data)
    u32RcvFrmPoolWritePtr                    0x20000228   Data           4  rfid_cc1101.o(.data)
    u32RcvFrmPoolReadPtr                     0x2000022c   Data           4  rfid_cc1101.o(.data)
    u32RcvFrmPoolCnt                         0x20000230   Data           4  rfid_cc1101.o(.data)
    vu32CC1101State                          0x20000234   Data           4  rfid_cc1101.o(.data)
    RcvTransMsgProc                          0x20000238   Data           4  rfid_cc1101.o(.data)
    tmpTxWrtPtr                              0x20000258   Data           1  uart1.o(.data)
    USARTKEYRxWrtPtr                         0x20000259   Data           1  uart1.o(.data)
    USARTKEYRxRdPtr                          0x2000025a   Data           1  uart1.o(.data)
    RuningActionCnt                          0x20000268   Data           1  interface.o(.data)
    g_stSemInterface                         0x2000026c   Data           4  interface.o(.data)
    s_u32StartKeyFlag                        0x200002ac   Data           4  interface.o(.data)
    Iwdg_Interface                           0x200002be   Data           2  interface.o(.data)
    u8SwitchColiScNumStatus                  0x200002c0   Data           1  interface.o(.data)
    KEY_SC_GRP_OFF_LED                       0x200002c2   Data           2  interface.o(.data)
    KEY_SC_GRP_SHIFT_OFF_LED                 0x200002c4   Data           2  interface.o(.data)
    InterfaceModeKeyProcFuncs                0x200002d0   Data          80  interface.o(.data)
    HeartTemp                                0x20000320   Data           8  interface.o(.data)
    Iwdg_ScanKey                             0x20000474   Data           2  keyapp.o(.data)
    ParEditStateProcFuncs                    0x20000790   Data          32  interfacemenu.o(.data)
    u16MenuGrpCnt                            0x200007b0   Data           2  interfacemenu.o(.data)
    u16Item1st                               0x200007b2   Data           2  interfacemenu.o(.data)
    u16PwdInputed                            0x200007b4   Data           2  interfacemenu.o(.data)
    u32MenuSearchDevFlag                     0x200007b8   Data           4  interfacemenu.o(.data)
    ActionInformation                        0x200007c4   Data        1856  actioninfoinit.o(.data)
    RfidTestTimer                            0x20000f70   Data           4  rfidmng.o(.data)
    s_u16RfidSendBufWrite                    0x20000f76   Data           2  rfidmng.o(.data)
    s_u16RfidSendBufRead                     0x20000f78   Data           2  rfidmng.o(.data)
    s_u16RfidUsartSendBufWrite               0x20000f86   Data           2  rfidmng.o(.data)
    s_u16RfidUsartSendBufRead                0x20000f88   Data           2  rfidmng.o(.data)
    WlHeartTime                              0x20000f8c   Data           4  rfidmng.o(.data)
    s_stRfidRecvd                            0x20000f90   Data           4  rfidmng.o(.data)
    s_stUsartRecvd                           0x20000f94   Data           4  rfidmng.o(.data)
    s_stUsartSend                            0x20000f98   Data           4  rfidmng.o(.data)
    ACKFrameType                             0x20000f9c   Data           1  rfidmng.o(.data)
    ACKData                                  0x20000f9d   Data           1  rfidmng.o(.data)
    WLUnconnectedFlag                        0x20000f9e   Data           1  rfidmng.o(.data)
    s8RssiSignalInf                          0x20000f9f   Data           1  rfidmng.o(.data)
    s8RssiSignalInftest                      0x20000fa0   Data           1  rfidmng.o(.data)
    s8ScRssiSignal                           0x20000fa1   Data           1  rfidmng.o(.data)
    u16Crc16tab                              0x20000fd0   Data         512  iapupdate.o(.data)
    jumpToApp                                0x200011d0   Data           4  iapupdate.o(.data)
    cachuFlag                                0x200011fc   Data           1  rfidupdate.o(.data)
    RebootSet                                0x200011fd   Data           1  rfidupdate.o(.data)
    RfidUpdateProcFuncs                      0x20001204   Data          24  rfidupdate.o(.data)
    WL_RfidUpdateProcFuncs                   0x2000121c   Data          24  rfidupdate.o(.data)
    ActionInfoSynchroProcFuncs               0x20001234   Data          24  rfidupdate.o(.data)
    IRSEND                                   0x20001264   Data           2  logic.o(.data)
    YKQUpdateStatus                          0x20001268   Data           4  logic.o(.data)
    Iwdg_Logic                               0x2000126c   Data           2  logic.o(.data)
    g_stLogicSem                             0x20001278   Data           4  logic.o(.data)
    s_u32DownProgramType                     0x20001280   Data           4  logic.o(.data)
    s_u32DownProgLength                      0x20001284   Data           4  logic.o(.data)
    s_u32DownProgTotalPacketNumb             0x20001288   Data           4  logic.o(.data)
    s_u32DownProgSendPacketNumb              0x2000128c   Data           4  logic.o(.data)
    s_u32DownProgAddr                        0x20001290   Data           4  logic.o(.data)
    s_u32SendInterval                        0x20001294   Data           4  logic.o(.data)
    s_u32DestDevID                           0x20001298   Data           4  logic.o(.data)
    LogicParamApiProcFuncs                   0x2000129c   Data         240  logic.o(.data)
    LogicRunInfApiProcFuncs                  0x2000138c   Data         208  logic.o(.data)
    LogicStatusProcFuncs                     0x2000145c   Data         104  logic.o(.data)
    OSEventTbl                               0x200014d0   Data         320  os_core.o(.bss)
    OSFlagTbl                                0x20001610   Data         140  os_core.o(.bss)
    OSTaskIdleStk                            0x2000169c   Data         512  os_core.o(.bss)
    OSTCBPrioTbl                             0x2000189c   Data         128  os_core.o(.bss)
    OSTCBTbl                                 0x2000191c   Data        1848  os_core.o(.bss)
    s_u32KeyLedOnTimeSet                     0x2000216c   Data          64  keyled.o(.bss)
    s_u32KeyLedOffTimeSet                    0x200021ac   Data          64  keyled.o(.bss)
    s_u32KeyLedTimer                         0x200021ec   Data          64  keyled.o(.bss)
    s_u16TimeArray                           0x200023bc   Data         138  ir_send.o(.bss)
    u8RcvData                                0x20002446   Data          72  rfid_cc1101.o(.bss)
    st_RFIDRcvFrmPool                        0x2000248e   Data        3400  rfid_cc1101.o(.bss)
    UsartReveiveDataBuf                      0x200031d6   Data         160  uart1.o(.bss)
    USARTKEYRxBuf                            0x20003276   Data        8640  uart1.o(.bss)
    Heart                                    0x20005438   Data          16  interface.o(.bss)
    ActionInfoMsg                            0x20005448   Data         190  interface.o(.bss)
    pMenu                                    0x20005a68   Data          12  interfacemenu.o(.bss)
    stEdit                                   0x20005a74   Data          28  interfacemenu.o(.bss)
    stEditPwd                                0x20005a90   Data          28  interfacemenu.o(.bss)
    s_stRfidUsartSendBuf                     0x20005d68   Data        4050  rfidmng.o(.bss)
    u8tmp_Logic                              0x2000700e   Data          30  logic.o(.bss)
    Appmng_task_stk                          0x200070a0   Data        1024  main.o(.bss)
    Interface_task_stk                       0x200074a0   Data        2048  main.o(.bss)
    ScanKey_task_stk                         0x20007ca0   Data         512  main.o(.bss)
    BatteryMng_task_stk                      0x20007ea0   Data         512  main.o(.bss)
    Iwdg_task_stk                            0x200080a0   Data         256  main.o(.bss)
    Logic_task_stk                           0x200081a0   Data        1024  main.o(.bss)
    IrMng_task_stk                           0x200085a0   Data        1024  main.o(.bss)
    RfidMng_task_stk                         0x200089a0   Data        2048  main.o(.bss)
    Usart_task_stk                           0x200091a0   Data        1024  main.o(.bss)
    __libspace_start                         0x200095a0   Data          96  libspace.o(.bss)
    __temporary_stack_top$libspace           0x20009600   Data           0  libspace.o(.bss)



==============================================================================

Memory Map of the image

  Image Entry point : 0x08008125

  Load Region LR_IROM1 (Base: 0x08008000, Size: 0x0002312c, Max: 0x0002c000, ABSOLUTE, COMPRESSED[0x00022394])

    Execution Region ER_IROM1 (Exec base: 0x08008000, Load base: 0x08008000, Size: 0x00021c5c, Max: 0x0002c000, ABSOLUTE)

    Exec Addr    Load Addr    Size         Type   Attr      Idx    E Section Name        Object

    0x08008000   0x08008000   0x00000124   Data   RO            3    RESET               startup_stm32l1xx_hd.o
    0x08008124   0x08008124   0x00000008   Code   RO         2171  * !!!main             c_w.l(__main.o)
    0x0800812c   0x0800812c   0x00000034   Code   RO         2345    !!!scatter          c_w.l(__scatter.o)
    0x08008160   0x08008160   0x00000064   Code   RO         2343    !!dclz77c           c_w.l(__dclz77c.o)
    0x080081c4   0x080081c4   0x0000001c   Code   RO         2347    !!handler_zi        c_w.l(__scatter_zi.o)
    0x080081e0   0x080081e0   0x00000000   Code   RO         2146    .ARM.Collect$$_printf_percent$$00000000  c_w.l(_printf_percent.o)
    0x080081e0   0x080081e0   0x00000006   Code   RO         2145    .ARM.Collect$$_printf_percent$$00000009  c_w.l(_printf_d.o)
    0x080081e6   0x080081e6   0x00000006   Code   RO         2144    .ARM.Collect$$_printf_percent$$00000014  c_w.l(_printf_s.o)
    0x080081ec   0x080081ec   0x00000004   Code   RO         2182    .ARM.Collect$$_printf_percent$$00000017  c_w.l(_printf_percent_end.o)
    0x080081f0   0x080081f0   0x00000002   Code   RO         2211    .ARM.Collect$$libinit$$00000000  c_w.l(libinit.o)
    0x080081f2   0x080081f2   0x00000000   Code   RO         2218    .ARM.Collect$$libinit$$00000002  c_w.l(libinit2.o)
    0x080081f2   0x080081f2   0x00000000   Code   RO         2220    .ARM.Collect$$libinit$$00000004  c_w.l(libinit2.o)
    0x080081f2   0x080081f2   0x00000000   Code   RO         2223    .ARM.Collect$$libinit$$0000000A  c_w.l(libinit2.o)
    0x080081f2   0x080081f2   0x00000000   Code   RO         2225    .ARM.Collect$$libinit$$0000000C  c_w.l(libinit2.o)
    0x080081f2   0x080081f2   0x00000000   Code   RO         2227    .ARM.Collect$$libinit$$0000000E  c_w.l(libinit2.o)
    0x080081f2   0x080081f2   0x00000000   Code   RO         2230    .ARM.Collect$$libinit$$00000011  c_w.l(libinit2.o)
    0x080081f2   0x080081f2   0x00000000   Code   RO         2232    .ARM.Collect$$libinit$$00000013  c_w.l(libinit2.o)
    0x080081f2   0x080081f2   0x00000000   Code   RO         2234    .ARM.Collect$$libinit$$00000015  c_w.l(libinit2.o)
    0x080081f2   0x080081f2   0x00000000   Code   RO         2236    .ARM.Collect$$libinit$$00000017  c_w.l(libinit2.o)
    0x080081f2   0x080081f2   0x00000000   Code   RO         2238    .ARM.Collect$$libinit$$00000019  c_w.l(libinit2.o)
    0x080081f2   0x080081f2   0x00000000   Code   RO         2240    .ARM.Collect$$libinit$$0000001B  c_w.l(libinit2.o)
    0x080081f2   0x080081f2   0x00000000   Code   RO         2242    .ARM.Collect$$libinit$$0000001D  c_w.l(libinit2.o)
    0x080081f2   0x080081f2   0x00000000   Code   RO         2244    .ARM.Collect$$libinit$$0000001F  c_w.l(libinit2.o)
    0x080081f2   0x080081f2   0x00000000   Code   RO         2246    .ARM.Collect$$libinit$$00000021  c_w.l(libinit2.o)
    0x080081f2   0x080081f2   0x00000000   Code   RO         2248    .ARM.Collect$$libinit$$00000023  c_w.l(libinit2.o)
    0x080081f2   0x080081f2   0x00000000   Code   RO         2250    .ARM.Collect$$libinit$$00000025  c_w.l(libinit2.o)
    0x080081f2   0x080081f2   0x00000000   Code   RO         2254    .ARM.Collect$$libinit$$0000002C  c_w.l(libinit2.o)
    0x080081f2   0x080081f2   0x00000000   Code   RO         2256    .ARM.Collect$$libinit$$0000002E  c_w.l(libinit2.o)
    0x080081f2   0x080081f2   0x00000000   Code   RO         2258    .ARM.Collect$$libinit$$00000030  c_w.l(libinit2.o)
    0x080081f2   0x080081f2   0x00000000   Code   RO         2260    .ARM.Collect$$libinit$$00000032  c_w.l(libinit2.o)
    0x080081f2   0x080081f2   0x00000002   Code   RO         2261    .ARM.Collect$$libinit$$00000033  c_w.l(libinit2.o)
    0x080081f4   0x080081f4   0x00000002   Code   RO         2281    .ARM.Collect$$libshutdown$$00000000  c_w.l(libshutdown.o)
    0x080081f6   0x080081f6   0x00000000   Code   RO         2294    .ARM.Collect$$libshutdown$$00000002  c_w.l(libshutdown2.o)
    0x080081f6   0x080081f6   0x00000000   Code   RO         2296    .ARM.Collect$$libshutdown$$00000004  c_w.l(libshutdown2.o)
    0x080081f6   0x080081f6   0x00000000   Code   RO         2298    .ARM.Collect$$libshutdown$$00000006  c_w.l(libshutdown2.o)
    0x080081f6   0x080081f6   0x00000000   Code   RO         2301    .ARM.Collect$$libshutdown$$00000009  c_w.l(libshutdown2.o)
    0x080081f6   0x080081f6   0x00000000   Code   RO         2304    .ARM.Collect$$libshutdown$$0000000C  c_w.l(libshutdown2.o)
    0x080081f6   0x080081f6   0x00000000   Code   RO         2306    .ARM.Collect$$libshutdown$$0000000E  c_w.l(libshutdown2.o)
    0x080081f6   0x080081f6   0x00000000   Code   RO         2309    .ARM.Collect$$libshutdown$$00000011  c_w.l(libshutdown2.o)
    0x080081f6   0x080081f6   0x00000002   Code   RO         2310    .ARM.Collect$$libshutdown$$00000012  c_w.l(libshutdown2.o)
    0x080081f8   0x080081f8   0x00000000   Code   RO         2173    .ARM.Collect$$rtentry$$00000000  c_w.l(__rtentry.o)
    0x080081f8   0x080081f8   0x00000000   Code   RO         2186    .ARM.Collect$$rtentry$$00000002  c_w.l(__rtentry2.o)
    0x080081f8   0x080081f8   0x00000006   Code   RO         2198    .ARM.Collect$$rtentry$$00000004  c_w.l(__rtentry4.o)
    0x080081fe   0x080081fe   0x00000000   Code   RO         2188    .ARM.Collect$$rtentry$$00000009  c_w.l(__rtentry2.o)
    0x080081fe   0x080081fe   0x00000004   Code   RO         2189    .ARM.Collect$$rtentry$$0000000A  c_w.l(__rtentry2.o)
    0x08008202   0x08008202   0x00000000   Code   RO         2191    .ARM.Collect$$rtentry$$0000000C  c_w.l(__rtentry2.o)
    0x08008202   0x08008202   0x00000008   Code   RO         2192    .ARM.Collect$$rtentry$$0000000D  c_w.l(__rtentry2.o)
    0x0800820a   0x0800820a   0x00000002   Code   RO         2215    .ARM.Collect$$rtexit$$00000000  c_w.l(rtexit.o)
    0x0800820c   0x0800820c   0x00000000   Code   RO         2263    .ARM.Collect$$rtexit$$00000002  c_w.l(rtexit2.o)
    0x0800820c   0x0800820c   0x00000004   Code   RO         2264    .ARM.Collect$$rtexit$$00000003  c_w.l(rtexit2.o)
    0x08008210   0x08008210   0x00000006   Code   RO         2265    .ARM.Collect$$rtexit$$00000004  c_w.l(rtexit2.o)
    0x08008216   0x08008216   0x00000002   PAD
    0x08008218   0x08008218   0x00000040   Code   RO            4    .text               startup_stm32l1xx_hd.o
    0x08008258   0x08008258   0x00000260   Code   RO           13    .text               system_stm32l1xx.o
    0x080084b8   0x080084b8   0x000000e0   Code   RO          144    .text               misc.o
    0x08008598   0x08008598   0x00000534   Code   RO          172    .text               stm32l1xx_adc.o
    0x08008acc   0x08008acc   0x00000254   Code   RO          340    .text               stm32l1xx_dma.o
    0x08008d20   0x08008d20   0x0000010c   Code   RO          364    .text               stm32l1xx_exti.o
    0x08008e2c   0x08008e2c   0x00000838   Code   RO          388    .text               stm32l1xx_flash.o
    0x08009664   0x08009664   0x00000230   Code   RO          436    .text               stm32l1xx_gpio.o
    0x08009894   0x08009894   0x00000040   Code   RO          484    .text               stm32l1xx_iwdg.o
    0x080098d4   0x080098d4   0x00000158   Code   RO          556    .text               stm32l1xx_pwr.o
    0x08009a2c   0x08009a2c   0x00000490   Code   RO          580    .text               stm32l1xx_rcc.o
    0x08009ebc   0x08009ebc   0x000002fc   Code   RO          654    .text               stm32l1xx_spi.o
    0x0800a1b8   0x0800a1b8   0x000002e8   Code   RO          678    .text               stm32l1xx_syscfg.o
    0x0800a4a0   0x0800a4a0   0x000003f8   Code   RO          702    .text               stm32l1xx_usart.o
    0x0800a898   0x0800a898   0x00000a0c   Code   RO          750    .text               stm32l1xx_tim.o
    0x0800b2a4   0x0800b2a4   0x000007a4   Code   RO          771    .text               os_core.o
    0x0800ba48   0x0800ba48   0x00000838   Code   RO          800    .text               os_flag.o
    0x0800c280   0x0800c280   0x00000610   Code   RO          834    .text               os_mutex.o
    0x0800c890   0x0800c890   0x000003b8   Code   RO          852    .text               os_sem.o
    0x0800cc48   0x0800cc48   0x000006d8   Code   RO          864    .text               os_task.o
    0x0800d320   0x0800d320   0x000001c0   Code   RO          876    .text               os_time.o
    0x0800d4e0   0x0800d4e0   0x000000ac   Code   RO          894    .text               os_cpu_c.o
    0x0800d58c   0x0800d58c   0x000000a4   Code   RO          922    .text               os_cpu_a.o
    0x0800d630   0x0800d630   0x000000dc   Code   RO          928    .text               bsp.o
    0x0800d70c   0x0800d70c   0x0000005c   Code   RO         1074    .text               driver.o
    0x0800d768   0x0800d768   0x000002d0   Code   RO         1104    .text               adc.o
    0x0800da38   0x0800da38   0x000007bc   Code   RO         1131    .text               oled.o
    0x0800e1f4   0x0800e1f4   0x000000a4   Code   RO         1162    .text               pwr.o
    0x0800e298   0x0800e298   0x000001e0   Code   RO         1188    .text               led.o
    0x0800e478   0x0800e478   0x00000d98   Code   RO         1214    .text               key.o
    0x0800f210   0x0800f210   0x00000530   Code   RO         1250    .text               keyled.o
    0x0800f740   0x0800f740   0x0000028c   Code   RO         1298    .text               uart.o
    0x0800f9cc   0x0800f9cc   0x0000057c   Code   RO         1329    .text               ir_send.o
    0x0800ff48   0x0800ff48   0x0000004c   Code   RO         1357    .text               input.o
    0x0800ff94   0x0800ff94   0x000000d4   Code   RO         1383    .text               rfid_driver.o
    0x08010068   0x08010068   0x00000b8c   Code   RO         1418    .text               rfid_cc1101.o
    0x08010bf4   0x08010bf4   0x00000224   Code   RO         1522    .text               eepromarm.o
    0x08010e18   0x08010e18   0x00000078   Code   RO         1548    .text               ncio.o
    0x08010e90   0x08010e90   0x000004dc   Code   RO         1574    .text               uart1.o
    0x0801136c   0x0801136c   0x0000006c   Code   RO         1604    .text               timer.o
    0x080113d8   0x080113d8   0x00009534   Code   RO         1630    .text               interface.o
    0x0801a90c   0x0801a90c   0x00000044   Code   RO         1689    .text               keyapp.o
    0x0801a950   0x0801a950   0x000000a8   Code   RO         1716    .text               iwdg.o
    0x0801a9f8   0x0801a9f8   0x00001608   Code   RO         1743    .text               interfacemenu.o
    0x0801c000   0x0801c000   0x00001430   Code   RO         1824    .text               battery.o
    0x0801d430   0x0801d430   0x000009ec   Code   RO         1852    .text               irmng.o
    0x0801de1c   0x0801de1c   0x00002f00   Code   RO         1880    .text               rfidmng.o
    0x08020d1c   0x08020d1c   0x000005b4   Code   RO         1923    .text               iapupdate.o
    0x080212d0   0x080212d0   0x00001da4   Code   RO         1962    .text               rfidupdate.o
    0x08023074   0x08023074   0x00002ca8   Code   RO         1991    .text               logic.o
    0x08025d1c   0x08025d1c   0x00000010   Code   RO         2024    .text               zzz.o
    0x08025d2c   0x08025d2c   0x000000f8   Code   RO         2052    .text               main.o
    0x08025e24   0x08025e24   0x00000054   Code   RO         2080    .text               stm32l1xx_it.o
    0x08025e78   0x08025e78   0x00000026   Code   RO         2108    .text               c_w.l(llshl.o)
    0x08025e9e   0x08025e9e   0x00000026   Code   RO         2110    .text               c_w.l(llushr.o)
    0x08025ec4   0x08025ec4   0x00000028   Code   RO         2114    .text               c_w.l(noretval__2sprintf.o)
    0x08025eec   0x08025eec   0x0000004e   Code   RO         2118    .text               c_w.l(_printf_pad.o)
    0x08025f3a   0x08025f3a   0x00000052   Code   RO         2120    .text               c_w.l(_printf_str.o)
    0x08025f8c   0x08025f8c   0x00000078   Code   RO         2122    .text               c_w.l(_printf_dec.o)
    0x08026004   0x08026004   0x0000010e   Code   RO         2132    .text               c_w.l(__printf_wp.o)
    0x08026112   0x08026112   0x00000048   Code   RO         2147    .text               c_w.l(strcpy.o)
    0x0802615a   0x0802615a   0x0000003e   Code   RO         2149    .text               c_w.l(strlen.o)
    0x08026198   0x08026198   0x00000018   Code   RO         2151    .text               c_w.l(strcat.o)
    0x080261b0   0x080261b0   0x0000008a   Code   RO         2153    .text               c_w.l(rt_memcpy_v6.o)
    0x0802623a   0x0802623a   0x00000084   Code   RO         2155    .text               c_w.l(rt_memmove_v6.o)
    0x080262be   0x080262be   0x00000064   Code   RO         2157    .text               c_w.l(rt_memcpy_w.o)
    0x08026322   0x08026322   0x00000010   Code   RO         2159    .text               c_w.l(aeabi_memset.o)
    0x08026332   0x08026332   0x00000044   Code   RO         2161    .text               c_w.l(rt_memclr.o)
    0x08026376   0x08026376   0x0000004e   Code   RO         2163    .text               c_w.l(rt_memclr_w.o)
    0x080263c4   0x080263c4   0x00000056   Code   RO         2165    .text               c_w.l(strncpy.o)
    0x0802641a   0x0802641a   0x00000002   PAD
    0x0802641c   0x0802641c   0x00000080   Code   RO         2167    .text               c_w.l(strcmpv7m.o)
    0x0802649c   0x0802649c   0x00000006   Code   RO         2169    .text               c_w.l(heapauxi.o)
    0x080264a2   0x080264a2   0x000000b2   Code   RO         2174    .text               c_w.l(_printf_intcommon.o)
    0x08026554   0x08026554   0x00000030   Code   RO         2176    .text               c_w.l(_printf_char_common.o)
    0x08026584   0x08026584   0x0000000a   Code   RO         2178    .text               c_w.l(_sputc.o)
    0x0802658e   0x0802658e   0x0000002c   Code   RO         2180    .text               c_w.l(_printf_char.o)
    0x080265ba   0x080265ba   0x0000007a   Code   RO         2183    .text               c_w.l(rt_memmove_w.o)
    0x08026634   0x08026634   0x0000004a   Code   RO         2202    .text               c_w.l(sys_stackheap_outer.o)
    0x0802667e   0x0802667e   0x00000012   Code   RO         2204    .text               c_w.l(exit.o)
    0x08026690   0x08026690   0x00000008   Code   RO         2212    .text               c_w.l(libspace.o)
    0x08026698   0x08026698   0x0000000c   Code   RO         2273    .text               c_w.l(sys_exit.o)
    0x080266a4   0x080266a4   0x00000002   Code   RO         2284    .text               c_w.l(use_no_semi.o)
    0x080266a6   0x080266a6   0x00000000   Code   RO         2286    .text               c_w.l(indicate_semi.o)
    0x080266a6   0x080266a6   0x0000000e   Code   RO         2134    i._is_digit         c_w.l(__printf_wp.o)
    0x080266b4   0x080266b4   0x00000100   Data   RO          773    .constdata          os_core.o
    0x080267b4   0x080267b4   0x00000900   Data   RO         1132    .constdata          oled.o
    0x080270b4   0x080270b4   0x00000004   PAD
    0x080270b8   0x080270b8   0x000007f8   Data   RO         1216    .constdata          key.o
    0x080278b0   0x080278b0   0x00000046   Data   RO         1420    .constdata          rfid_cc1101.o
    0x080278f6   0x080278f6   0x00000200   Data   RO         1576    .constdata          uart1.o
    0x08027af6   0x08027af6   0x00000002   PAD
    0x08027af8   0x08027af8   0x00000ea0   Data   RO         1632    .constdata          interface.o
    0x08028998   0x08028998   0x00000300   Data   RO         1745    .constdata          interfacemenu.o
    0x08028c98   0x08028c98   0x0000039a   Data   RO         1826    .constdata          battery.o
    0x08029032   0x08029032   0x00000002   PAD
    0x08029034   0x08029034   0x000000a8   Data   RO         1882    .constdata          rfidmng.o
    0x080290dc   0x080290dc   0x000001f0   Data   RO         1925    .constdata          iapupdate.o
    0x080292cc   0x080292cc   0x00000004   PAD
    0x080292d0   0x080292d0   0x00000956   Data   RO         1993    .constdata          logic.o
    0x08029c26   0x08029c26   0x00000014   Data   RO         2025    .constdata          zzz.o
    0x08029c3a   0x08029c3a   0x00000002   PAD
    0x08029c3c   0x08029c3c   0x00000020   Data   RO         2341    Region$$Table       anon$$obj.o


    Execution Region RW_IRAM1 (Exec base: 0x20000000, Load base: 0x08029c5c, Size: 0x00009c00, Max: 0x0000c000, ABSOLUTE, COMPRESSED[0x00000738])

    Exec Addr    Load Addr    Size         Type   Attr      Idx    E Section Name        Object

    0x20000000   COMPRESSED   0x0000001d   Data   RW           14    .data               system_stm32l1xx.o
    0x2000001d   COMPRESSED   0x00000019   Data   RW          581    .data               stm32l1xx_rcc.o
    0x20000036   COMPRESSED   0x00000002   PAD
    0x20000038   COMPRESSED   0x00000034   Data   RW          774    .data               os_core.o
    0x2000006c   COMPRESSED   0x0000000c   Data   RW          929    .data               bsp.o
    0x20000078   COMPRESSED   0x0000000c   Data   RW         1189    .data               led.o
    0x20000084   COMPRESSED   0x000000b0   Data   RW         1217    .data               key.o
    0x20000134   COMPRESSED   0x00000082   Data   RW         1252    .data               keyled.o
    0x200001b6   COMPRESSED   0x00000002   PAD
    0x200001b8   COMPRESSED   0x0000001c   Data   RW         1300    .data               uart.o
    0x200001d4   COMPRESSED   0x00000014   Data   RW         1331    .data               ir_send.o
    0x200001e8   COMPRESSED   0x0000005c   Data   RW         1421    .data               rfid_cc1101.o
    0x20000244   COMPRESSED   0x0000000c   Data   RW         1523    .data               eepromarm.o
    0x20000250   COMPRESSED   0x0000000e   Data   RW         1577    .data               uart1.o
    0x2000025e   COMPRESSED   0x00000002   PAD
    0x20000260   COMPRESSED   0x0000020c   Data   RW         1633    .data               interface.o
    0x2000046c   COMPRESSED   0x0000000a   Data   RW         1690    .data               keyapp.o
    0x20000476   COMPRESSED   0x00000002   PAD
    0x20000478   COMPRESSED   0x00000344   Data   RW         1746    .data               interfacemenu.o
    0x200007bc   COMPRESSED   0x00000748   Data   RW         1803    .data               actioninfoinit.o
    0x20000f04   COMPRESSED   0x00000052   Data   RW         1827    .data               battery.o
    0x20000f56   COMPRESSED   0x00000002   PAD
    0x20000f58   COMPRESSED   0x0000000c   Data   RW         1854    .data               irmng.o
    0x20000f64   COMPRESSED   0x00000004   PAD
    0x20000f68   COMPRESSED   0x00000060   Data   RW         1883    .data               rfidmng.o
    0x20000fc8   COMPRESSED   0x0000020c   Data   RW         1926    .data               iapupdate.o
    0x200011d4   COMPRESSED   0x00000088   Data   RW         1964    .data               rfidupdate.o
    0x2000125c   COMPRESSED   0x00000268   Data   RW         1994    .data               logic.o
    0x200014c4   COMPRESSED   0x0000000c   Data   RW         2081    .data               stm32l1xx_it.o
    0x200014d0        -       0x00000b84   Zero   RW          772    .bss                os_core.o
    0x20002054        -       0x00000078   Zero   RW         1105    .bss                adc.o
    0x200020cc        -       0x000000a0   Zero   RW         1215    .bss                key.o
    0x2000216c        -       0x000000c0   Zero   RW         1251    .bss                keyled.o
    0x2000222c        -       0x00000190   Zero   RW         1299    .bss                uart.o
    0x200023bc        -       0x0000008a   Zero   RW         1330    .bss                ir_send.o
    0x20002446        -       0x00000d90   Zero   RW         1419    .bss                rfid_cc1101.o
    0x200031d6        -       0x00002260   Zero   RW         1575    .bss                uart1.o
    0x20005436   COMPRESSED   0x00000002   PAD
    0x20005438        -       0x00000630   Zero   RW         1631    .bss                interface.o
    0x20005a68        -       0x00000044   Zero   RW         1744    .bss                interfacemenu.o
    0x20005aac        -       0x0000003c   Zero   RW         1825    .bss                battery.o
    0x20005ae8        -       0x00000064   Zero   RW         1853    .bss                irmng.o
    0x20005b4c        -       0x00001278   Zero   RW         1881    .bss                rfidmng.o
    0x20006dc4        -       0x00000080   Zero   RW         1924    .bss                iapupdate.o
    0x20006e44        -       0x000001ca   Zero   RW         1963    .bss                rfidupdate.o
    0x2000700e        -       0x00000092   Zero   RW         1992    .bss                logic.o
    0x200070a0        -       0x00002500   Zero   RW         2053    .bss                main.o
    0x200095a0        -       0x00000060   Zero   RW         2213    .bss                c_w.l(libspace.o)
    0x20009600        -       0x00000200   Zero   RW            2    HEAP                startup_stm32l1xx_hd.o
    0x20009800        -       0x00000400   Zero   RW            1    STACK               startup_stm32l1xx_hd.o


==============================================================================

Image component sizes


      Code (inc. data)   RO Data    RW Data    ZI Data      Debug   Object Name

         0          0          0       1864          0        276   actioninfoinit.o
       720         20          0          0        120       2442   adc.o
      5168        396        922         82         60      10105   battery.o
       220         16          0         12          0      62657   bsp.o
        92          4          0          0          0        514   driver.o
       548         12          0         12          0       3140   eepromarm.o
      1460        116        496        524        128      43862   iapupdate.o
        76          6          0          0          0       1062   input.o
     38196       1842       3744        524       1584      69989   interface.o
      5640        186        768        836         68      11233   interfacemenu.o
      1404         68          0         20        138       3704   ir_send.o
      2540         60          0         12        100       4218   irmng.o
       168         12          0          0          0        941   iwdg.o
      3480        190       2040        176        160      13213   key.o
        68          4          0         10          0        838   keyapp.o
      1328         70          0        130        192       4511   keyled.o
       480          8          0         12          0       1409   led.o
     11432        564       2390        616        146      48108   logic.o
       248         72          0          0       9472       1725   main.o
       224         20          0          0          0       1889   misc.o
       120          8          0          0          0        547   ncio.o
      1980         36       2304          0          0       6953   oled.o
      1956        164        256         52       2948      16651   os_core.o
       164         32          0          0          0        316   os_cpu_a.o
       172          0          0          0          0      11309   os_cpu_c.o
      2104         38          0          0          0      15668   os_flag.o
      1552         40          0          0          0       4598   os_mutex.o
       952         16          0          0          0       4062   os_sem.o
      1752         60          0          0          0       6637   os_task.o
       448         26          0          0          0       1890   os_time.o
       164          8          0          0          0        582   pwr.o
      2956        152         70         92       3472      18833   rfid_cc1101.o
       212          4          0          0          0       7440   rfid_driver.o
     12032        400        168         96       4728      37290   rfidmng.o
      7588        500          0        136        458      13265   rfidupdate.o
        64         26        292          0       1536        836   startup_stm32l1xx_hd.o
      1332         20          0          0          0      10974   stm32l1xx_adc.o
       596          8          0          0          0       4458   stm32l1xx_dma.o
       268          4          0          0          0       2311   stm32l1xx_exti.o
      2104         50          0          0          0      11897   stm32l1xx_flash.o
       560         32          0          0          0       4065   stm32l1xx_gpio.o
        84          8          0         12          0       1443   stm32l1xx_it.o
        64          6          0          0          0       1313   stm32l1xx_iwdg.o
       344         14          0          0          0       4132   stm32l1xx_pwr.o
      1168         40          0         25          0       9593   stm32l1xx_rcc.o
       764         12          0          0          0       6106   stm32l1xx_spi.o
       744          8          0          0          0       3316   stm32l1xx_syscfg.o
      2572         32          0          0          0      20736   stm32l1xx_tim.o
      1016         20          0          0          0       7756   stm32l1xx_usart.o
       608         50          0         29          0     272255   system_stm32l1xx.o
       108          4          0          0          0        648   timer.o
       652         48          0         28        400       2991   uart.o
      1244         88        512         14       8800       3514   uart1.o
        16          6         20          0          0        961   zzz.o

    ----------------------------------------------------------------------
    121952       5626      14028       5328      34512     801182   Object Totals
         0          0         32          0          0          0   (incl. Generated)
         0          0         14         14          2          0   (incl. Padding)

    ----------------------------------------------------------------------

      Code (inc. data)   RO Data    RW Data    ZI Data      Debug   Library Member Name

       100          0          0          0          0          0   __dclz77c.o
         8          0          0          0          0         68   __main.o
       284          0          0          0          0        156   __printf_wp.o
         0          0          0          0          0          0   __rtentry.o
        12          0          0          0          0          0   __rtentry2.o
         6          0          0          0          0          0   __rtentry4.o
        52          8          0          0          0          0   __scatter.o
        28          0          0          0          0          0   __scatter_zi.o
        44          0          0          0          0        108   _printf_char.o
        48          6          0          0          0         96   _printf_char_common.o
         6          0          0          0          0          0   _printf_d.o
       120         16          0          0          0         92   _printf_dec.o
       178          0          0          0          0         88   _printf_intcommon.o
        78          0          0          0          0        108   _printf_pad.o
         0          0          0          0          0          0   _printf_percent.o
         4          0          0          0          0          0   _printf_percent_end.o
         6          0          0          0          0          0   _printf_s.o
        82          0          0          0          0         80   _printf_str.o
        10          0          0          0          0         68   _sputc.o
        16          0          0          0          0         68   aeabi_memset.o
        18          0          0          0          0         80   exit.o
         6          0          0          0          0        152   heapauxi.o
         0          0          0          0          0          0   indicate_semi.o
         2          0          0          0          0          0   libinit.o
         2          0          0          0          0          0   libinit2.o
         2          0          0          0          0          0   libshutdown.o
         2          0          0          0          0          0   libshutdown2.o
         8          4          0          0         96         68   libspace.o
        38          0          0          0          0         68   llshl.o
        38          0          0          0          0         68   llushr.o
        40          6          0          0          0         84   noretval__2sprintf.o
        68          0          0          0          0         68   rt_memclr.o
        78          0          0          0          0         80   rt_memclr_w.o
       138          0          0          0          0         68   rt_memcpy_v6.o
       100          0          0          0          0         80   rt_memcpy_w.o
       132          0          0          0          0         68   rt_memmove_v6.o
       122          0          0          0          0         80   rt_memmove_w.o
         2          0          0          0          0          0   rtexit.o
        10          0          0          0          0          0   rtexit2.o
        24          0          0          0          0         68   strcat.o
       128          0          0          0          0         68   strcmpv7m.o
        72          0          0          0          0         80   strcpy.o
        62          0          0          0          0         76   strlen.o
        86          0          0          0          0         76   strncpy.o
        12          4          0          0          0         68   sys_exit.o
        74          0          0          0          0         80   sys_stackheap_outer.o
         2          0          0          0          0         68   use_no_semi.o

    ----------------------------------------------------------------------
      2352         44          0          0         96       2480   Library Totals
         4          0          0          0          0          0   (incl. Padding)

    ----------------------------------------------------------------------

      Code (inc. data)   RO Data    RW Data    ZI Data      Debug   Library Name

      2348         44          0          0         96       2480   c_w.l

    ----------------------------------------------------------------------
      2352         44          0          0         96       2480   Library Totals

    ----------------------------------------------------------------------

==============================================================================


      Code (inc. data)   RO Data    RW Data    ZI Data      Debug   

    124304       5670      14028       5328      34608     797470   Grand Totals
    124304       5670      14028       1848      34608     797470   ELF Image Totals (compressed)
    124304       5670      14028       1848          0          0   ROM Totals

==============================================================================

    Total RO  Size (Code + RO Data)               138332 ( 135.09kB)
    Total RW  Size (RW Data + ZI Data)             39936 (  39.00kB)
    Total ROM Size (Code + RO Data + RW Data)     140180 ( 136.89kB)

==============================================================================

